Component: ARM Compiler 5.06 update 6 (build 750) Tool: armlink [4d35ed]

==============================================================================

Section Cross References

    startup_stm32f407xx.o(RESET) refers to startup_stm32f407xx.o(STACK) for __initial_sp
    startup_stm32f407xx.o(RESET) refers to startup_stm32f407xx.o(.text) for Reset_Handler
    startup_stm32f407xx.o(RESET) refers to stm32f4xx_it.o(i.MemManage_Handler) for MemManage_Handler
    startup_stm32f407xx.o(RESET) refers to stm32f4xx_it.o(i.BusFault_Handler) for BusFault_Handler
    startup_stm32f407xx.o(RESET) refers to stm32f4xx_it.o(i.UsageFault_Handler) for UsageFault_Handler
    startup_stm32f407xx.o(RESET) refers to stm32f4xx_it.o(i.SVC_Handler) for SVC_Handler
    startup_stm32f407xx.o(RESET) refers to stm32f4xx_it.o(i.DebugMon_Handler) for DebugMon_Handler
    startup_stm32f407xx.o(RESET) refers to stm32f4xx_it.o(i.PendSV_Handler) for PendSV_Handler
    startup_stm32f407xx.o(RESET) refers to stm32f4xx_it.o(i.SysTick_Handler) for SysTick_Handler
    startup_stm32f407xx.o(RESET) refers to stm32f4xx_it.o(i.EXTI0_IRQHandler) for EXTI0_IRQHandler
    startup_stm32f407xx.o(RESET) refers to stm32f4xx_it.o(i.EXTI1_IRQHandler) for EXTI1_IRQHandler
    startup_stm32f407xx.o(RESET) refers to stm32f4xx_it.o(i.I2C1_EV_IRQHandler) for I2C1_EV_IRQHandler
    startup_stm32f407xx.o(RESET) refers to stm32f4xx_it.o(i.I2C1_ER_IRQHandler) for I2C1_ER_IRQHandler
    startup_stm32f407xx.o(RESET) refers to stm32f4xx_it.o(i.USART3_IRQHandler) for USART3_IRQHandler
    startup_stm32f407xx.o(.text) refers to system_stm32f4xx.o(i.SystemInit) for SystemInit
    startup_stm32f407xx.o(.text) refers to entry.o(.ARM.Collect$$$$00000000) for __main
    main.o(i.MX_GPIO_Init) refers to memseta.o(.text) for __aeabi_memclr4
    main.o(i.MX_GPIO_Init) refers to stm32f4xx_hal_gpio.o(i.HAL_GPIO_WritePin) for HAL_GPIO_WritePin
    main.o(i.MX_GPIO_Init) refers to stm32f4xx_hal_gpio.o(i.HAL_GPIO_Init) for HAL_GPIO_Init
    main.o(i.MX_GPIO_Init) refers to stm32f4xx_hal_cortex.o(i.HAL_NVIC_SetPriority) for HAL_NVIC_SetPriority
    main.o(i.MX_GPIO_Init) refers to stm32f4xx_hal_cortex.o(i.HAL_NVIC_EnableIRQ) for HAL_NVIC_EnableIRQ
    main.o(i.MX_TIM2_Init) refers to memseta.o(.text) for __aeabi_memclr4
    main.o(i.MX_TIM2_Init) refers to stm32f4xx_hal_tim.o(i.HAL_TIM_Base_Init) for HAL_TIM_Base_Init
    main.o(i.MX_TIM2_Init) refers to stm32f4xx_hal_tim.o(i.HAL_TIM_IC_Init) for HAL_TIM_IC_Init
    main.o(i.MX_TIM2_Init) refers to stm32f4xx_hal_tim.o(i.HAL_TIM_SlaveConfigSynchro) for HAL_TIM_SlaveConfigSynchro
    main.o(i.MX_TIM2_Init) refers to stm32f4xx_hal_tim_ex.o(i.HAL_TIMEx_MasterConfigSynchronization) for HAL_TIMEx_MasterConfigSynchronization
    main.o(i.MX_TIM2_Init) refers to stm32f4xx_hal_tim.o(i.HAL_TIM_IC_ConfigChannel) for HAL_TIM_IC_ConfigChannel
    main.o(i.MX_TIM2_Init) refers to main.o(.bss) for .bss
    main.o(i.MX_TIM3_Init) refers to memseta.o(.text) for __aeabi_memclr4
    main.o(i.MX_TIM3_Init) refers to stm32f4xx_hal_tim.o(i.HAL_TIM_Base_Init) for HAL_TIM_Base_Init
    main.o(i.MX_TIM3_Init) refers to stm32f4xx_hal_tim.o(i.HAL_TIM_IC_Init) for HAL_TIM_IC_Init
    main.o(i.MX_TIM3_Init) refers to stm32f4xx_hal_tim.o(i.HAL_TIM_SlaveConfigSynchro) for HAL_TIM_SlaveConfigSynchro
    main.o(i.MX_TIM3_Init) refers to stm32f4xx_hal_tim_ex.o(i.HAL_TIMEx_MasterConfigSynchronization) for HAL_TIMEx_MasterConfigSynchronization
    main.o(i.MX_TIM3_Init) refers to stm32f4xx_hal_tim.o(i.HAL_TIM_IC_ConfigChannel) for HAL_TIM_IC_ConfigChannel
    main.o(i.MX_TIM3_Init) refers to main.o(.bss) for .bss
    main.o(i.MX_TIM9_Init) refers to memseta.o(.text) for __aeabi_memclr4
    main.o(i.MX_TIM9_Init) refers to stm32f4xx_hal_tim.o(i.HAL_TIM_PWM_Init) for HAL_TIM_PWM_Init
    main.o(i.MX_TIM9_Init) refers to stm32f4xx_hal_tim.o(i.HAL_TIM_PWM_ConfigChannel) for HAL_TIM_PWM_ConfigChannel
    main.o(i.MX_TIM9_Init) refers to stm32f4xx_hal_msp.o(i.HAL_TIM_MspPostInit) for HAL_TIM_MspPostInit
    main.o(i.MX_TIM9_Init) refers to main.o(.bss) for .bss
    main.o(i.SystemClock_Config) refers to memseta.o(.text) for __aeabi_memclr4
    main.o(i.SystemClock_Config) refers to stm32f4xx_hal_rcc.o(i.HAL_RCC_OscConfig) for HAL_RCC_OscConfig
    main.o(i.SystemClock_Config) refers to stm32f4xx_hal_rcc.o(i.HAL_RCC_ClockConfig) for HAL_RCC_ClockConfig
    main.o(i.main) refers to stm32f4xx_hal.o(i.HAL_Init) for HAL_Init
    main.o(i.main) refers to main.o(i.SystemClock_Config) for SystemClock_Config
    main.o(i.main) refers to main.o(i.MX_GPIO_Init) for MX_GPIO_Init
    main.o(i.main) refers to stm32f4xx_hal_uart.o(i.HAL_UART_Init) for HAL_UART_Init
    main.o(i.main) refers to stm32f4xx_hal_i2c.o(i.HAL_I2C_Init) for HAL_I2C_Init
    main.o(i.main) refers to main.o(i.MX_TIM3_Init) for MX_TIM3_Init
    main.o(i.main) refers to main.o(i.MX_TIM9_Init) for MX_TIM9_Init
    main.o(i.main) refers to main.o(i.MX_TIM2_Init) for MX_TIM2_Init
[...]
    i.HAL_I2C_MasterTxCpltCallback           0x08002078   Section        0  stm32f4xx_hal_i2c.o(i.HAL_I2C_MasterTxCpltCallback)
    i.HAL_I2C_MemRxCpltCallback              0x0800207a   Section        0  stm32f4xx_hal_i2c.o(i.HAL_I2C_MemRxCpltCallback)
    i.HAL_I2C_MemTxCpltCallback              0x0800207c   Section        0  stm32f4xx_hal_i2c.o(i.HAL_I2C_MemTxCpltCallback)
    i.HAL_I2C_MspInit                        0x08002080   Section        0  stm32f4xx_hal_msp.o(i.HAL_I2C_MspInit)
    i.HAL_I2C_SlaveRxCpltCallback            0x0800210c   Section        0  stm32f4xx_hal_i2c.o(i.HAL_I2C_SlaveRxCpltCallback)
    i.HAL_I2C_SlaveTxCpltCallback            0x0800210e   Section        0  stm32f4xx_hal_i2c.o(i.HAL_I2C_SlaveTxCpltCallback)
    i.HAL_IncTick                            0x08002110   Section        0  stm32f4xx_hal.o(i.HAL_IncTick)
    i.HAL_Init                               0x08002120   Section        0  stm32f4xx_hal.o(i.HAL_Init)
    i.HAL_InitTick                           0x08002154   Section        0  stm32f4xx_hal.o(i.HAL_InitTick)
    i.HAL_MspInit                            0x08002194   Section        0  stm32f4xx_hal_msp.o(i.HAL_MspInit)
    i.HAL_NVIC_EnableIRQ                     0x080021c8   Section        0  stm32f4xx_hal_cortex.o(i.HAL_NVIC_EnableIRQ)
    i.HAL_NVIC_SetPriority                   0x080021e4   Section        0  stm32f4xx_hal_cortex.o(i.HAL_NVIC_SetPriority)
    i.HAL_NVIC_SetPriorityGrouping           0x08002224   Section        0  stm32f4xx_hal_cortex.o(i.HAL_NVIC_SetPriorityGrouping)
    i.HAL_RCC_ClockConfig                    0x08002248   Section        0  stm32f4xx_hal_rcc.o(i.HAL_RCC_ClockConfig)
    i.HAL_RCC_GetPCLK1Freq                   0x0800237c   Section        0  stm32f4xx_hal_rcc.o(i.HAL_RCC_GetPCLK1Freq)
    i.HAL_RCC_GetPCLK2Freq                   0x0800239c   Section        0  stm32f4xx_hal_rcc.o(i.HAL_RCC_GetPCLK2Freq)
    i.HAL_RCC_GetSysClockFreq                0x080023bc   Section        0  stm32f4xx_hal_rcc.o(i.HAL_RCC_GetSysClockFreq)
    i.HAL_RCC_OscConfig                      0x0800241c   Section        0  stm32f4xx_hal_rcc.o(i.HAL_RCC_OscConfig)
    i.HAL_SYSTICK_Config                     0x08002778   Section        0  stm32f4xx_hal_cortex.o(i.HAL_SYSTICK_Config)
    i.HAL_TIMEx_MasterConfigSynchronization  0x080027a0   Section        0  stm32f4xx_hal_tim_ex.o(i.HAL_TIMEx_MasterConfigSynchronization)
    i.HAL_TIM_Base_Init                      0x08002830   Section        0  stm32f4xx_hal_tim.o(i.HAL_TIM_Base_Init)
    i.HAL_TIM_Base_MspInit                   0x08002868   Section        0  stm32f4xx_hal_msp.o(i.HAL_TIM_Base_MspInit)
    i.HAL_TIM_GenerateEvent                  0x0800290c   Section        0  stm32f4xx_hal_tim.o(i.HAL_TIM_GenerateEvent)
    i.HAL_TIM_IC_ConfigChannel               0x08002934   Section        0  stm32f4xx_hal_tim.o(i.HAL_TIM_IC_ConfigChannel)
    i.HAL_TIM_IC_Init                        0x08002a52   Section        0  stm32f4xx_hal_tim.o(i.HAL_TIM_IC_Init)
    i.HAL_TIM_IC_MspInit                     0x08002a88   Section        0  stm32f4xx_hal_tim.o(i.HAL_TIM_IC_MspInit)
    i.HAL_TIM_IC_Start                       0x08002a8a   Section        0  stm32f4xx_hal_tim.o(i.HAL_TIM_IC_Start)
    i.HAL_TIM_MspPostInit                    0x08002ab0   Section        0  stm32f4xx_hal_msp.o(i.HAL_TIM_MspPostInit)
    i.HAL_TIM_PWM_ConfigChannel              0x08002b04   Section        0  stm32f4xx_hal_tim.o(i.HAL_TIM_PWM_ConfigChannel)
    i.HAL_TIM_PWM_Init                       0x08002bd4   Section        0  stm32f4xx_hal_tim.o(i.HAL_TIM_PWM_Init)
    i.HAL_TIM_PWM_MspInit                    0x08002c0c   Section        0  stm32f4xx_hal_msp.o(i.HAL_TIM_PWM_MspInit)
    i.HAL_TIM_PWM_Start                      0x08002c34   Section        0  stm32f4xx_hal_tim.o(i.HAL_TIM_PWM_Start)
    i.HAL_TIM_SlaveConfigSynchro             0x08002c78   Section        0  stm32f4xx_hal_tim.o(i.HAL_TIM_SlaveConfigSynchro)
    i.HAL_UART_ErrorCallback                 0x08002cce   Section        0  stm32f4xx_hal_uart.o(i.HAL_UART_ErrorCallback)
    i.HAL_UART_IRQHandler                    0x08002cd0   Section        0  stm32f4xx_hal_uart.o(i.HAL_UART_IRQHandler)
    i.HAL_UART_Init                          0x08002de4   Section        0  stm32f4xx_hal_uart.o(i.HAL_UART_Init)
    i.HAL_UART_MspInit                       0x08002e48   Section        0  stm32f4xx_hal_msp.o(i.HAL_UART_MspInit)
    i.HAL_UART_RxCpltCallback                0x08002ec4   Section        0  stm32f4xx_hal_uart.o(i.HAL_UART_RxCpltCallback)
    i.HAL_UART_Transmit_IT                   0x08002ec6   Section        0  stm32f4xx_hal_uart.o(i.HAL_UART_Transmit_IT)
    i.HAL_UART_TxCpltCallback                0x08002f04   Section        0  balancingrobot_usart.o(i.HAL_UART_TxCpltCallback)
    i.I2C1_ER_IRQHandler                     0x08002f48   Section        0  stm32f4xx_it.o(i.I2C1_ER_IRQHandler)
    i.I2C1_EV_IRQHandler                     0x08002f54   Section        0  stm32f4xx_it.o(i.I2C1_EV_IRQHandler)
    i.I2C_DMAAbort                           0x08002f60   Section        0  stm32f4xx_hal_i2c.o(i.I2C_DMAAbort)
    I2C_DMAAbort                             0x08002f61   Thumb Code   134  stm32f4xx_hal_i2c.o(i.I2C_DMAAbort)
    i.I2C_ITError                            0x08002fe8   Section        0  stm32f4xx_hal_i2c.o(i.I2C_ITError)
    I2C_ITError                              0x08002fe9   Thumb Code   332  stm32f4xx_hal_i2c.o(i.I2C_ITError)
    i.I2C_MasterReceive_BTF                  0x0800313c   Section        0  stm32f4xx_hal_i2c.o(i.I2C_MasterReceive_BTF)
    I2C_MasterReceive_BTF                    0x0800313d   Thumb Code   210  stm32f4xx_hal_i2c.o(i.I2C_MasterReceive_BTF)
    i.I2C_MasterReceive_RXNE                 0x0800320e   Section        0  stm32f4xx_hal_i2c.o(i.I2C_MasterReceive_RXNE)
    I2C_MasterReceive_RXNE                   0x0800320f   Thumb Code   146  stm32f4xx_hal_i2c.o(i.I2C_MasterReceive_RXNE)
    i.I2C_MasterTransmit_BTF                 0x080032a0   Section        0  stm32f4xx_hal_i2c.o(i.I2C_MasterTransmit_BTF)
    I2C_MasterTransmit_BTF                   0x080032a1   Thumb Code   146  stm32f4xx_hal_i2c.o(i.I2C_MasterTransmit_BTF)
    i.I2C_MasterTransmit_TXE                 0x08003334   Section        0  stm32f4xx_hal_i2c.o(i.I2C_MasterTransmit_TXE)
    I2C_MasterTransmit_TXE                   0x08003335   Thumb Code   182  stm32f4xx_hal_i2c.o(i.I2C_MasterTransmit_TXE)
    i.I2C_Master_ADDR                        0x080033ec   Section        0  stm32f4xx_hal_i2c.o(i.I2C_Master_ADDR)
    I2C_Master_ADDR                          0x080033ed   Thumb Code   276  stm32f4xx_hal_i2c.o(i.I2C_Master_ADDR)
    i.I2C_Master_SB                          0x08003504   Section        0  stm32f4xx_hal_i2c.o(i.I2C_Master_SB)
    I2C_Master_SB                            0x08003505   Thumb Code   140  stm32f4xx_hal_i2c.o(i.I2C_Master_SB)
    i.I2C_MemoryTransmit_TXE_BTF             0x08003590   Section        0  stm32f4xx_hal_i2c.o(i.I2C_MemoryTransmit_TXE_BTF)
    I2C_MemoryTransmit_TXE_BTF               0x08003591   Thumb Code   108  stm32f4xx_hal_i2c.o(i.I2C_MemoryTransmit_TXE_BTF)
    i.I2C_Slave_AF                           0x080035fc   Section        0  stm32f4xx_hal_i2c.o(i.I2C_Slave_AF)
    I2C_Slave_AF                             0x080035fd   Thumb Code   126  stm32f4xx_hal_i2c.o(i.I2C_Slave_AF)
    i.I2C_Slave_STOPF                        0x08003680   Section        0  stm32f4xx_hal_i2c.o(i.I2C_Slave_STOPF)
    I2C_Slave_STOPF                          0x08003681   Thumb Code   338  stm32f4xx_hal_i2c.o(i.I2C_Slave_STOPF)
    i.MX_GPIO_Init                           0x080037dc   Section        0  main.o(i.MX_GPIO_Init)
    MX_GPIO_Init                             0x080037dd   Thumb Code   220  main.o(i.MX_GPIO_Init)
    i.MX_TIM2_Init                           0x080038cc   Section        0  main.o(i.MX_TIM2_Init)
    MX_TIM2_Init                             0x080038cd   Thumb Code   110  main.o(i.MX_TIM2_Init)
    i.MX_TIM3_Init                           0x08003940   Section        0  main.o(i.MX_TIM3_Init)
    MX_TIM3_Init                             0x08003941   Thumb Code   108  main.o(i.MX_TIM3_Init)
    i.MX_TIM9_Init                           0x080039b4   Section        0  main.o(i.MX_TIM9_Init)
    MX_TIM9_Init                             0x080039b5   Thumb Code    74  main.o(i.MX_TIM9_Init)
    i.MadgwickAHRSupdateIMU                  0x08003a08   Section        0  madgwickahrs.o(i.MadgwickAHRSupdateIMU)
    i.MemManage_Handler                      0x08003c1c   Section        0  stm32f4xx_it.o(i.MemManage_Handler)
    i.Mpu_temp_c                             0x08003c20   Section        0  mpu6050.o(i.Mpu_temp_c)
    i.PendSV_Handler                         0x08003c2c   Section        0  stm32f4xx_it.o(i.PendSV_Handler)
    i.SVC_Handler                            0x08003c2e   Section        0  stm32f4xx_it.o(i.SVC_Handler)
    i.SysTick_Config                         0x08003c30   Section        0  main.o(i.SysTick_Config)
    SysTick_Config                           0x08003c31   Thumb Code    38  main.o(i.SysTick_Config)
    i.SysTick_Handler                        0x08003c5c   Section        0  stm32f4xx_it.o(i.SysTick_Handler)
    i.SystemClock_Config                     0x08003c70   Section        0  main.o(i.SystemClock_Config)
    i.SystemInit                             0x08003cf4   Section        0  system_stm32f4xx.o(i.SystemInit)
    i.TIM_Base_SetConfig                     0x08003d10   Section        0  stm32f4xx_hal_tim.o(i.TIM_Base_SetConfig)
    i.TIM_CCxChannelCmd                      0x08003dd8   Section        0  stm32f4xx_hal_tim.o(i.TIM_CCxChannelCmd)
    i.TIM_ETR_SetConfig                      0x08003df2   Section        0  stm32f4xx_hal_tim.o(i.TIM_ETR_SetConfig)
    i.TIM_OC1_SetConfig                      0x08003e08   Section        0  stm32f4xx_hal_tim.o(i.TIM_OC1_SetConfig)
    TIM_OC1_SetConfig                        0x08003e09   Thumb Code    88  stm32f4xx_hal_tim.o(i.TIM_OC1_SetConfig)
    i.TIM_OC2_SetConfig                      0x08003e68   Section        0  stm32f4xx_hal_tim.o(i.TIM_OC2_SetConfig)
    i.TIM_OC3_SetConfig                      0x08003ed4   Section        0  stm32f4xx_hal_tim.o(i.TIM_OC3_SetConfig)
    TIM_OC3_SetConfig                        0x08003ed5   Thumb Code    96  stm32f4xx_hal_tim.o(i.TIM_OC3_SetConfig)
    i.TIM_OC4_SetConfig                      0x08003f3c   Section        0  stm32f4xx_hal_tim.o(i.TIM_OC4_SetConfig)
    TIM_OC4_SetConfig                        0x08003f3d   Thumb Code    70  stm32f4xx_hal_tim.o(i.TIM_OC4_SetConfig)
    i.TIM_SlaveTimer_SetConfig               0x08003f8c   Section        0  stm32f4xx_hal_tim.o(i.TIM_SlaveTimer_SetConfig)
    TIM_SlaveTimer_SetConfig                 0x08003f8d   Thumb Code   134  stm32f4xx_hal_tim.o(i.TIM_SlaveTimer_SetConfig)
    i.TIM_TI1_ConfigInputStage               0x08004012   Section        0  stm32f4xx_hal_tim.o(i.TIM_TI1_ConfigInputStage)
    TIM_TI1_ConfigInputStage                 0x08004013   Thumb Code    34  stm32f4xx_hal_tim.o(i.TIM_TI1_ConfigInputStage)
    i.TIM_TI1_SetConfig                      0x08004034   Section        0  stm32f4xx_hal_tim.o(i.TIM_TI1_SetConfig)
    i.TIM_TI2_ConfigInputStage               0x080040b4   Section        0  stm32f4xx_hal_tim.o(i.TIM_TI2_ConfigInputStage)
    TIM_TI2_ConfigInputStage                 0x080040b5   Thumb Code    36  stm32f4xx_hal_tim.o(i.TIM_TI2_ConfigInputStage)
    i.TIM_TI2_SetConfig                      0x080040d8   Section        0  stm32f4xx_hal_tim.o(i.TIM_TI2_SetConfig)
    TIM_TI2_SetConfig                        0x080040d9   Thumb Code    54  stm32f4xx_hal_tim.o(i.TIM_TI2_SetConfig)
    i.TX_CopyData                            0x0800410e   Section        0  balancingrobot_usart.o(i.TX_CopyData)
    i.UART_DMAAbortOnError                   0x08004178   Section        0  stm32f4xx_hal_uart.o(i.UART_DMAAbortOnError)
    UART_DMAAbortOnError                     0x08004179   Thumb Code    16  stm32f4xx_hal_uart.o(i.UART_DMAAbortOnError)
    i.UART_EndRxTransfer                     0x08004188   Section        0  stm32f4xx_hal_uart.o(i.UART_EndRxTransfer)
    UART_EndRxTransfer                       0x08004189   Thumb Code    28  stm32f4xx_hal_uart.o(i.UART_EndRxTransfer)
    i.UART_Receive_IT                        0x080041a4   Section        0  stm32f4xx_hal_uart.o(i.UART_Receive_IT)
    UART_Receive_IT                          0x080041a5   Thumb Code   150  stm32f4xx_hal_uart.o(i.UART_Receive_IT)
    i.UART_SetConfig                         0x0800423c   Section        0  stm32f4xx_hal_uart.o(i.UART_SetConfig)
    UART_SetConfig                           0x0800423d   Thumb Code   286  stm32f4xx_hal_uart.o(i.UART_SetConfig)
    i.UART_Transmit_IT                       0x08004364   Section        0  stm32f4xx_hal_uart.o(i.UART_Transmit_IT)
    UART_Transmit_IT                         0x08004365   Thumb Code    98  stm32f4xx_hal_uart.o(i.UART_Transmit_IT)
    i.USART3_IRQHandler                      0x080043c8   Section        0  stm32f4xx_it.o(i.USART3_IRQHandler)
    i.USART3_TX_SendData                     0x080043d4   Section        0  balancingrobot_usart.o(i.USART3_TX_SendData)
    i.USART3_Tx_Initialization               0x08004408   Section        0  balancingrobot_usart.o(i.USART3_Tx_Initialization)
    i.UsageFault_Handler                     0x08004460   Section        0  stm32f4xx_it.o(i.UsageFault_Handler)
    i.__0snprintf                            0x08004464   Section        0  printfa.o(i.__0snprintf)
    i.__ARM_fpclassify                       0x08004494   Section        0  fpclassify.o(i.__ARM_fpclassify)
    i.__NVIC_SetPriority                     0x080044c4   Section        0  stm32f4xx_hal_cortex.o(i.__NVIC_SetPriority)
    __NVIC_SetPriority                       0x080044c5   Thumb Code    32  stm32f4xx_hal_cortex.o(i.__NVIC_SetPriority)
    i.__hardfp_atan                          0x080044e8   Section        0  atan.o(i.__hardfp_atan)
    i.__hardfp_atan2                         0x080047c0   Section        0  atan2.o(i.__hardfp_atan2)
    i.__hardfp_fabs                          0x080049b0   Section        0  fabs.o(i.__hardfp_fabs)
    i.__hardfp_floor                         0x080049c8   Section        0  floor.o(i.__hardfp_floor)
    i.__hardfp_fmod                          0x08004ae0   Section        0  fmod.o(i.__hardfp_fmod)
    i.__i2c_start                            0x08004be4   Section        0  mpu6050.o(i.__i2c_start)
    __i2c_start                              0x08004be5   Thumb Code    22  mpu6050.o(i.__i2c_start)
    i.__i2c_stop                             0x08004c00   Section        0  mpu6050.o(i.__i2c_stop)
    __i2c_stop                               0x08004c01   Thumb Code    24  mpu6050.o(i.__i2c_stop)
    i.__kernel_poly                          0x08004c1c   Section        0  poly.o(i.__kernel_poly)
    i.__mathlib_dbl_infnan                   0x08004d14   Section        0  dunder.o(i.__mathlib_dbl_infnan)
    i.__mathlib_dbl_infnan2                  0x08004d28   Section        0  dunder.o(i.__mathlib_dbl_infnan2)
    i.__mathlib_dbl_invalid                  0x08004d40   Section        0  dunder.o(i.__mathlib_dbl_invalid)
    i.__mathlib_dbl_underflow                0x08004d60   Section        0  dunder.o(i.__mathlib_dbl_underflow)
    i.__scatterload_copy                     0x08004d80   Section       14  handlers.o(i.__scatterload_copy)
    i.__scatterload_null                     0x08004d8e   Section        2  handlers.o(i.__scatterload_null)
    i.__scatterload_zeroinit                 0x08004d90   Section       14  handlers.o(i.__scatterload_zeroinit)
    i.__set_errno                            0x08004da0   Section        0  errno.o(i.__set_errno)
    i._fp_digits                             0x08004dac   Section        0  printfa.o(i._fp_digits)
    _fp_digits                               0x08004dad   Thumb Code   366  printfa.o(i._fp_digits)
    i._printf_core                           0x08004f30   Section        0  printfa.o(i._printf_core)
    _printf_core                             0x08004f31   Thumb Code  1744  printfa.o(i._printf_core)
    i._printf_post_padding                   0x0800560c   Section        0  printfa.o(i._printf_post_padding)
    _printf_post_padding                     0x0800560d   Thumb Code    36  printfa.o(i._printf_post_padding)
    i._printf_pre_padding                    0x08005630   Section        0  printfa.o(i._printf_pre_padding)
    _printf_pre_padding                      0x08005631   Thumb Code    46  printfa.o(i._printf_pre_padding)
    i._snputc                                0x0800565e   Section        0  printfa.o(i._snputc)
    _snputc                                  0x0800565f   Thumb Code    22  printfa.o(i._snputc)
    i.atan                                   0x08005674   Section        0  atan.o(i.atan)
    i.fabs                                   0x08005684   Section        0  fabs.o(i.fabs)
    i.getBuffPtr                             0x0800569c   Section        0  getbuffptr.o(i.getBuffPtr)
    i.getKd                                  0x080056a0   Section        0  pid_gains.o(i.getKd)
    i.getKd_theta                            0x080056ac   Section        0  pid_gains.o(i.getKd_theta)
    i.getKi                                  0x080056b2   Section        0  pid_gains.o(i.getKi)
    i.getKi_theta                            0x080056b8   Section        0  pid_gains.o(i.getKi_theta)
    i.getKp                                  0x080056be   Section        0  pid_gains.o(i.getKp)
    i.getKp_theta                            0x080056c4   Section        0  pid_gains.o(i.getKp_theta)
    i.getN                                   0x080056cc   Section        0  pid_gains.o(i.getN)
    i.getPitch                               0x080056d8   Section        0  madgwickahrs.o(i.getPitch)
    i.getQ_0                                 0x08005774   Section        0  madgwickahrs.o(i.getQ_0)
    i.getQ_1                                 0x08005780   Section        0  madgwickahrs.o(i.getQ_1)
    i.getQ_2                                 0x0800578c   Section        0  madgwickahrs.o(i.getQ_2)
    i.getQ_3                                 0x08005798   Section        0  madgwickahrs.o(i.getQ_3)
    i.i2c_read                               0x080057a4   Section        0  mpu6050.o(i.i2c_read)
    i.i2c_write                              0x08005804   Section        0  mpu6050.o(i.i2c_write)
    i.invSqrt                                0x08005848   Section        0  madgwickahrs.o(i.invSqrt)
    i.isSetup                                0x08005874   Section        0  mpu6050.o(i.isSetup)
    i.main                                   0x08005880   Section        0  main.o(i.main)
    i.mpu6050_read_sensors                   0x080059e0   Section        0  mpu6050.o(i.mpu6050_read_sensors)
    i.setFlag                                0x08005b34   Section        0  mpu6050.o(i.setFlag)
    i.setupMPU6050                           0x08005b40   Section        0  mpu6050.o(i.setupMPU6050)
    .constdata                               0x08005b6e   Section       16  system_stm32f4xx.o(.constdata)
    .constdata                               0x08005b7e   Section        8  system_stm32f4xx.o(.constdata)
    .constdata                               0x08005b88   Section        4  balancingrobot.o(.constdata)
    .constdata                               0x08005b8c   Section      132  balancingrobot_exti.o(.constdata)
    stringFormat                             0x08005b8c   Data         132  balancingrobot_exti.o(.constdata)
    .constdata                               0x08005c10   Section      152  atan.o(.constdata)
    atanhi                                   0x08005c10   Data          32  atan.o(.constdata)
    atanlo                                   0x08005c30   Data          32  atan.o(.constdata)
    aTodd                                    0x08005c50   Data          40  atan.o(.constdata)
    aTeven                                   0x08005c78   Data          48  atan.o(.constdata)
    .constdata                               0x08005ca8   Section        8  qnan.o(.constdata)
    .data                                    0x20000000   Section       12  main.o(.data)
    OverrunFlags                             0x20000000   Data           2  main.o(.data)
    autoReloadTimerLoopVal_S                 0x20000004   Data           4  main.o(.data)
    .data                                    0x2000000c   Section       12  stm32f4xx_hal.o(.data)
    .data                                    0x20000018   Section        4  system_stm32f4xx.o(.data)
    .data                                    0x2000001c   Section       20  madgwickahrs.o(.data)
    beta                                     0x2000001c   Data           4  madgwickahrs.o(.data)
    q0                                       0x20000020   Data           4  madgwickahrs.o(.data)
    q1                                       0x20000024   Data           4  madgwickahrs.o(.data)
    q2                                       0x20000028   Data           4  madgwickahrs.o(.data)
    q3                                       0x2000002c   Data           4  madgwickahrs.o(.data)
    .data                                    0x20000030   Section       40  mpu6050.o(.data)
    setup_flag                               0x20000030   Data           1  mpu6050.o(.data)
    DeviceAddr                               0x20000031   Data           1  mpu6050.o(.data)
    gyro_x_offset                            0x20000032   Data           2  mpu6050.o(.data)
    gyro_y_offset                            0x20000034   Data           2  mpu6050.o(.data)
    gyro_z_offset                            0x20000036   Data           2  mpu6050.o(.data)
    samples                                  0x20000038   Data           4  mpu6050.o(.data)
    accel_x_g                                0x2000003c   Data           4  mpu6050.o(.data)
    accel_y_g                                0x20000040   Data           4  mpu6050.o(.data)
    accel_z_g                                0x20000044   Data           4  mpu6050.o(.data)
    mpu_temp_c                               0x20000048   Data           4  mpu6050.o(.data)
    gyro_x_rad                               0x2000004c   Data           4  mpu6050.o(.data)
    gyro_y_rad                               0x20000050   Data           4  mpu6050.o(.data)
    gyro_z_rad                               0x20000054   Data           4  mpu6050.o(.data)
    .data                                    0x20000058   Section        2  balancingrobot.o(.data)
    .data                                    0x2000005a   Section        2  balancingrobot_tim.o(.data)
    .data                                    0x2000005c   Section       12  balancingrobot_usart.o(.data)
    .data                                    0x20000068   Section        4  errno.o(.data)
    _errno                                   0x20000068   Data           4  errno.o(.data)
    .bss                                     0x2000006c   Section      340  main.o(.bss)
    .bss                                     0x200001c0   Section       14  mpu6050.o(.bss)
    rx_buffer                                0x200001c0   Data          14  mpu6050.o(.bss)
    .bss                                     0x200001d0   Section      128  balancingrobot.o(.bss)
    .bss                                     0x20000250   Section       16  balancingrobot.o(.bss)
    .bss                                     0x20000260   Section       64  balancingrobot_exti.o(.bss)
    .bss                                     0x200002a0   Section       12  balancingrobot_tim.o(.bss)
    .bss                                     0x200002ac   Section       12  balancingrobot_tim.o(.bss)
    .bss                                     0x200002b8   Section      148  balancingrobot_tim.o(.bss)
    .bss                                     0x2000034c   Section      148  balancingrobot_tim.o(.bss)
    .bss                                     0x200003e0   Section      148  balancingrobot_tim.o(.bss)
    .bss                                     0x20000474   Section      236  balancingrobot_usart.o(.bss)
    USART3_TxDataBuffer                      0x20000474   Data         199  balancingrobot_usart.o(.bss)
    STACK                                    0x20000560   Section     1024  startup_stm32f407xx.o(STACK)

    Global Symbols

    Symbol Name                              Value     Ov Type        Size  Object(Section)

    BuildAttributes$$THM_ISAv4$E$P$D$K$B$S$7EM$VFPi3$EXTD16$VFPS$VFMA$PE$A:L22UL41UL21$X:L11$S22US41US21$IEEE1$IW$USESV6$~STKCKD$USESV7$~SHL$OTIME$ROPI$IEEEX$EBA8$MICROLIB$REQ8$PRES8$EABIv2 0x00000000   Number         0  anon$$obj.o ABSOLUTE
    __ARM_use_no_argv                        0x00000000   Number         0  main.o ABSOLUTE
    _printf_a                                0x00000000   Number         0  stubs.o ABSOLUTE
    _printf_c                                0x00000000   Number         0  stubs.o ABSOLUTE
    _printf_charcount                        0x00000000   Number         0  stubs.o ABSOLUTE
    _printf_d                                0x00000000   Number         0  stubs.o ABSOLUTE
    _printf_e                                0x00000000   Number         0  stubs.o ABSOLUTE
    _printf_f                                0x00000000   Number         0  stubs.o ABSOLUTE
    _printf_flags                            0x00000000   Number         0  stubs.o ABSOLUTE
    _printf_fp_dec                           0x00000000   Number         0  stubs.o ABSOLUTE
    _printf_fp_hex                           0x00000000   Number         0  stubs.o ABSOLUTE
    _printf_g                                0x00000000   Number         0  stubs.o ABSOLUTE
    _printf_i                                0x00000000   Number         0  stubs.o ABSOLUTE
    _printf_int_dec                          0x00000000   Number         0  stubs.o ABSOLUTE
    _printf_l                                0x00000000   Number         0  stubs.o ABSOLUTE
    _printf_lc                               0x00000000   Number         0  stubs.o ABSOLUTE
    _printf_ll                               0x00000000   Number         0  stubs.o ABSOLUTE
    _printf_lld                              0x00000000   Number         0  stubs.o ABSOLUTE
    _printf_lli                              0x00000000   Number         0  stubs.o ABSOLUTE
    _printf_llo                              0x00000000   Number         0  stubs.o ABSOLUTE
    _printf_llu                              0x00000000   Number         0  stubs.o ABSOLUTE
    _printf_llx                              0x00000000   Number         0  stubs.o ABSOLUTE
    _printf_longlong_dec                     0x00000000   Number         0  stubs.o ABSOLUTE
    _printf_longlong_hex                     0x00000000   Number         0  stubs.o ABSOLUTE
    _printf_longlong_oct                     0x00000000   Number         0  stubs.o ABSOLUTE
    _printf_ls                               0x00000000   Number         0  stubs.o ABSOLUTE
    _printf_mbtowc                           0x00000000   Number         0  stubs.o ABSOLUTE
    _printf_n                                0x00000000   Number         0  stubs.o ABSOLUTE
    _printf_o                                0x00000000   Number         0  stubs.o ABSOLUTE
    _printf_p                                0x00000000   Number         0  stubs.o ABSOLUTE
    _printf_percent                          0x00000000   Number         0  stubs.o ABSOLUTE
    _printf_pre_padding                      0x00000000   Number         0  stubs.o ABSOLUTE
    _printf_return_value                     0x00000000   Number         0  stubs.o ABSOLUTE
    _printf_s                                0x00000000   Number         0  stubs.o ABSOLUTE
    _printf_sizespec                         0x00000000   Number         0  stubs.o ABSOLUTE
    _printf_str                              0x00000000   Number         0  stubs.o ABSOLUTE
    _printf_truncate_signed                  0x00000000   Number         0  stubs.o ABSOLUTE
    _printf_truncate_unsigned                0x00000000   Number         0  stubs.o ABSOLUTE
    _printf_u                                0x00000000   Number         0  stubs.o ABSOLUTE
    _printf_wc                               0x00000000   Number         0  stubs.o ABSOLUTE
    _printf_wctomb                           0x00000000   Number         0  stubs.o ABSOLUTE
    _printf_widthprec                        0x00000000   Number         0  stubs.o ABSOLUTE
    _printf_x                                0x00000000   Number         0  stubs.o ABSOLUTE
    __cpp_initialize__aeabi_                  - Undefined Weak Reference
    __cxa_finalize                            - Undefined Weak Reference
    __decompress                              - Undefined Weak Reference
    _clock_init                               - Undefined Weak Reference
    _microlib_exit                            - Undefined Weak Reference
    __Vectors_Size                           0x00000188   Number         0  startup_stm32f407xx.o ABSOLUTE
    __Vectors                                0x08000000   Data           4  startup_stm32f407xx.o(RESET)
    __Vectors_End                            0x08000188   Data           0  startup_stm32f407xx.o(RESET)
    __main                                   0x08000189   Thumb Code     0  entry.o(.ARM.Collect$$$$00000000)
    _main_stk                                0x08000189   Thumb Code     0  entry2.o(.ARM.Collect$$$$00000001)
    _main_scatterload                        0x0800018d   Thumb Code     0  entry5.o(.ARM.Collect$$$$00000004)
    __main_after_scatterload                 0x08000191   Thumb Code     0  entry5.o(.ARM.Collect$$$$00000004)
    _main_clock                              0x08000191   Thumb Code     0  entry7b.o(.ARM.Collect$$$$00000008)
    _main_cpp_init                           0x08000191   Thumb Code     0  entry8b.o(.ARM.Collect$$$$0000000A)
    _main_init                               0x08000191   Thumb Code     0  entry9a.o(.ARM.Collect$$$$0000000B)
    __rt_final_cpp                           0x08000199   Thumb Code     0  entry10a.o(.ARM.Collect$$$$0000000D)
    __rt_final_exit                          0x08000199   Thumb Code     0  entry11a.o(.ARM.Collect$$$$0000000F)
    Reset_Handler                            0x0800019d   Thumb Code     8  startup_stm32f407xx.o(.text)
    NMI_Handler                              0x080001a5   Thumb Code     2  startup_stm32f407xx.o(.text)
    HardFault_Handler                        0x080001a7   Thumb Code     2  startup_stm32f407xx.o(.text)
    ADC_IRQHandler                           0x080001b7   Thumb Code     0  startup_stm32f407xx.o(.text)
    CAN1_RX0_IRQHandler                      0x080001b7   Thumb Code     0  startup_stm32f407xx.o(.text)
    CAN1_RX1_IRQHandler                      0x080001b7   Thumb Code     0  startup_stm32f407xx.o(.text)
    CAN1_SCE_IRQHandler                      0x080001b7   Thumb Code     0  startup_stm32f407xx.o(.text)
    CAN1_TX_IRQHandler                       0x080001b7   Thumb Code     0  startup_stm32f407xx.o(.text)
    CAN2_RX0_IRQHandler                      0x080001b7   Thumb Code     0  startup_stm32f407xx.o(.text)
    CAN2_RX1_IRQHandler                      0x080001b7   Thumb Code     0  startup_stm32f407xx.o(.text)
    CAN2_SCE_IRQHandler                      0x080001b7   Thumb Code     0  startup_stm32f407xx.o(.text)
    CAN2_TX_IRQHandler                       0x080001b7   Thumb Code     0  startup_stm32f407xx.o(.text)
    DCMI_IRQHandler                          0x080001b7   Thumb Code     0  startup_stm32f407xx.o(.text)
    DMA1_Stream0_IRQHandler                  0x080001b7   Thumb Code     0  startup_stm32f407xx.o(.text)
    DMA1_Stream1_IRQHandler                  0x080001b7   Thumb Code     0  startup_stm32f407xx.o(.text)
    DMA1_Stream2_IRQHandler                  0x080001b7   Thumb Code     0  startup_stm32f407xx.o(.text)
    DMA1_Stream3_IRQHandler                  0x080001b7   Thumb Code     0  startup_stm32f407xx.o(.text)
    DMA1_Stream4_IRQHandler                  0x080001b7   Thumb Code     0  startup_stm32f407xx.o(.text)
    DMA1_Stream5_IRQHandler                  0x080001b7   Thumb Code     0  startup_stm32f407xx.o(.text)
    DMA1_Stream6_IRQHandler                  0x080001b7   Thumb Code     0  startup_stm32f407xx.o(.text)
    DMA1_Stream7_IRQHandler                  0x080001b7   Thumb Code     0  startup_stm32f407xx.o(.text)
    DMA2_Stream0_IRQHandler                  0x080001b7   Thumb Code     0  startup_stm32f407xx.o(.text)
    DMA2_Stream1_IRQHandler                  0x080001b7   Thumb Code     0  startup_stm32f407xx.o(.text)
    DMA2_Stream2_IRQHandler                  0x080001b7   Thumb Code     0  startup_stm32f407xx.o(.text)
    DMA2_Stream3_IRQHandler                  0x080001b7   Thumb Code     0  startup_stm32f407xx.o(.text)
    DMA2_Stream4_IRQHandler                  0x080001b7   Thumb Code     0  startup_stm32f407xx.o(.text)
    DMA2_Stream5_IRQHandler                  0x080001b7   Thumb Code     0  startup_stm32f407xx.o(.text)
    DMA2_Stream6_IRQHandler                  0x080001b7   Thumb Code     0  startup_stm32f407xx.o(.text)
    DMA2_Stream7_IRQHandler                  0x080001b7   Thumb Code     0  startup_stm32f407xx.o(.text)
    ETH_IRQHandler                           0x080001b7   Thumb Code     0  startup_stm32f407xx.o(.text)
    ETH_WKUP_IRQHandler                      0x080001b7   Thumb Code     0  startup_stm32f407xx.o(.text)
    EXTI15_10_IRQHandler                     0x080001b7   Thumb Code     0  startup_stm32f407xx.o(.text)
    EXTI2_IRQHandler                         0x080001b7   Thumb Code     0  startup_stm32f407xx.o(.text)
    EXTI3_IRQHandler                         0x080001b7   Thumb Code     0  startup_stm32f407xx.o(.text)
    EXTI4_IRQHandler                         0x080001b7   Thumb Code     0  startup_stm32f407xx.o(.text)
    EXTI9_5_IRQHandler                       0x080001b7   Thumb Code     0  startup_stm32f407xx.o(.text)
    FLASH_IRQHandler                         0x080001b7   Thumb Code     0  startup_stm32f407xx.o(.text)
    FMC_IRQHandler                           0x080001b7   Thumb Code     0  startup_stm32f407xx.o(.text)
    FPU_IRQHandler                           0x080001b7   Thumb Code     0  startup_stm32f407xx.o(.text)
    HASH_RNG_IRQHandler                      0x080001b7   Thumb Code     0  startup_stm32f407xx.o(.text)
    I2C2_ER_IRQHandler                       0x080001b7   Thumb Code     0  startup_stm32f407xx.o(.text)
    I2C2_EV_IRQHandler                       0x080001b7   Thumb Code     0  startup_stm32f407xx.o(.text)
    I2C3_ER_IRQHandler                       0x080001b7   Thumb Code     0  startup_stm32f407xx.o(.text)
    I2C3_EV_IRQHandler                       0x080001b7   Thumb Code     0  startup_stm32f407xx.o(.text)
    OTG_FS_IRQHandler                        0x080001b7   Thumb Code     0  startup_stm32f407xx.o(.text)
    OTG_FS_WKUP_IRQHandler                   0x080001b7   Thumb Code     0  startup_stm32f407xx.o(.text)
    OTG_HS_EP1_IN_IRQHandler                 0x080001b7   Thumb Code     0  startup_stm32f407xx.o(.text)
    OTG_HS_EP1_OUT_IRQHandler                0x080001b7   Thumb Code     0  startup_stm32f407xx.o(.text)
    OTG_HS_IRQHandler                        0x080001b7   Thumb Code     0  startup_stm32f407xx.o(.text)
    OTG_HS_WKUP_IRQHandler                   0x080001b7   Thumb Code     0  startup_stm32f407xx.o(.text)
    PVD_IRQHandler                           0x080001b7   Thumb Code     0  startup_stm32f407xx.o(.text)
    RCC_IRQHandler                           0x080001b7   Thumb Code     0  startup_stm32f407xx.o(.text)
    RTC_Alarm_IRQHandler                     0x080001b7   Thumb Code     0  startup_stm32f407xx.o(.text)
    RTC_WKUP_IRQHandler                      0x080001b7   Thumb Code     0  startup_stm32f407xx.o(.text)
    SDIO_IRQHandler                          0x080001b7   Thumb Code     0  startup_stm32f407xx.o(.text)
    SPI1_IRQHandler                          0x080001b7   Thumb Code     0  startup_stm32f407xx.o(.text)
    SPI2_IRQHandler                          0x080001b7   Thumb Code     0  startup_stm32f407xx.o(.text)
    SPI3_IRQHandler                          0x080001b7   Thumb Code     0  startup_stm32f407xx.o(.text)
    TAMP_STAMP_IRQHandler                    0x080001b7   Thumb Code     0  startup_stm32f407xx.o(.text)
    TIM1_BRK_TIM9_IRQHandler                 0x080001b7   Thumb Code     0  startup_stm32f407xx.o(.text)
    TIM1_CC_IRQHandler                       0x080001b7   Thumb Code     0  startup_stm32f407xx.o(.text)
    TIM1_TRG_COM_TIM11_IRQHandler            0x080001b7   Thumb Code     0  startup_stm32f407xx.o(.text)
    TIM1_UP_TIM10_IRQHandler                 0x080001b7   Thumb Code     0  startup_stm32f407xx.o(.text)
    TIM2_IRQHandler                          0x080001b7   Thumb Code     0  startup_stm32f407xx.o(.text)
    TIM3_IRQHandler                          0x080001b7   Thumb Code     0  startup_stm32f407xx.o(.text)
    TIM4_IRQHandler                          0x080001b7   Thumb Code     0  startup_stm32f407xx.o(.text)
    TIM5_IRQHandler                          0x080001b7   Thumb Code     0  startup_stm32f407xx.o(.text)
    TIM6_DAC_IRQHandler                      0x080001b7   Thumb Code     0  startup_stm32f407xx.o(.text)
    TIM7_IRQHandler                          0x080001b7   Thumb Code     0  startup_stm32f407xx.o(.text)
    TIM8_BRK_TIM12_IRQHandler                0x080001b7   Thumb Code     0  startup_stm32f407xx.o(.text)
    TIM8_CC_IRQHandler                       0x080001b7   Thumb Code     0  startup_stm32f407xx.o(.text)
    TIM8_TRG_COM_TIM14_IRQHandler            0x080001b7   Thumb Code     0  startup_stm32f407xx.o(.text)
    TIM8_UP_TIM13_IRQHandler                 0x080001b7   Thumb Code     0  startup_stm32f407xx.o(.text)
    UART4_IRQHandler                         0x080001b7   Thumb Code     0  startup_stm32f407xx.o(.text)
    UART5_IRQHandler                         0x080001b7   Thumb Code     0  startup_stm32f407xx.o(.text)
    USART1_IRQHandler                        0x080001b7   Thumb Code     0  startup_stm32f407xx.o(.text)
    USART2_IRQHandler                        0x080001b7   Thumb Code     0  startup_stm32f407xx.o(.text)
    USART6_IRQHandler                        0x080001b7   Thumb Code     0  startup_stm32f407xx.o(.text)
    WWDG_IRQHandler                          0x080001b7   Thumb Code     0  startup_stm32f407xx.o(.text)
    __aeabi_uldivmod                         0x080001c1   Thumb Code    98  uldiv.o(.text)
    __aeabi_memset                           0x08000223   Thumb Code    14  memseta.o(.text)
    __aeabi_memset4                          0x08000223   Thumb Code     0  memseta.o(.text)
    __aeabi_memset8                          0x08000223   Thumb Code     0  memseta.o(.text)
    __aeabi_memclr                           0x08000231   Thumb Code     4  memseta.o(.text)
    __aeabi_memclr4                          0x08000231   Thumb Code     0  memseta.o(.text)
    __aeabi_memclr8                          0x08000231   Thumb Code     0  memseta.o(.text)
    _memset$wrapper                          0x08000235   Thumb Code    18  memseta.o(.text)
    strlen                                   0x08000247   Thumb Code    14  strlen.o(.text)
    __aeabi_dadd                             0x08000255   Thumb Code   322  dadd.o(.text)
    __aeabi_dsub                             0x08000397   Thumb Code     6  dadd.o(.text)
    __aeabi_drsub                            0x0800039d   Thumb Code     6  dadd.o(.text)
    __aeabi_dmul                             0x080003a3   Thumb Code   228  dmul.o(.text)
    __aeabi_ddiv                             0x08000487   Thumb Code   222  ddiv.o(.text)
    __aeabi_ui2d                             0x08000565   Thumb Code    26  dfltui.o(.text)
    __aeabi_d2uiz                            0x0800057f   Thumb Code    50  dfixui.o(.text)
    __aeabi_f2d                              0x080005b1   Thumb Code    38  f2d.o(.text)
    __aeabi_cdcmpeq                          0x080005d9   Thumb Code     0  cdcmple.o(.text)
    __aeabi_cdcmple                          0x080005d9   Thumb Code    48  cdcmple.o(.text)
    __aeabi_cdrcmple                         0x08000609   Thumb Code    48  cdrcmple.o(.text)
    __aeabi_d2f                              0x08000639   Thumb Code    56  d2f.o(.text)
    __aeabi_uidiv                            0x08000671   Thumb Code     0  uidiv.o(.text)
    __aeabi_uidivmod                         0x08000671   Thumb Code    44  uidiv.o(.text)
    __aeabi_llsl                             0x0800069d   Thumb Code    30  llshl.o(.text)
    _ll_shift_l                              0x0800069d   Thumb Code     0  llshl.o(.text)
    __aeabi_llsr                             0x080006bb   Thumb Code    32  llushr.o(.text)
    _ll_ushift_r                             0x080006bb   Thumb Code     0  llushr.o(.text)
    __aeabi_lasr                             0x080006db   Thumb Code    36  llsshr.o(.text)
    _ll_sshift_r                             0x080006db   Thumb Code     0  llsshr.o(.text)
    __I$use$fp                               0x080006ff   Thumb Code     0  iusefp.o(.text)
    _float_round                             0x080006ff   Thumb Code    18  fepilogue.o(.text)
    _float_epilogue                          0x08000711   Thumb Code    92  fepilogue.o(.text)
    _double_round                            0x0800076d   Thumb Code    30  depilogue.o(.text)
    _double_epilogue                         0x0800078b   Thumb Code   156  depilogue.o(.text)
    _drem                                    0x08000827   Thumb Code   134  drem.o(.text)
    __aeabi_d2ulz                            0x080008ad   Thumb Code    48  dfixul.o(.text)
    __scatterload                            0x080008dd   Thumb Code    28  init.o(.text)
    __scatterload_rt2                        0x080008dd   Thumb Code     0  init.o(.text)
    Accel_x_g                                0x08000901   Thumb Code     8  mpu6050.o(i.Accel_x_g)
    Accel_y_g                                0x0800090d   Thumb Code     8  mpu6050.o(i.Accel_y_g)
    Accel_z_g                                0x08000919   Thumb Code     8  mpu6050.o(i.Accel_z_g)
    BalancingRobot_SetEventsForThisBaseStep  0x08000925   Thumb Code    18  balancingrobot.o(i.BalancingRobot_SetEventsForThisBaseStep)
    BalancingRobot_initialize                0x0800093d   Thumb Code   606  balancingrobot.o(i.BalancingRobot_initialize)
    BalancingRobot_step                      0x08000bdd   Thumb Code    16  balancingrobot.o(i.BalancingRobot_step)
    BalancingRobot_step0                     0x08000bed   Thumb Code    38  balancingrobot.o(i.BalancingRobot_step0)
    BalancingRobot_step1                     0x08000c19   Thumb Code    34  balancingrobot.o(i.BalancingRobot_step1)
    BusFault_Handler                         0x08000c41   Thumb Code     2  stm32f4xx_it.o(i.BusFault_Handler)
    DebugMon_Handler                         0x08000c43   Thumb Code     2  stm32f4xx_it.o(i.DebugMon_Handler)
    EXTI0_IRQHandler                         0x08000c45   Thumb Code     6  stm32f4xx_it.o(i.EXTI0_IRQHandler)
    EXTI1_Callback                           0x08000c4d   Thumb Code  3154  balancingrobot_exti.o(i.EXTI1_Callback)
    EXTI1_IRQHandler                         0x080018dd   Thumb Code     6  stm32f4xx_it.o(i.EXTI1_IRQHandler)
    Gyro_x_rad                               0x080018e5   Thumb Code     8  mpu6050.o(i.Gyro_x_rad)
    Gyro_y_rad                               0x080018f1   Thumb Code     8  mpu6050.o(i.Gyro_y_rad)
    Gyro_z_rad                               0x080018fd   Thumb Code     8  mpu6050.o(i.Gyro_z_rad)
    HAL_DMA_Abort_IT                         0x08001909   Thumb Code    36  stm32f4xx_hal_dma.o(i.HAL_DMA_Abort_IT)
    HAL_DMA_GetState                         0x0800192d   Thumb Code     6  stm32f4xx_hal_dma.o(i.HAL_DMA_GetState)
    HAL_GPIO_EXTI_Callback                   0x08001935   Thumb Code   164  balancingrobot_exti.o(i.HAL_GPIO_EXTI_Callback)
    HAL_GPIO_EXTI_IRQHandler                 0x080019dd   Thumb Code    18  stm32f4xx_hal_gpio.o(i.HAL_GPIO_EXTI_IRQHandler)
    HAL_GPIO_Init                            0x080019f5   Thumb Code   394  stm32f4xx_hal_gpio.o(i.HAL_GPIO_Init)
    HAL_GPIO_TogglePin                       0x08001bad   Thumb Code    14  stm32f4xx_hal_gpio.o(i.HAL_GPIO_TogglePin)
    HAL_GPIO_WritePin                        0x08001bbb   Thumb Code    10  stm32f4xx_hal_gpio.o(i.HAL_GPIO_WritePin)
    HAL_GetTick                              0x08001bc5   Thumb Code     6  stm32f4xx_hal.o(i.HAL_GetTick)
    HAL_I2C_AbortCpltCallback                0x08001bd1   Thumb Code     2  stm32f4xx_hal_i2c.o(i.HAL_I2C_AbortCpltCallback)
    HAL_I2C_AddrCallback                     0x08001bd3   Thumb Code     2  stm32f4xx_hal_i2c.o(i.HAL_I2C_AddrCallback)
    HAL_I2C_ER_IRQHandler                    0x08001bd5   Thumb Code   186  stm32f4xx_hal_i2c.o(i.HAL_I2C_ER_IRQHandler)
    HAL_I2C_EV_IRQHandler                    0x08001c8f   Thumb Code   602  stm32f4xx_hal_i2c.o(i.HAL_I2C_EV_IRQHandler)
    HAL_I2C_ErrorCallback                    0x08001ee9   Thumb Code     2  stm32f4xx_hal_i2c.o(i.HAL_I2C_ErrorCallback)
    HAL_I2C_Init                             0x08001eed   Thumb Code   376  stm32f4xx_hal_i2c.o(i.HAL_I2C_Init)
    HAL_I2C_ListenCpltCallback               0x08002075   Thumb Code     2  stm32f4xx_hal_i2c.o(i.HAL_I2C_ListenCpltCallback)
    HAL_I2C_MasterRxCpltCallback             0x08002077   Thumb Code     2  stm32f4xx_hal_i2c.o(i.HAL_I2C_MasterRxCpltCallback)
    HAL_I2C_MasterTxCpltCallback             0x08002079   Thumb Code     2  stm32f4xx_hal_i2c.o(i.HAL_I2C_MasterTxCpltCallback)
    HAL_I2C_MemRxCpltCallback                0x0800207b   Thumb Code     2  stm32f4xx_hal_i2c.o(i.HAL_I2C_MemRxCpltCallback)
    HAL_I2C_MemTxCpltCallback                0x0800207d   Thumb Code     2  stm32f4xx_hal_i2c.o(i.HAL_I2C_MemTxCpltCallback)
    HAL_I2C_MspInit                          0x08002081   Thumb Code   126  stm32f4xx_hal_msp.o(i.HAL_I2C_MspInit)
    HAL_I2C_SlaveRxCpltCallback              0x0800210d   Thumb Code     2  stm32f4xx_hal_i2c.o(i.HAL_I2C_SlaveRxCpltCallback)
    HAL_I2C_SlaveTxCpltCallback              0x0800210f   Thumb Code     2  stm32f4xx_hal_i2c.o(i.HAL_I2C_SlaveTxCpltCallback)
    HAL_IncTick                              0x08002111   Thumb Code    12  stm32f4xx_hal.o(i.HAL_IncTick)
    HAL_Init                                 0x08002121   Thumb Code    48  stm32f4xx_hal.o(i.HAL_Init)
    HAL_InitTick                             0x08002155   Thumb Code    54  stm32f4xx_hal.o(i.HAL_InitTick)
    HAL_MspInit                              0x08002195   Thumb Code    48  stm32f4xx_hal_msp.o(i.HAL_MspInit)
    HAL_NVIC_EnableIRQ                       0x080021c9   Thumb Code    26  stm32f4xx_hal_cortex.o(i.HAL_NVIC_EnableIRQ)
    HAL_NVIC_SetPriority                     0x080021e5   Thumb Code    60  stm32f4xx_hal_cortex.o(i.HAL_NVIC_SetPriority)
    HAL_NVIC_SetPriorityGrouping             0x08002225   Thumb Code    26  stm32f4xx_hal_cortex.o(i.HAL_NVIC_SetPriorityGrouping)
    HAL_RCC_ClockConfig                      0x08002249   Thumb Code   288  stm32f4xx_hal_rcc.o(i.HAL_RCC_ClockConfig)
    HAL_RCC_GetPCLK1Freq                     0x0800237d   Thumb Code    20  stm32f4xx_hal_rcc.o(i.HAL_RCC_GetPCLK1Freq)
    HAL_RCC_GetPCLK2Freq                     0x0800239d   Thumb Code    20  stm32f4xx_hal_rcc.o(i.HAL_RCC_GetPCLK2Freq)
    HAL_RCC_GetSysClockFreq                  0x080023bd   Thumb Code    88  stm32f4xx_hal_rcc.o(i.HAL_RCC_GetSysClockFreq)
    HAL_RCC_OscConfig                        0x0800241d   Thumb Code   840  stm32f4xx_hal_rcc.o(i.HAL_RCC_OscConfig)
    HAL_SYSTICK_Config                       0x08002779   Thumb Code    40  stm32f4xx_hal_cortex.o(i.HAL_SYSTICK_Config)
    HAL_TIMEx_MasterConfigSynchronization    0x080027a1   Thumb Code   116  stm32f4xx_hal_tim_ex.o(i.HAL_TIMEx_MasterConfigSynchronization)
    HAL_TIM_Base_Init                        0x08002831   Thumb Code    54  stm32f4xx_hal_tim.o(i.HAL_TIM_Base_Init)
    HAL_TIM_Base_MspInit                     0x08002869   Thumb Code   148  stm32f4xx_hal_msp.o(i.HAL_TIM_Base_MspInit)
    HAL_TIM_GenerateEvent                    0x0800290d   Thumb Code    38  stm32f4xx_hal_tim.o(i.HAL_TIM_GenerateEvent)
    HAL_TIM_IC_ConfigChannel                 0x08002935   Thumb Code   286  stm32f4xx_hal_tim.o(i.HAL_TIM_IC_ConfigChannel)
    HAL_TIM_IC_Init                          0x08002a53   Thumb Code    54  stm32f4xx_hal_tim.o(i.HAL_TIM_IC_Init)
    HAL_TIM_IC_MspInit                       0x08002a89   Thumb Code     2  stm32f4xx_hal_tim.o(i.HAL_TIM_IC_MspInit)
    HAL_TIM_IC_Start                         0x08002a8b   Thumb Code    36  stm32f4xx_hal_tim.o(i.HAL_TIM_IC_Start)
    HAL_TIM_MspPostInit                      0x08002ab1   Thumb Code    70  stm32f4xx_hal_msp.o(i.HAL_TIM_MspPostInit)
    HAL_TIM_PWM_ConfigChannel                0x08002b05   Thumb Code   208  stm32f4xx_hal_tim.o(i.HAL_TIM_PWM_ConfigChannel)
    HAL_TIM_PWM_Init                         0x08002bd5   Thumb Code    54  stm32f4xx_hal_tim.o(i.HAL_TIM_PWM_Init)
    HAL_TIM_PWM_MspInit                      0x08002c0d   Thumb Code    30  stm32f4xx_hal_msp.o(i.HAL_TIM_PWM_MspInit)
    HAL_TIM_PWM_Start                        0x08002c35   Thumb Code    58  stm32f4xx_hal_tim.o(i.HAL_TIM_PWM_Start)
    HAL_TIM_SlaveConfigSynchro               0x08002c79   Thumb Code    86  stm32f4xx_hal_tim.o(i.HAL_TIM_SlaveConfigSynchro)
    HAL_UART_ErrorCallback                   0x08002ccf   Thumb Code     2  stm32f4xx_hal_uart.o(i.HAL_UART_ErrorCallback)
    HAL_UART_IRQHandler                      0x08002cd1   Thumb Code   270  stm32f4xx_hal_uart.o(i.HAL_UART_IRQHandler)
    HAL_UART_Init                            0x08002de5   Thumb Code    98  stm32f4xx_hal_uart.o(i.HAL_UART_Init)
    HAL_UART_MspInit                         0x08002e49   Thumb Code   110  stm32f4xx_hal_msp.o(i.HAL_UART_MspInit)
    HAL_UART_RxCpltCallback                  0x08002ec5   Thumb Code     2  stm32f4xx_hal_uart.o(i.HAL_UART_RxCpltCallback)
    HAL_UART_Transmit_IT                     0x08002ec7   Thumb Code    62  stm32f4xx_hal_uart.o(i.HAL_UART_Transmit_IT)
    HAL_UART_TxCpltCallback                  0x08002f05   Thumb Code    62  balancingrobot_usart.o(i.HAL_UART_TxCpltCallback)
    I2C1_ER_IRQHandler                       0x08002f49   Thumb Code     6  stm32f4xx_it.o(i.I2C1_ER_IRQHandler)
    I2C1_EV_IRQHandler                       0x08002f55   Thumb Code     6  stm32f4xx_it.o(i.I2C1_EV_IRQHandler)
    MadgwickAHRSupdateIMU                    0x08003a09   Thumb Code   524  madgwickahrs.o(i.MadgwickAHRSupdateIMU)
    MemManage_Handler                        0x08003c1d   Thumb Code     2  stm32f4xx_it.o(i.MemManage_Handler)
    Mpu_temp_c                               0x08003c21   Thumb Code     8  mpu6050.o(i.Mpu_temp_c)
    PendSV_Handler                           0x08003c2d   Thumb Code     2  stm32f4xx_it.o(i.PendSV_Handler)
    SVC_Handler                              0x08003c2f   Thumb Code     2  stm32f4xx_it.o(i.SVC_Handler)
    SysTick_Handler                          0x08003c5d   Thumb Code    16  stm32f4xx_it.o(i.SysTick_Handler)
    SystemClock_Config                       0x08003c71   Thumb Code   124  main.o(i.SystemClock_Config)
    SystemInit                               0x08003cf5   Thumb Code    22  system_stm32f4xx.o(i.SystemInit)
    TIM_Base_SetConfig                       0x08003d11   Thumb Code   156  stm32f4xx_hal_tim.o(i.TIM_Base_SetConfig)
    TIM_CCxChannelCmd                        0x08003dd9   Thumb Code    26  stm32f4xx_hal_tim.o(i.TIM_CCxChannelCmd)
    TIM_ETR_SetConfig                        0x08003df3   Thumb Code    20  stm32f4xx_hal_tim.o(i.TIM_ETR_SetConfig)
    TIM_OC2_SetConfig                        0x08003e69   Thumb Code    98  stm32f4xx_hal_tim.o(i.TIM_OC2_SetConfig)
    TIM_TI1_SetConfig                        0x08004035   Thumb Code   100  stm32f4xx_hal_tim.o(i.TIM_TI1_SetConfig)
    TX_CopyData                              0x0800410f   Thumb Code   106  balancingrobot_usart.o(i.TX_CopyData)
    USART3_IRQHandler                        0x080043c9   Thumb Code     6  stm32f4xx_it.o(i.USART3_IRQHandler)
    USART3_TX_SendData                       0x080043d5   Thumb Code    48  balancingrobot_usart.o(i.USART3_TX_SendData)
    USART3_Tx_Initialization                 0x08004409   Thumb Code    66  balancingrobot_usart.o(i.USART3_Tx_Initialization)
    UsageFault_Handler                       0x08004461   Thumb Code     2  stm32f4xx_it.o(i.UsageFault_Handler)
    __0snprintf                              0x08004465   Thumb Code    44  printfa.o(i.__0snprintf)
    __1snprintf                              0x08004465   Thumb Code     0  printfa.o(i.__0snprintf)
    __2snprintf                              0x08004465   Thumb Code     0  printfa.o(i.__0snprintf)
    __c89snprintf                            0x08004465   Thumb Code     0  printfa.o(i.__0snprintf)
    snprintf                                 0x08004465   Thumb Code     0  printfa.o(i.__0snprintf)
    __ARM_fpclassify                         0x08004495   Thumb Code    48  fpclassify.o(i.__ARM_fpclassify)
    __hardfp_atan                            0x080044e9   Thumb Code   622  atan.o(i.__hardfp_atan)
    __hardfp_atan2                           0x080047c1   Thumb Code   432  atan2.o(i.__hardfp_atan2)
    __hardfp_fabs                            0x080049b1   Thumb Code    20  fabs.o(i.__hardfp_fabs)
    __hardfp_floor                           0x080049c9   Thumb Code   252  floor.o(i.__hardfp_floor)
    __hardfp_fmod                            0x08004ae1   Thumb Code   254  fmod.o(i.__hardfp_fmod)
    __kernel_poly                            0x08004c1d   Thumb Code   248  poly.o(i.__kernel_poly)
    __mathlib_dbl_infnan                     0x08004d15   Thumb Code    20  dunder.o(i.__mathlib_dbl_infnan)
    __mathlib_dbl_infnan2                    0x08004d29   Thumb Code    20  dunder.o(i.__mathlib_dbl_infnan2)
    __mathlib_dbl_invalid                    0x08004d41   Thumb Code    24  dunder.o(i.__mathlib_dbl_invalid)
    __mathlib_dbl_underflow                  0x08004d61   Thumb Code    24  dunder.o(i.__mathlib_dbl_underflow)
    __scatterload_copy                       0x08004d81   Thumb Code    14  handlers.o(i.__scatterload_copy)
    __scatterload_null                       0x08004d8f   Thumb Code     2  handlers.o(i.__scatterload_null)
    __scatterload_zeroinit                   0x08004d91   Thumb Code    14  handlers.o(i.__scatterload_zeroinit)
    __set_errno                              0x08004da1   Thumb Code     6  errno.o(i.__set_errno)
    atan                                     0x08005675   Thumb Code    16  atan.o(i.atan)
    fabs                                     0x08005685   Thumb Code    24  fabs.o(i.fabs)
    getBuffPtr                               0x0800569d   Thumb Code     2  getbuffptr.o(i.getBuffPtr)
    getKd                                    0x080056a1   Thumb Code     6  pid_gains.o(i.getKd)
    getKd_theta                              0x080056ad   Thumb Code     6  pid_gains.o(i.getKd_theta)
    getKi                                    0x080056b3   Thumb Code     6  pid_gains.o(i.getKi)
    getKi_theta                              0x080056b9   Thumb Code     6  pid_gains.o(i.getKi_theta)
    getKp                                    0x080056bf   Thumb Code     6  pid_gains.o(i.getKp)
    getKp_theta                              0x080056c5   Thumb Code     6  pid_gains.o(i.getKp_theta)
    getN                                     0x080056cd   Thumb Code     6  pid_gains.o(i.getN)
    getPitch                                 0x080056d9   Thumb Code   134  madgwickahrs.o(i.getPitch)
    getQ_0                                   0x08005775   Thumb Code     8  madgwickahrs.o(i.getQ_0)
    getQ_1                                   0x08005781   Thumb Code     8  madgwickahrs.o(i.getQ_1)
    getQ_2                                   0x0800578d   Thumb Code     8  madgwickahrs.o(i.getQ_2)
    getQ_3                                   0x08005799   Thumb Code     8  madgwickahrs.o(i.getQ_3)
    i2c_read                                 0x080057a5   Thumb Code    88  mpu6050.o(i.i2c_read)
    i2c_write                                0x08005805   Thumb Code    60  mpu6050.o(i.i2c_write)
    invSqrt                                  0x08005849   Thumb Code    40  madgwickahrs.o(i.invSqrt)
    isSetup                                  0x08005875   Thumb Code     8  mpu6050.o(i.isSetup)
    main                                     0x08005881   Thumb Code   304  main.o(i.main)
    mpu6050_read_sensors                     0x080059e1   Thumb Code   316  mpu6050.o(i.mpu6050_read_sensors)
    setFlag                                  0x08005b35   Thumb Code     8  mpu6050.o(i.setFlag)
    setupMPU6050                             0x08005b41   Thumb Code    46  mpu6050.o(i.setupMPU6050)
    AHBPrescTable                            0x08005b6e   Data          16  system_stm32f4xx.o(.constdata)
    APBPrescTable                            0x08005b7e   Data           8  system_stm32f4xx.o(.constdata)
    BalancingRobot_M                         0x08005b88   Data           4  balancingrobot.o(.constdata)
    __mathlib_zero                           0x08005ca8   Data           8  qnan.o(.constdata)
    Region$$Table$$Base                      0x08005cb0   Number         0  anon$$obj.o(Region$$Table)
    Region$$Table$$Limit                     0x08005cd0   Number         0  anon$$obj.o(Region$$Table)
    remainAutoReloadTimerLoopVal_S           0x20000008   Data           4  main.o(.data)
    uwTickFreq                               0x2000000c   Data           1  stm32f4xx_hal.o(.data)
    uwTickPrio                               0x20000010   Data           4  stm32f4xx_hal.o(.data)
    uwTick                                   0x20000014   Data           4  stm32f4xx_hal.o(.data)
    SystemCoreClock                          0x20000018   Data           4  system_stm32f4xx.o(.data)
    GPIOD_maskWrite                          0x20000058   Data           2  balancingrobot.o(.data)
    G_TIM_Count                              0x2000005a   Data           2  balancingrobot_tim.o(.data)
    G_SERIAL_TX_Count                        0x2000005c   Data           2  balancingrobot_usart.o(.data)
    G_SERIAL_TX_Conf                         0x20000060   Data           4  balancingrobot_usart.o(.data)
    G_SERIAL_TX_Handler                      0x20000064   Data           4  balancingrobot_usart.o(.data)
    hi2c1                                    0x2000006c   Data          84  main.o(.bss)
    htim2                                    0x200000c0   Data          64  main.o(.bss)
    htim3                                    0x20000100   Data          64  main.o(.bss)
    htim9                                    0x20000140   Data          64  main.o(.bss)
    huart3                                   0x20000180   Data          64  main.o(.bss)
    BalancingRobot_B                         0x200001d0   Data          72  balancingrobot.o(.bss)
    BalancingRobot_DW                        0x20000218   Data          56  balancingrobot.o(.bss)
    BalancingRobot_M_                        0x20000250   Data          16  balancingrobot.o(.bss)
    EXTI_Callback                            0x20000260   Data          64  balancingrobot_exti.o(.bss)
    G_TIM_Conf                               0x200002a0   Data          12  balancingrobot_tim.o(.bss)
    G_TIM_Handler                            0x200002ac   Data          12  balancingrobot_tim.o(.bss)
    TIM3_Conf                                0x200002b8   Data         148  balancingrobot_tim.o(.bss)
    TIM2_Conf                                0x2000034c   Data         148  balancingrobot_tim.o(.bss)
    TIM9_Conf                                0x200003e0   Data         148  balancingrobot_tim.o(.bss)
    USART3_TxConf                            0x2000053c   Data          36  balancingrobot_usart.o(.bss)
    __initial_sp                             0x20000960   Data           0  startup_stm32f407xx.o(STACK)



==============================================================================

Memory Map of the image

  Image Entry point : 0x08000189

  Load Region LR_IROM1 (Base: 0x08000000, Size: 0x00005d3c, Max: 0x00100000, ABSOLUTE)

    Execution Region ER_IROM1 (Exec base: 0x08000000, Load base: 0x08000000, Size: 0x00005cd0, Max: 0x00100000, ABSOLUTE)

    Exec Addr    Load Addr    Size         Type   Attr      Idx    E Section Name        Object

    0x08000000   0x08000000   0x00000188   Data   RO            3    RESET               startup_stm32f407xx.o
    0x08000188   0x08000188   0x00000000   Code   RO         3782  * .ARM.Collect$$$$00000000  mc_w.l(entry.o)
    0x08000188   0x08000188   0x00000004   Code   RO         4101    .ARM.Collect$$$$00000001  mc_w.l(entry2.o)
    0x0800018c   0x0800018c   0x00000004   Code   RO         4104    .ARM.Collect$$$$00000004  mc_w.l(entry5.o)
    0x08000190   0x08000190   0x00000000   Code   RO         4106    .ARM.Collect$$$$00000008  mc_w.l(entry7b.o)
    0x08000190   0x08000190   0x00000000   Code   RO         4108    .ARM.Collect$$$$0000000A  mc_w.l(entry8b.o)
    0x08000190   0x08000190   0x00000008   Code   RO         4109    .ARM.Collect$$$$0000000B  mc_w.l(entry9a.o)
    0x08000198   0x08000198   0x00000000   Code   RO         4111    .ARM.Collect$$$$0000000D  mc_w.l(entry10a.o)
    0x08000198   0x08000198   0x00000000   Code   RO         4113    .ARM.Collect$$$$0000000F  mc_w.l(entry11a.o)
    0x08000198   0x08000198   0x00000004   Code   RO         4102    .ARM.Collect$$$$00002712  mc_w.l(entry2.o)
    0x0800019c   0x0800019c   0x00000024   Code   RO            4    .text               startup_stm32f407xx.o
    0x080001c0   0x080001c0   0x00000062   Code   RO         3785    .text               mc_w.l(uldiv.o)
    0x08000222   0x08000222   0x00000024   Code   RO         3787    .text               mc_w.l(memseta.o)
    0x08000246   0x08000246   0x0000000e   Code   RO         3789    .text               mc_w.l(strlen.o)
    0x08000254   0x08000254   0x0000014e   Code   RO         4052    .text               mf_w.l(dadd.o)
    0x080003a2   0x080003a2   0x000000e4   Code   RO         4054    .text               mf_w.l(dmul.o)
    0x08000486   0x08000486   0x000000de   Code   RO         4056    .text               mf_w.l(ddiv.o)
    0x08000564   0x08000564   0x0000001a   Code   RO         4060    .text               mf_w.l(dfltui.o)
    0x0800057e   0x0800057e   0x00000032   Code   RO         4062    .text               mf_w.l(dfixui.o)
    0x080005b0   0x080005b0   0x00000026   Code   RO         4064    .text               mf_w.l(f2d.o)
    0x080005d6   0x080005d6   0x00000002   PAD
    0x080005d8   0x080005d8   0x00000030   Code   RO         4066    .text               mf_w.l(cdcmple.o)
    0x08000608   0x08000608   0x00000030   Code   RO         4068    .text               mf_w.l(cdrcmple.o)
    0x08000638   0x08000638   0x00000038   Code   RO         4070    .text               mf_w.l(d2f.o)
    0x08000670   0x08000670   0x0000002c   Code   RO         4118    .text               mc_w.l(uidiv.o)
    0x0800069c   0x0800069c   0x0000001e   Code   RO         4120    .text               mc_w.l(llshl.o)
    0x080006ba   0x080006ba   0x00000020   Code   RO         4122    .text               mc_w.l(llushr.o)
    0x080006da   0x080006da   0x00000024   Code   RO         4124    .text               mc_w.l(llsshr.o)
    0x080006fe   0x080006fe   0x00000000   Code   RO         4133    .text               mc_w.l(iusefp.o)
    0x080006fe   0x080006fe   0x0000006e   Code   RO         4134    .text               mf_w.l(fepilogue.o)
    0x0800076c   0x0800076c   0x000000ba   Code   RO         4136    .text               mf_w.l(depilogue.o)
    0x08000826   0x08000826   0x00000086   Code   RO         4140    .text               mf_w.l(drem.o)
    0x080008ac   0x080008ac   0x00000030   Code   RO         4142    .text               mf_w.l(dfixul.o)
    0x080008dc   0x080008dc   0x00000024   Code   RO         4148    .text               mc_w.l(init.o)
    0x08000900   0x08000900   0x0000000c   Code   RO         3387    i.Accel_x_g         mpu6050.o
    0x0800090c   0x0800090c   0x0000000c   Code   RO         3388    i.Accel_y_g         mpu6050.o
    0x08000918   0x08000918   0x0000000c   Code   RO         3389    i.Accel_z_g         mpu6050.o
    0x08000924   0x08000924   0x00000018   Code   RO         3536    i.BalancingRobot_SetEventsForThisBaseStep  balancingrobot.o
    0x0800093c   0x0800093c   0x000002a0   Code   RO         3537    i.BalancingRobot_initialize  balancingrobot.o
    0x08000bdc   0x08000bdc   0x00000010   Code   RO         3538    i.BalancingRobot_step  balancingrobot.o
    0x08000bec   0x08000bec   0x0000002c   Code   RO         3539    i.BalancingRobot_step0  balancingrobot.o
    0x08000c18   0x08000c18   0x00000028   Code   RO         3540    i.BalancingRobot_step1  balancingrobot.o
    0x08000c40   0x08000c40   0x00000002   Code   RO          232    i.BusFault_Handler  stm32f4xx_it.o
    0x08000c42   0x08000c42   0x00000002   Code   RO          233    i.DebugMon_Handler  stm32f4xx_it.o
    0x08000c44   0x08000c44   0x00000006   Code   RO          234    i.EXTI0_IRQHandler  stm32f4xx_it.o
    0x08000c4a   0x08000c4a   0x00000002   PAD
    0x08000c4c   0x08000c4c   0x00000c90   Code   RO         3617    i.EXTI1_Callback    balancingrobot_exti.o
    0x080018dc   0x080018dc   0x00000006   Code   RO          235    i.EXTI1_IRQHandler  stm32f4xx_it.o
    0x080018e2   0x080018e2   0x00000002   PAD
    0x080018e4   0x080018e4   0x0000000c   Code   RO         3390    i.Gyro_x_rad        mpu6050.o
    0x080018f0   0x080018f0   0x0000000c   Code   RO         3391    i.Gyro_y_rad        mpu6050.o
    0x080018fc   0x080018fc   0x0000000c   Code   RO         3392    i.Gyro_z_rad        mpu6050.o
    0x08001908   0x08001908   0x00000024   Code   RO         1316    i.HAL_DMA_Abort_IT  stm32f4xx_hal_dma.o
    0x0800192c   0x0800192c   0x00000006   Code   RO         1319    i.HAL_DMA_GetState  stm32f4xx_hal_dma.o
    0x08001932   0x08001932   0x00000002   PAD
    0x08001934   0x08001934   0x000000a8   Code   RO         3618    i.HAL_GPIO_EXTI_Callback  balancingrobot_exti.o
    0x080019dc   0x080019dc   0x00000018   Code   RO         1207    i.HAL_GPIO_EXTI_IRQHandler  stm32f4xx_hal_gpio.o
    0x080019f4   0x080019f4   0x000001b8   Code   RO         1208    i.HAL_GPIO_Init     stm32f4xx_hal_gpio.o
    0x08001bac   0x08001bac   0x0000000e   Code   RO         1211    i.HAL_GPIO_TogglePin  stm32f4xx_hal_gpio.o
    0x08001bba   0x08001bba   0x0000000a   Code   RO         1212    i.HAL_GPIO_WritePin  stm32f4xx_hal_gpio.o
    0x08001bc4   0x08001bc4   0x0000000c   Code   RO         1740    i.HAL_GetTick       stm32f4xx_hal.o
    0x08001bd0   0x08001bd0   0x00000002   Code   RO          408    i.HAL_I2C_AbortCpltCallback  stm32f4xx_hal_i2c.o
    0x08001bd2   0x08001bd2   0x00000002   Code   RO          409    i.HAL_I2C_AddrCallback  stm32f4xx_hal_i2c.o
    0x08001bd4   0x08001bd4   0x000000ba   Code   RO          412    i.HAL_I2C_ER_IRQHandler  stm32f4xx_hal_i2c.o
    0x08001c8e   0x08001c8e   0x0000025a   Code   RO          413    i.HAL_I2C_EV_IRQHandler  stm32f4xx_hal_i2c.o
    0x08001ee8   0x08001ee8   0x00000002   Code   RO          415    i.HAL_I2C_ErrorCallback  stm32f4xx_hal_i2c.o
    0x08001eea   0x08001eea   0x00000002   PAD
    0x08001eec   0x08001eec   0x00000188   Code   RO          419    i.HAL_I2C_Init      stm32f4xx_hal_i2c.o
    0x08002074   0x08002074   0x00000002   Code   RO          421    i.HAL_I2C_ListenCpltCallback  stm32f4xx_hal_i2c.o
    0x08002076   0x08002076   0x00000002   Code   RO          422    i.HAL_I2C_MasterRxCpltCallback  stm32f4xx_hal_i2c.o
    0x08002078   0x08002078   0x00000002   Code   RO          423    i.HAL_I2C_MasterTxCpltCallback  stm32f4xx_hal_i2c.o
    0x0800207a   0x0800207a   0x00000002   Code   RO          435    i.HAL_I2C_MemRxCpltCallback  stm32f4xx_hal_i2c.o
    0x0800207c   0x0800207c   0x00000002   Code   RO          436    i.HAL_I2C_MemTxCpltCallback  stm32f4xx_hal_i2c.o
    0x0800207e   0x0800207e   0x00000002   PAD
    0x08002080   0x08002080   0x0000008c   Code   RO          331    i.HAL_I2C_MspInit   stm32f4xx_hal_msp.o
    0x0800210c   0x0800210c   0x00000002   Code   RO          445    i.HAL_I2C_SlaveRxCpltCallback  stm32f4xx_hal_i2c.o
    0x0800210e   0x0800210e   0x00000002   Code   RO          446    i.HAL_I2C_SlaveTxCpltCallback  stm32f4xx_hal_i2c.o
    0x08002110   0x08002110   0x00000010   Code   RO         1746    i.HAL_IncTick       stm32f4xx_hal.o
    0x08002120   0x08002120   0x00000034   Code   RO         1747    i.HAL_Init          stm32f4xx_hal.o
    0x08002154   0x08002154   0x00000040   Code   RO         1748    i.HAL_InitTick      stm32f4xx_hal.o
    0x08002194   0x08002194   0x00000034   Code   RO          332    i.HAL_MspInit       stm32f4xx_hal_msp.o
    0x080021c8   0x080021c8   0x0000001a   Code   RO         1597    i.HAL_NVIC_EnableIRQ  stm32f4xx_hal_cortex.o
    0x080021e2   0x080021e2   0x00000002   PAD
    0x080021e4   0x080021e4   0x00000040   Code   RO         1603    i.HAL_NVIC_SetPriority  stm32f4xx_hal_cortex.o
    0x08002224   0x08002224   0x00000024   Code   RO         1604    i.HAL_NVIC_SetPriorityGrouping  stm32f4xx_hal_cortex.o
    0x08002248   0x08002248   0x00000134   Code   RO          854    i.HAL_RCC_ClockConfig  stm32f4xx_hal_rcc.o
    0x0800237c   0x0800237c   0x00000020   Code   RO          861    i.HAL_RCC_GetPCLK1Freq  stm32f4xx_hal_rcc.o
    0x0800239c   0x0800239c   0x00000020   Code   RO          862    i.HAL_RCC_GetPCLK2Freq  stm32f4xx_hal_rcc.o
    0x080023bc   0x080023bc   0x00000060   Code   RO          863    i.HAL_RCC_GetSysClockFreq  stm32f4xx_hal_rcc.o
    0x0800241c   0x0800241c   0x0000035c   Code   RO          866    i.HAL_RCC_OscConfig  stm32f4xx_hal_rcc.o
    0x08002778   0x08002778   0x00000028   Code   RO         1608    i.HAL_SYSTICK_Config  stm32f4xx_hal_cortex.o
    0x080027a0   0x080027a0   0x00000090   Code   RO         2680    i.HAL_TIMEx_MasterConfigSynchronization  stm32f4xx_hal_tim_ex.o
    0x08002830   0x08002830   0x00000036   Code   RO         1987    i.HAL_TIM_Base_Init  stm32f4xx_hal_tim.o
    0x08002866   0x08002866   0x00000002   PAD
    0x08002868   0x08002868   0x000000a4   Code   RO          334    i.HAL_TIM_Base_MspInit  stm32f4xx_hal_msp.o
    0x0800290c   0x0800290c   0x00000026   Code   RO         2015    i.HAL_TIM_GenerateEvent  stm32f4xx_hal_tim.o
    0x08002932   0x08002932   0x00000002   PAD
    0x08002934   0x08002934   0x0000011e   Code   RO         2018    i.HAL_TIM_IC_ConfigChannel  stm32f4xx_hal_tim.o
    0x08002a52   0x08002a52   0x00000036   Code   RO         2021    i.HAL_TIM_IC_Init   stm32f4xx_hal_tim.o
    0x08002a88   0x08002a88   0x00000002   Code   RO         2023    i.HAL_TIM_IC_MspInit  stm32f4xx_hal_tim.o
    0x08002a8a   0x08002a8a   0x00000024   Code   RO         2024    i.HAL_TIM_IC_Start  stm32f4xx_hal_tim.o
    0x08002aae   0x08002aae   0x00000002   PAD
    0x08002ab0   0x08002ab0   0x00000054   Code   RO          335    i.HAL_TIM_MspPostInit  stm32f4xx_hal_msp.o
    0x08002b04   0x08002b04   0x000000d0   Code   RO         2054    i.HAL_TIM_PWM_ConfigChannel  stm32f4xx_hal_tim.o
    0x08002bd4   0x08002bd4   0x00000036   Code   RO         2057    i.HAL_TIM_PWM_Init  stm32f4xx_hal_tim.o
    0x08002c0a   0x08002c0a   0x00000002   PAD
    0x08002c0c   0x08002c0c   0x00000028   Code   RO          337    i.HAL_TIM_PWM_MspInit  stm32f4xx_hal_msp.o
    0x08002c34   0x08002c34   0x00000044   Code   RO         2062    i.HAL_TIM_PWM_Start  stm32f4xx_hal_tim.o
    0x08002c78   0x08002c78   0x00000056   Code   RO         2071    i.HAL_TIM_SlaveConfigSynchro  stm32f4xx_hal_tim.o
    0x08002cce   0x08002cce   0x00000002   Code   RO         2934    i.HAL_UART_ErrorCallback  stm32f4xx_hal_uart.o
    0x08002cd0   0x08002cd0   0x00000114   Code   RO         2937    i.HAL_UART_IRQHandler  stm32f4xx_hal_uart.o
    0x08002de4   0x08002de4   0x00000062   Code   RO         2938    i.HAL_UART_Init     stm32f4xx_hal_uart.o
    0x08002e46   0x08002e46   0x00000002   PAD
    0x08002e48   0x08002e48   0x0000007c   Code   RO          339    i.HAL_UART_MspInit  stm32f4xx_hal_msp.o
    0x08002ec4   0x08002ec4   0x00000002   Code   RO         2944    i.HAL_UART_RxCpltCallback  stm32f4xx_hal_uart.o
    0x08002ec6   0x08002ec6   0x0000003e   Code   RO         2948    i.HAL_UART_Transmit_IT  stm32f4xx_hal_uart.o
    0x08002f04   0x08002f04   0x00000044   Code   RO         3687    i.HAL_UART_TxCpltCallback  balancingrobot_usart.o
    0x08002f48   0x08002f48   0x0000000c   Code   RO          236    i.I2C1_ER_IRQHandler  stm32f4xx_it.o
    0x08002f54   0x08002f54   0x0000000c   Code   RO          237    i.I2C1_EV_IRQHandler  stm32f4xx_it.o
    0x08002f60   0x08002f60   0x00000086   Code   RO          457    i.I2C_DMAAbort      stm32f4xx_hal_i2c.o
    0x08002fe6   0x08002fe6   0x00000002   PAD
    0x08002fe8   0x08002fe8   0x00000154   Code   RO          460    i.I2C_ITError       stm32f4xx_hal_i2c.o
    0x0800313c   0x0800313c   0x000000d2   Code   RO          462    i.I2C_MasterReceive_BTF  stm32f4xx_hal_i2c.o
    0x0800320e   0x0800320e   0x00000092   Code   RO          463    i.I2C_MasterReceive_RXNE  stm32f4xx_hal_i2c.o
    0x080032a0   0x080032a0   0x00000092   Code   RO          466    i.I2C_MasterTransmit_BTF  stm32f4xx_hal_i2c.o
    0x08003332   0x08003332   0x00000002   PAD
    0x08003334   0x08003334   0x000000b6   Code   RO          467    i.I2C_MasterTransmit_TXE  stm32f4xx_hal_i2c.o
    0x080033ea   0x080033ea   0x00000002   PAD
    0x080033ec   0x080033ec   0x00000118   Code   RO          468    i.I2C_Master_ADDR   stm32f4xx_hal_i2c.o
    0x08003504   0x08003504   0x0000008c   Code   RO          469    i.I2C_Master_SB     stm32f4xx_hal_i2c.o
    0x08003590   0x08003590   0x0000006c   Code   RO          470    i.I2C_MemoryTransmit_TXE_BTF  stm32f4xx_hal_i2c.o
    0x080035fc   0x080035fc   0x00000084   Code   RO          473    i.I2C_Slave_AF      stm32f4xx_hal_i2c.o
    0x08003680   0x08003680   0x0000015c   Code   RO          474    i.I2C_Slave_STOPF   stm32f4xx_hal_i2c.o
    0x080037dc   0x080037dc   0x000000f0   Code   RO           14    i.MX_GPIO_Init      main.o
    0x080038cc   0x080038cc   0x00000074   Code   RO           15    i.MX_TIM2_Init      main.o
    0x08003940   0x08003940   0x00000074   Code   RO           16    i.MX_TIM3_Init      main.o
    0x080039b4   0x080039b4   0x00000054   Code   RO           17    i.MX_TIM9_Init      main.o
    0x08003a08   0x08003a08   0x00000214   Code   RO         3326    i.MadgwickAHRSupdateIMU  madgwickahrs.o
    0x08003c1c   0x08003c1c   0x00000002   Code   RO          238    i.MemManage_Handler  stm32f4xx_it.o
    0x08003c1e   0x08003c1e   0x00000002   PAD
    0x08003c20   0x08003c20   0x0000000c   Code   RO         3394    i.Mpu_temp_c        mpu6050.o
    0x08003c2c   0x08003c2c   0x00000002   Code   RO          239    i.PendSV_Handler    stm32f4xx_it.o
    0x08003c2e   0x08003c2e   0x00000002   Code   RO          240    i.SVC_Handler       stm32f4xx_it.o
    0x08003c30   0x08003c30   0x0000002c   Code   RO           18    i.SysTick_Config    main.o
    0x08003c5c   0x08003c5c   0x00000014   Code   RO          241    i.SysTick_Handler   stm32f4xx_it.o
    0x08003c70   0x08003c70   0x00000084   Code   RO           19    i.SystemClock_Config  main.o
    0x08003cf4   0x08003cf4   0x0000001c   Code   RO         3240    i.SystemInit        system_stm32f4xx.o
    0x08003d10   0x08003d10   0x000000c8   Code   RO         2075    i.TIM_Base_SetConfig  stm32f4xx_hal_tim.o
    0x08003dd8   0x08003dd8   0x0000001a   Code   RO         2076    i.TIM_CCxChannelCmd  stm32f4xx_hal_tim.o
    0x08003df2   0x08003df2   0x00000014   Code   RO         2086    i.TIM_ETR_SetConfig  stm32f4xx_hal_tim.o
    0x08003e06   0x08003e06   0x00000002   PAD
    0x08003e08   0x08003e08   0x00000060   Code   RO         2088    i.TIM_OC1_SetConfig  stm32f4xx_hal_tim.o
    0x08003e68   0x08003e68   0x0000006c   Code   RO         2089    i.TIM_OC2_SetConfig  stm32f4xx_hal_tim.o
    0x08003ed4   0x08003ed4   0x00000068   Code   RO         2090    i.TIM_OC3_SetConfig  stm32f4xx_hal_tim.o
    0x08003f3c   0x08003f3c   0x00000050   Code   RO         2091    i.TIM_OC4_SetConfig  stm32f4xx_hal_tim.o
    0x08003f8c   0x08003f8c   0x00000086   Code   RO         2092    i.TIM_SlaveTimer_SetConfig  stm32f4xx_hal_tim.o
    0x08004012   0x08004012   0x00000022   Code   RO         2093    i.TIM_TI1_ConfigInputStage  stm32f4xx_hal_tim.o
    0x08004034   0x08004034   0x00000080   Code   RO         2094    i.TIM_TI1_SetConfig  stm32f4xx_hal_tim.o
    0x080040b4   0x080040b4   0x00000024   Code   RO         2095    i.TIM_TI2_ConfigInputStage  stm32f4xx_hal_tim.o
    0x080040d8   0x080040d8   0x00000036   Code   RO         2096    i.TIM_TI2_SetConfig  stm32f4xx_hal_tim.o
    0x0800410e   0x0800410e   0x0000006a   Code   RO         3688    i.TX_CopyData       balancingrobot_usart.o
    0x08004178   0x08004178   0x00000010   Code   RO         2951    i.UART_DMAAbortOnError  stm32f4xx_hal_uart.o
    0x08004188   0x08004188   0x0000001c   Code   RO         2961    i.UART_EndRxTransfer  stm32f4xx_hal_uart.o
    0x080041a4   0x080041a4   0x00000096   Code   RO         2963    i.UART_Receive_IT   stm32f4xx_hal_uart.o
    0x0800423a   0x0800423a   0x00000002   PAD
    0x0800423c   0x0800423c   0x00000128   Code   RO         2964    i.UART_SetConfig    stm32f4xx_hal_uart.o
    0x08004364   0x08004364   0x00000062   Code   RO         2965    i.UART_Transmit_IT  stm32f4xx_hal_uart.o
    0x080043c6   0x080043c6   0x00000002   PAD
    0x080043c8   0x080043c8   0x0000000c   Code   RO          242    i.USART3_IRQHandler  stm32f4xx_it.o
    0x080043d4   0x080043d4   0x00000034   Code   RO         3689    i.USART3_TX_SendData  balancingrobot_usart.o
    0x08004408   0x08004408   0x00000058   Code   RO         3690    i.USART3_Tx_Initialization  balancingrobot_usart.o
    0x08004460   0x08004460   0x00000002   Code   RO          243    i.UsageFault_Handler  stm32f4xx_it.o
    0x08004462   0x08004462   0x00000002   PAD
    0x08004464   0x08004464   0x00000030   Code   RO         4025    i.__0snprintf       mc_w.l(printfa.o)
    0x08004494   0x08004494   0x00000030   Code   RO         4144    i.__ARM_fpclassify  m_wm.l(fpclassify.o)
    0x080044c4   0x080044c4   0x00000020   Code   RO         1610    i.__NVIC_SetPriority  stm32f4xx_hal_cortex.o
    0x080044e4   0x080044e4   0x00000004   PAD
    0x080044e8   0x080044e8   0x000002d8   Code   RO         4072    i.__hardfp_atan     m_wm.l(atan.o)
    0x080047c0   0x080047c0   0x000001f0   Code   RO         3734    i.__hardfp_atan2    m_wm.l(atan2.o)
    0x080049b0   0x080049b0   0x00000014   Code   RO         3746    i.__hardfp_fabs     m_wm.l(fabs.o)
    0x080049c4   0x080049c4   0x00000004   PAD
    0x080049c8   0x080049c8   0x00000118   Code   RO         3752    i.__hardfp_floor    m_wm.l(floor.o)
    0x08004ae0   0x08004ae0   0x00000104   Code   RO         3758    i.__hardfp_fmod     m_wm.l(fmod.o)
    0x08004be4   0x08004be4   0x0000001c   Code   RO         3395    i.__i2c_start       mpu6050.o
    0x08004c00   0x08004c00   0x0000001c   Code   RO         3396    i.__i2c_stop        mpu6050.o
    0x08004c1c   0x08004c1c   0x000000f8   Code   RO         4146    i.__kernel_poly     m_wm.l(poly.o)
    0x08004d14   0x08004d14   0x00000014   Code   RO         4087    i.__mathlib_dbl_infnan  m_wm.l(dunder.o)
    0x08004d28   0x08004d28   0x00000014   Code   RO         4088    i.__mathlib_dbl_infnan2  m_wm.l(dunder.o)
    0x08004d3c   0x08004d3c   0x00000004   PAD
    0x08004d40   0x08004d40   0x00000020   Code   RO         4089    i.__mathlib_dbl_invalid  m_wm.l(dunder.o)
    0x08004d60   0x08004d60   0x00000020   Code   RO         4092    i.__mathlib_dbl_underflow  m_wm.l(dunder.o)
    0x08004d80   0x08004d80   0x0000000e   Code   RO         4154    i.__scatterload_copy  mc_w.l(handlers.o)
    0x08004d8e   0x08004d8e   0x00000002   Code   RO         4155    i.__scatterload_null  mc_w.l(handlers.o)
    0x08004d90   0x08004d90   0x0000000e   Code   RO         4156    i.__scatterload_zeroinit  mc_w.l(handlers.o)
    0x08004d9e   0x08004d9e   0x00000002   PAD
    0x08004da0   0x08004da0   0x0000000c   Code   RO         4128    i.__set_errno       mc_w.l(errno.o)
    0x08004dac   0x08004dac   0x00000184   Code   RO         4031    i._fp_digits        mc_w.l(printfa.o)
    0x08004f30   0x08004f30   0x000006dc   Code   RO         4032    i._printf_core      mc_w.l(printfa.o)
    0x0800560c   0x0800560c   0x00000024   Code   RO         4033    i._printf_post_padding  mc_w.l(printfa.o)
    0x08005630   0x08005630   0x0000002e   Code   RO         4034    i._printf_pre_padding  mc_w.l(printfa.o)
    0x0800565e   0x0800565e   0x00000016   Code   RO         4035    i._snputc           mc_w.l(printfa.o)
    0x08005674   0x08005674   0x00000010   Code   RO         4074    i.atan              m_wm.l(atan.o)
    0x08005684   0x08005684   0x00000018   Code   RO         3748    i.fabs              m_wm.l(fabs.o)
    0x0800569c   0x0800569c   0x00000002   Code   RO         3521    i.getBuffPtr        getbuffptr.o
    0x0800569e   0x0800569e   0x00000002   PAD
    0x080056a0   0x080056a0   0x0000000c   Code   RO         3274    i.getKd             pid_gains.o
    0x080056ac   0x080056ac   0x00000006   Code   RO         3275    i.getKd_theta       pid_gains.o
    0x080056b2   0x080056b2   0x00000006   Code   RO         3276    i.getKi             pid_gains.o
    0x080056b8   0x080056b8   0x00000006   Code   RO         3277    i.getKi_theta       pid_gains.o
    0x080056be   0x080056be   0x00000006   Code   RO         3278    i.getKp             pid_gains.o
    0x080056c4   0x080056c4   0x00000006   Code   RO         3279    i.getKp_theta       pid_gains.o
    0x080056ca   0x080056ca   0x00000002   PAD
    0x080056cc   0x080056cc   0x0000000c   Code   RO         3280    i.getN              pid_gains.o
    0x080056d8   0x080056d8   0x0000009c   Code   RO         3327    i.getPitch          madgwickahrs.o
    0x08005774   0x08005774   0x0000000c   Code   RO         3328    i.getQ_0            madgwickahrs.o
    0x08005780   0x08005780   0x0000000c   Code   RO         3329    i.getQ_1            madgwickahrs.o
    0x0800578c   0x0800578c   0x0000000c   Code   RO         3330    i.getQ_2            madgwickahrs.o
    0x08005798   0x08005798   0x0000000c   Code   RO         3331    i.getQ_3            madgwickahrs.o
    0x080057a4   0x080057a4   0x00000060   Code   RO         3398    i.i2c_read          mpu6050.o
    0x08005804   0x08005804   0x00000044   Code   RO         3399    i.i2c_write         mpu6050.o
    0x08005848   0x08005848   0x0000002c   Code   RO         3332    i.invSqrt           madgwickahrs.o
    0x08005874   0x08005874   0x0000000c   Code   RO         3400    i.isSetup           mpu6050.o
    0x08005880   0x08005880   0x00000160   Code   RO           20    i.main              main.o
    0x080059e0   0x080059e0   0x00000154   Code   RO         3401    i.mpu6050_read_sensors  mpu6050.o
    0x08005b34   0x08005b34   0x0000000c   Code   RO         3402    i.setFlag           mpu6050.o
    0x08005b40   0x08005b40   0x0000002e   Code   RO         3404    i.setupMPU6050      mpu6050.o
    0x08005b6e   0x08005b6e   0x00000010   Data   RO         3241    .constdata          system_stm32f4xx.o
    0x08005b7e   0x08005b7e   0x00000008   Data   RO         3242    .constdata          system_stm32f4xx.o
    0x08005b86   0x08005b86   0x00000002   PAD
    0x08005b88   0x08005b88   0x00000004   Data   RO         3543    .constdata          balancingrobot.o
    0x08005b8c   0x08005b8c   0x00000084   Data   RO         3620    .constdata          balancingrobot_exti.o
    0x08005c10   0x08005c10   0x00000098   Data   RO         4075    .constdata          m_wm.l(atan.o)
    0x08005ca8   0x08005ca8   0x00000008   Data   RO         4100    .constdata          m_wm.l(qnan.o)
    0x08005cb0   0x08005cb0   0x00000020   Data   RO         4152    Region$$Table       anon$$obj.o


    Execution Region RW_IRAM2 (Exec base: 0x10000000, Load base: 0x08005d3c, Size: 0x00000000, Max: 0x00010000, ABSOLUTE)

    **** No section assigned to this execution region ****


    Execution Region RW_IRAM1 (Exec base: 0x20000000, Load base: 0x08005cd0, Size: 0x00000960, Max: 0x00020000, ABSOLUTE)

    Exec Addr    Load Addr    Size         Type   Attr      Idx    E Section Name        Object

    0x20000000   0x08005cd0   0x0000000c   Data   RW           22    .data               main.o
    0x2000000c   0x08005cdc   0x0000000c   Data   RW         1754    .data               stm32f4xx_hal.o
    0x20000018   0x08005ce8   0x00000004   Data   RW         3243    .data               system_stm32f4xx.o
    0x2000001c   0x08005cec   0x00000014   Data   RW         3333    .data               madgwickahrs.o
    0x20000030   0x08005d00   0x00000028   Data   RW         3406    .data               mpu6050.o
    0x20000058   0x08005d28   0x00000002   Data   RW         3544    .data               balancingrobot.o
    0x2000005a   0x08005d2a   0x00000002   Data   RW         3659    .data               balancingrobot_tim.o
    0x2000005c   0x08005d2c   0x0000000c   Data   RW         3692    .data               balancingrobot_usart.o
    0x20000068   0x08005d38   0x00000004   Data   RW         4129    .data               mc_w.l(errno.o)
    0x2000006c        -       0x00000154   Zero   RW           21    .bss                main.o
    0x200001c0        -       0x0000000e   Zero   RW         3405    .bss                mpu6050.o
    0x200001ce   0x08005d3c   0x00000002   PAD
    0x200001d0        -       0x00000080   Zero   RW         3541    .bss                balancingrobot.o
    0x20000250        -       0x00000010   Zero   RW         3542    .bss                balancingrobot.o
    0x20000260        -       0x00000040   Zero   RW         3619    .bss                balancingrobot_exti.o
    0x200002a0        -       0x0000000c   Zero   RW         3654    .bss                balancingrobot_tim.o
    0x200002ac        -       0x0000000c   Zero   RW         3655    .bss                balancingrobot_tim.o
    0x200002b8        -       0x00000094   Zero   RW         3656    .bss                balancingrobot_tim.o
    0x2000034c        -       0x00000094   Zero   RW         3657    .bss                balancingrobot_tim.o
    0x200003e0        -       0x00000094   Zero   RW         3658    .bss                balancingrobot_tim.o
    0x20000474        -       0x000000ec   Zero   RW         3691    .bss                balancingrobot_usart.o
    0x20000560        -       0x00000400   Zero   RW            1    STACK               startup_stm32f407xx.o


==============================================================================

Image component sizes


      Code (inc. data)   RO Data    RW Data    ZI Data      Debug   Object Name

       796         84          4          2        144       6538   balancingrobot.o
      3384        208        132          0         64       5414   balancingrobot_exti.o
         0          0          0          2        468       2794   balancingrobot_tim.o
       314         32          0         12        236       4728   balancingrobot_usart.o
         2          0          0          0          0        621   getbuffptr.o
       780         50          0         20          0       4725   madgwickahrs.o
      1084        106          0         12        340     729379   main.o
       714         86          0         40         14       9921   mpu6050.o
        54         12          0          0          0       3369   pid_gains.o
        36          8        392          0       1024        852   startup_stm32f407xx.o
       144         24          0         12          0       8869   stm32f4xx_hal.o
       198         14          0          0          0      34031   stm32f4xx_hal_cortex.o
        42          0          0          0          0       1846   stm32f4xx_hal_dma.o
       488         52          0          0          0       3724   stm32f4xx_hal_gpio.o
      3366         44          0          0          0      22053   stm32f4xx_hal_i2c.o
       604         72          0          0          0       4522   stm32f4xx_hal_msp.o
      1328         72          0          0          0       5316   stm32f4xx_hal_rcc.o
      1906        126          0          0          0      18000   stm32f4xx_hal_tim.o
       144         28          0          0          0       1372   stm32f4xx_hal_tim_ex.o
      1028         16          0          0          0       7864   stm32f4xx_hal_uart.o
        80         22          0          0          0       5676   stm32f4xx_it.o
        28          6         24          4          0       1175   system_stm32f4xx.o

    ----------------------------------------------------------------------
     16566       1062        586        104       2292     882789   Object Totals
         0          0         32          0          0          0   (incl. Generated)
        46          0          2          0          2          0   (incl. Padding)

    ----------------------------------------------------------------------

      Code (inc. data)   RO Data    RW Data    ZI Data      Debug   Library Member Name

       744        106        152          0          0        352   atan.o
       496         64          0          0          0        192   atan2.o
       104         16          0          0          0        496   dunder.o
        44          0          0          0          0        248   fabs.o
       280         28          0          0          0        156   floor.o
       260          6          0          0          0        144   fmod.o
        48          0          0          0          0        124   fpclassify.o
       248          0          0          0          0        152   poly.o
         0          0          8          0          0          0   qnan.o
         0          0          0          0          0          0   entry.o
         0          0          0          0          0          0   entry10a.o
         0          0          0          0          0          0   entry11a.o
         8          4          0          0          0          0   entry2.o
         4          0          0          0          0          0   entry5.o
         0          0          0          0          0          0   entry7b.o
         0          0          0          0          0          0   entry8b.o
         8          4          0          0          0          0   entry9a.o
        12          6          0          4          0         68   errno.o
        30          0          0          0          0          0   handlers.o
        36          8          0          0          0         68   init.o
         0          0          0          0          0          0   iusefp.o
        30          0          0          0          0         68   llshl.o
        36          0          0          0          0         68   llsshr.o
        32          0          0          0          0         68   llushr.o
        36          0          0          0          0        108   memseta.o
      2296         84          0          0          0        520   printfa.o
        14          0          0          0          0         68   strlen.o
        44          0          0          0          0         80   uidiv.o
        98          0          0          0          0         92   uldiv.o
        48          0          0          0          0         68   cdcmple.o
        48          0          0          0          0         68   cdrcmple.o
        56          0          0          0          0         88   d2f.o
       334          0          0          0          0        148   dadd.o
       222          0          0          0          0        100   ddiv.o
       186          0          0          0          0        176   depilogue.o
        50          0          0          0          0         76   dfixui.o
        48          0          0          0          0         68   dfixul.o
        26          0          0          0          0         76   dfltui.o
       228          0          0          0          0         96   dmul.o
       134          0          0          0          0         96   drem.o
        38          0          0          0          0         68   f2d.o
       110          0          0          0          0        168   fepilogue.o

    ----------------------------------------------------------------------
      6448        326        160          4          0       4368   Library Totals
        12          0          0          0          0          0   (incl. Padding)

    ----------------------------------------------------------------------

      Code (inc. data)   RO Data    RW Data    ZI Data      Debug   Library Name

      2224        220        160          0          0       1864   m_wm.l
      2684        106          0          4          0       1208   mc_w.l
      1528          0          0          0          0       1296   mf_w.l

    ----------------------------------------------------------------------
      6448        326        160          4          0       4368   Library Totals

    ----------------------------------------------------------------------

==============================================================================


      Code (inc. data)   RO Data    RW Data    ZI Data      Debug   

     23014       1388        746        108       2292     871561   Grand Totals
     23014       1388        746        108       2292     871561   ELF Image Totals
     23014       1388        746        108          0          0   ROM Totals

==============================================================================

    Total RO  Size (Code + RO Data)                23760 (  23.20kB)
    Total RW  Size (RW Data + ZI Data)              2400 (   2.34kB)
    Total ROM Size (Code + RO Data + RW Data)      23868 (  23.31kB)

==============================================================================

