Component: ARM Compiler 5.06 update 6 (build 750) Tool: armlink [4d35ed]

==============================================================================

Section Cross References

    startup_stm32f412zx.o(RESET) refers to startup_stm32f412zx.o(STACK) for __initial_sp
    startup_stm32f412zx.o(RESET) refers to startup_stm32f412zx.o(.text) for Reset_Handler
    startup_stm32f412zx.o(RESET) refers to stm32f4xx_it.o(i.NMI_Handler) for NMI_Handler
    startup_stm32f412zx.o(RESET) refers to stm32f4xx_it.o(i.HardFault_Handler) for HardFault_Handler
    startup_stm32f412zx.o(RESET) refers to stm32f4xx_it.o(i.MemManage_Handler) for MemManage_Handler
    startup_stm32f412zx.o(RESET) refers to stm32f4xx_it.o(i.BusFault_Handler) for BusFault_Handler
    startup_stm32f412zx.o(RESET) refers to stm32f4xx_it.o(i.UsageFault_Handler) for UsageFault_Handler
    startup_stm32f412zx.o(RESET) refers to stm32f4xx_it.o(i.SVC_Handler) for SVC_Handler
    startup_stm32f412zx.o(RESET) refers to stm32f4xx_it.o(i.DebugMon_Handler) for DebugMon_Handler
    startup_stm32f412zx.o(RESET) refers to stm32f4xx_it.o(i.PendSV_Handler) for PendSV_Handler
    startup_stm32f412zx.o(RESET) refers to stm32f4xx_it.o(i.SysTick_Handler) for SysTick_Handler
    startup_stm32f412zx.o(RESET) refers to stm32f4xx_it.o(i.TIM3_IRQHandler) for TIM3_IRQHandler
    startup_stm32f412zx.o(RESET) refers to stm32f4xx_it.o(i.TIM7_IRQHandler) for TIM7_IRQHandler
    startup_stm32f412zx.o(.text) refers to system_stm32f4xx.o(i.SystemInit) for SystemInit
    startup_stm32f412zx.o(.text) refers to entry.o(.ARM.Collect$$$$00000000) for __main
    main.o(i.MX_GPIO_Init) refers to memseta.o(.text) for __aeabi_memclr4
    main.o(i.MX_GPIO_Init) refers to stm32f4xx_hal_gpio.o(i.HAL_GPIO_WritePin) for HAL_GPIO_WritePin
    main.o(i.MX_GPIO_Init) refers to stm32f4xx_hal_gpio.o(i.HAL_GPIO_Init) for HAL_GPIO_Init
    main.o(i.MX_TIM12_Init) refers to memseta.o(.text) for __aeabi_memclr4
    main.o(i.MX_TIM12_Init) refers to stm32f4xx_hal_tim.o(i.HAL_TIM_PWM_Init) for HAL_TIM_PWM_Init
    main.o(i.MX_TIM12_Init) refers to stm32f4xx_hal_tim.o(i.HAL_TIM_PWM_ConfigChannel) for HAL_TIM_PWM_ConfigChannel
    main.o(i.MX_TIM12_Init) refers to stm32f4xx_hal_msp.o(i.HAL_TIM_MspPostInit) for HAL_TIM_MspPostInit
    main.o(i.MX_TIM12_Init) refers to main.o(.bss) for .bss
    main.o(i.MX_TIM3_Init) refers to memseta.o(.text) for __aeabi_memclr4
    main.o(i.MX_TIM3_Init) refers to stm32f4xx_hal_tim.o(i.HAL_TIM_Base_Init) for HAL_TIM_Base_Init
    main.o(i.MX_TIM3_Init) refers to stm32f4xx_hal_tim.o(i.HAL_TIM_IC_Init) for HAL_TIM_IC_Init
    main.o(i.MX_TIM3_Init) refers to stm32f4xx_hal_tim.o(i.HAL_TIM_SlaveConfigSynchro) for HAL_TIM_SlaveConfigSynchro
    main.o(i.MX_TIM3_Init) refers to stm32f4xx_hal_tim_ex.o(i.HAL_TIMEx_MasterConfigSynchronization) for HAL_TIMEx_MasterConfigSynchronization
    main.o(i.MX_TIM3_Init) refers to stm32f4xx_hal_tim.o(i.HAL_TIM_IC_ConfigChannel) for HAL_TIM_IC_ConfigChannel
    main.o(i.MX_TIM3_Init) refers to main.o(.bss) for .bss
    main.o(i.MX_USB_OTG_FS_PCD_Init) refers to stm32f4xx_hal_pcd.o(i.HAL_PCD_Init) for HAL_PCD_Init
    main.o(i.MX_USB_OTG_FS_PCD_Init) refers to main.o(.bss) for .bss
    main.o(i.SystemClock_Config) refers to memseta.o(.text) for __aeabi_memclr4
    main.o(i.SystemClock_Config) refers to stm32f4xx_hal_rcc_ex.o(i.HAL_RCC_OscConfig) for HAL_RCC_OscConfig
    main.o(i.SystemClock_Config) refers to stm32f4xx_hal_rcc.o(i.HAL_RCC_ClockConfig) for HAL_RCC_ClockConfig
    main.o(i.SystemClock_Config) refers to stm32f4xx_hal_rcc_ex.o(i.HAL_RCCEx_PeriphCLKConfig) for HAL_RCCEx_PeriphCLKConfig
    main.o(i.main) refers to stm32f4xx_hal.o(i.HAL_Init) for HAL_Init
    main.o(i.main) refers to main.o(i.SystemClock_Config) for SystemClock_Config
    main.o(i.main) refers to main.o(i.MX_GPIO_Init) for MX_GPIO_Init
    main.o(i.main) refers to main.o(i.MX_TIM12_Init) for MX_TIM12_Init
    main.o(i.main) refers to stm32f4xx_hal_uart.o(i.HAL_UART_Init) for HAL_UART_Init
    main.o(i.main) refers to main.o(i.MX_USB_OTG_FS_PCD_Init) for MX_USB_OTG_FS_PCD_Init
    main.o(i.main) refers to main.o(i.MX_TIM3_Init) for MX_TIM3_Init
    main.o(i.main) refers to stm32f4xx_hal_tim.o(i.HAL_TIM_Base_Init) for HAL_TIM_Base_Init
    main.o(i.main) refers to dfltui.o(.text) for __aeabi_ui2d
    main.o(i.main) refers to ddiv.o(.text) for __aeabi_ddiv
    main.o(i.main) refers to dfixui.o(.text) for __aeabi_d2uiz
    main.o(i.main) refers to main.o(i.SysTick_Config) for SysTick_Config
    main.o(i.main) refers to motor_nucleo.o(i.motor_nucleo_initialize) for motor_nucleo_initialize
    main.o(i.main) refers to motor_nucleo.o(i.motor_nucleo_step) for motor_nucleo_step
    main.o(i.main) refers to main.o(.bss) for .bss
    main.o(i.main) refers to system_stm32f4xx.o(.data) for SystemCoreClock
    main.o(i.main) refers to main.o(.data) for .data
    main.o(i.main) refers to motor_nucleo.o(.constdata) for motor_nucleo_M
[...]

==============================================================================

Image Symbol Table

    Local Symbols

    Symbol Name                              Value     Ov Type        Size  Object(Section)

    ../Drivers/STM32F4xx_HAL_Driver/Src/stm32f4xx_hal.c 0x00000000   Number         0  stm32f4xx_hal.o ABSOLUTE
    ../Drivers/STM32F4xx_HAL_Driver/Src/stm32f4xx_hal_cortex.c 0x00000000   Number         0  stm32f4xx_hal_cortex.o ABSOLUTE
    ../Drivers/STM32F4xx_HAL_Driver/Src/stm32f4xx_hal_dma.c 0x00000000   Number         0  stm32f4xx_hal_dma.o ABSOLUTE
    ../Drivers/STM32F4xx_HAL_Driver/Src/stm32f4xx_hal_dma_ex.c 0x00000000   Number         0  stm32f4xx_hal_dma_ex.o ABSOLUTE
    ../Drivers/STM32F4xx_HAL_Driver/Src/stm32f4xx_hal_exti.c 0x00000000   Number         0  stm32f4xx_hal_exti.o ABSOLUTE
    ../Drivers/STM32F4xx_HAL_Driver/Src/stm32f4xx_hal_flash.c 0x00000000   Number         0  stm32f4xx_hal_flash.o ABSOLUTE
    ../Drivers/STM32F4xx_HAL_Driver/Src/stm32f4xx_hal_flash_ex.c 0x00000000   Number         0  stm32f4xx_hal_flash_ex.o ABSOLUTE
    ../Drivers/STM32F4xx_HAL_Driver/Src/stm32f4xx_hal_flash_ramfunc.c 0x00000000   Number         0  stm32f4xx_hal_flash_ramfunc.o ABSOLUTE
    ../Drivers/STM32F4xx_HAL_Driver/Src/stm32f4xx_hal_gpio.c 0x00000000   Number         0  stm32f4xx_hal_gpio.o ABSOLUTE
    ../Drivers/STM32F4xx_HAL_Driver/Src/stm32f4xx_hal_pcd.c 0x00000000   Number         0  stm32f4xx_hal_pcd.o ABSOLUTE
    ../Drivers/STM32F4xx_HAL_Driver/Src/stm32f4xx_hal_pcd_ex.c 0x00000000   Number         0  stm32f4xx_hal_pcd_ex.o ABSOLUTE
    ../Drivers/STM32F4xx_HAL_Driver/Src/stm32f4xx_hal_pwr.c 0x00000000   Number         0  stm32f4xx_hal_pwr.o ABSOLUTE
    ../Drivers/STM32F4xx_HAL_Driver/Src/stm32f4xx_hal_pwr_ex.c 0x00000000   Number         0  stm32f4xx_hal_pwr_ex.o ABSOLUTE
    ../Drivers/STM32F4xx_HAL_Driver/Src/stm32f4xx_hal_rcc.c 0x00000000   Number         0  stm32f4xx_hal_rcc.o ABSOLUTE
    ../Drivers/STM32F4xx_HAL_Driver/Src/stm32f4xx_hal_rcc_ex.c 0x00000000   Number         0  stm32f4xx_hal_rcc_ex.o ABSOLUTE
    ../Drivers/STM32F4xx_HAL_Driver/Src/stm32f4xx_hal_tim.c 0x00000000   Number         0  stm32f4xx_hal_tim.o ABSOLUTE
    ../Drivers/STM32F4xx_HAL_Driver/Src/stm32f4xx_hal_tim_ex.c 0x00000000   Number         0  stm32f4xx_hal_tim_ex.o ABSOLUTE
    ../Drivers/STM32F4xx_HAL_Driver/Src/stm32f4xx_hal_uart.c 0x00000000   Number         0  stm32f4xx_hal_uart.o ABSOLUTE
    ../Drivers/STM32F4xx_HAL_Driver/Src/stm32f4xx_ll_usb.c 0x00000000   Number         0  stm32f4xx_ll_usb.o ABSOLUTE
    ../Src/main.c                            0x00000000   Number         0  main.o ABSOLUTE
    ../Src/stm32f4xx_hal_msp.c               0x00000000   Number         0  stm32f4xx_hal_msp.o ABSOLUTE
    ../Src/stm32f4xx_it.c                    0x00000000   Number         0  stm32f4xx_it.o ABSOLUTE
    ../Src/system_stm32f4xx.c                0x00000000   Number         0  system_stm32f4xx.o ABSOLUTE
    ../clib/microlib/division.c              0x00000000   Number         0  uldiv.o ABSOLUTE
    ../clib/microlib/division.c              0x00000000   Number         0  uidiv.o ABSOLUTE
    ../clib/microlib/errno.c                 0x00000000   Number         0  errno.o ABSOLUTE
    ../clib/microlib/init/entry.s            0x00000000   Number         0  entry9b.o ABSOLUTE
    ../clib/microlib/init/entry.s            0x00000000   Number         0  entry11b.o ABSOLUTE
    ../clib/microlib/init/entry.s            0x00000000   Number         0  entry8a.o ABSOLUTE
    ../clib/microlib/init/entry.s            0x00000000   Number         0  entry11a.o ABSOLUTE
    ../clib/microlib/init/entry.s            0x00000000   Number         0  entry10b.o ABSOLUTE
    ../clib/microlib/init/entry.s            0x00000000   Number         0  entry.o ABSOLUTE
    ../clib/microlib/init/entry.s            0x00000000   Number         0  entry10a.o ABSOLUTE
    ../clib/microlib/init/entry.s            0x00000000   Number         0  entry7b.o ABSOLUTE
    ../clib/microlib/init/entry.s            0x00000000   Number         0  entry7a.o ABSOLUTE
    ../clib/microlib/init/entry.s            0x00000000   Number         0  entry2.o ABSOLUTE
    ../clib/microlib/init/entry.s            0x00000000   Number         0  entry5.o ABSOLUTE
    ../clib/microlib/init/entry.s            0x00000000   Number         0  entry9a.o ABSOLUTE
    ../clib/microlib/init/entry.s            0x00000000   Number         0  entry8b.o ABSOLUTE
    ../clib/microlib/longlong.c              0x00000000   Number         0  llsshr.o ABSOLUTE
    ../clib/microlib/longlong.c              0x00000000   Number         0  llushr.o ABSOLUTE
    ../clib/microlib/longlong.c              0x00000000   Number         0  llshl.o ABSOLUTE
    ../clib/microlib/printf/printf.c         0x00000000   Number         0  printf7.o ABSOLUTE
    ../clib/microlib/printf/printf.c         0x00000000   Number         0  printf8.o ABSOLUTE
    ../clib/microlib/printf/printf.c         0x00000000   Number         0  printfa.o ABSOLUTE
    ../clib/microlib/printf/printf.c         0x00000000   Number         0  printf4.o ABSOLUTE
    ../clib/microlib/printf/printf.c         0x00000000   Number         0  printf5.o ABSOLUTE
    ../clib/microlib/printf/printf.c         0x00000000   Number         0  printfb.o ABSOLUTE
    ../clib/microlib/printf/printf.c         0x00000000   Number         0  printf0.o ABSOLUTE
    ../clib/microlib/printf/printf.c         0x00000000   Number         0  printf1.o ABSOLUTE
    ../clib/microlib/printf/printf.c         0x00000000   Number         0  printf2.o ABSOLUTE
    ../clib/microlib/printf/printf.c         0x00000000   Number         0  printf3.o ABSOLUTE
    ../clib/microlib/printf/printf.c         0x00000000   Number         0  printf6.o ABSOLUTE
    ../clib/microlib/printf/stubs.s          0x00000000   Number         0  stubs.o ABSOLUTE
    ../clib/microlib/stdio/fputc.c           0x00000000   Number         0  fputc.o ABSOLUTE
    ../clib/microlib/stdio/semi.s            0x00000000   Number         0  semi.o ABSOLUTE
    ../clib/microlib/stdio/streams.c         0x00000000   Number         0  stdout.o ABSOLUTE
    ../clib/microlib/string/memcpy.c         0x00000000   Number         0  memcpyb.o ABSOLUTE
    ../clib/microlib/string/memcpy.c         0x00000000   Number         0  memcpya.o ABSOLUTE
    ../clib/microlib/string/memset.c         0x00000000   Number         0  memseta.o ABSOLUTE
    ../clib/microlib/stubs.s                 0x00000000   Number         0  iusesemip.o ABSOLUTE
    ../clib/microlib/stubs.s                 0x00000000   Number         0  iusefp.o ABSOLUTE
    ../fplib/microlib/fpadd.c                0x00000000   Number         0  dadd.o ABSOLUTE
    ../fplib/microlib/fpdiv.c                0x00000000   Number         0  ddiv.o ABSOLUTE
    ../fplib/microlib/fpepilogue.c           0x00000000   Number         0  depilogue.o ABSOLUTE
    ../fplib/microlib/fpfix.c                0x00000000   Number         0  dfixul.o ABSOLUTE
    ../fplib/microlib/fpfix.c                0x00000000   Number         0  dfixui.o ABSOLUTE
    ../fplib/microlib/fpfix.c                0x00000000   Number         0  dfixi.o ABSOLUTE
    ../fplib/microlib/fpflt.c                0x00000000   Number         0  dflti.o ABSOLUTE
    ../fplib/microlib/fpflt.c                0x00000000   Number         0  dfltui.o ABSOLUTE
    ../fplib/microlib/fpmul.c                0x00000000   Number         0  dmul.o ABSOLUTE
    ../fplib/microlib/fpneg.c                0x00000000   Number         0  dneg.o ABSOLUTE
    ../fplib/microlib/fprem.c                0x00000000   Number         0  drem.o ABSOLUTE
    ../mathlib/dunder.c                      0x00000000   Number         0  dunder.o ABSOLUTE
    ../mathlib/floor.c                       0x00000000   Number         0  floor.o ABSOLUTE
    ../mathlib/fmod.c                        0x00000000   Number         0  fmod_x.o ABSOLUTE
    ../mathlib/fmod.c                        0x00000000   Number         0  fmod.o ABSOLUTE
    ..\Drivers\STM32F4xx_HAL_Driver\Src\stm32f4xx_hal.c 0x00000000   Number         0  stm32f4xx_hal.o ABSOLUTE
    ..\Drivers\STM32F4xx_HAL_Driver\Src\stm32f4xx_hal_cortex.c 0x00000000   Number         0  stm32f4xx_hal_cortex.o ABSOLUTE
    ..\Drivers\STM32F4xx_HAL_Driver\Src\stm32f4xx_hal_dma.c 0x00000000   Number         0  stm32f4xx_hal_dma.o ABSOLUTE
    ..\Drivers\STM32F4xx_HAL_Driver\Src\stm32f4xx_hal_dma_ex.c 0x00000000   Number         0  stm32f4xx_hal_dma_ex.o ABSOLUTE
    ..\Drivers\STM32F4xx_HAL_Driver\Src\stm32f4xx_hal_exti.c 0x00000000   Number         0  stm32f4xx_hal_exti.o ABSOLUTE
    ..\Drivers\STM32F4xx_HAL_Driver\Src\stm32f4xx_hal_flash.c 0x00000000   Number         0  stm32f4xx_hal_flash.o ABSOLUTE
    ..\Drivers\STM32F4xx_HAL_Driver\Src\stm32f4xx_hal_flash_ex.c 0x00000000   Number         0  stm32f4xx_hal_flash_ex.o ABSOLUTE
    ..\Drivers\STM32F4xx_HAL_Driver\Src\stm32f4xx_hal_flash_ramfunc.c 0x00000000   Number         0  stm32f4xx_hal_flash_ramfunc.o ABSOLUTE
    ..\Drivers\STM32F4xx_HAL_Driver\Src\stm32f4xx_hal_gpio.c 0x00000000   Number         0  stm32f4xx_hal_gpio.o ABSOLUTE
    ..\Drivers\STM32F4xx_HAL_Driver\Src\stm32f4xx_hal_pcd.c 0x00000000   Number         0  stm32f4xx_hal_pcd.o ABSOLUTE
    ..\Drivers\STM32F4xx_HAL_Driver\Src\stm32f4xx_hal_pcd_ex.c 0x00000000   Number         0  stm32f4xx_hal_pcd_ex.o ABSOLUTE
    ..\Drivers\STM32F4xx_HAL_Driver\Src\stm32f4xx_hal_pwr.c 0x00000000   Number         0  stm32f4xx_hal_pwr.o ABSOLUTE
    ..\Drivers\STM32F4xx_HAL_Driver\Src\stm32f4xx_hal_pwr_ex.c 0x00000000   Number         0  stm32f4xx_hal_pwr_ex.o ABSOLUTE
    ..\Drivers\STM32F4xx_HAL_Driver\Src\stm32f4xx_hal_rcc.c 0x00000000   Number         0  stm32f4xx_hal_rcc.o ABSOLUTE
    ..\Drivers\STM32F4xx_HAL_Driver\Src\stm32f4xx_hal_rcc_ex.c 0x00000000   Number         0  stm32f4xx_hal_rcc_ex.o ABSOLUTE
    ..\Drivers\STM32F4xx_HAL_Driver\Src\stm32f4xx_hal_tim.c 0x00000000   Number         0  stm32f4xx_hal_tim.o ABSOLUTE
    ..\Drivers\STM32F4xx_HAL_Driver\Src\stm32f4xx_hal_tim_ex.c 0x00000000   Number         0  stm32f4xx_hal_tim_ex.o ABSOLUTE
    ..\Drivers\STM32F4xx_HAL_Driver\Src\stm32f4xx_hal_uart.c 0x00000000   Number         0  stm32f4xx_hal_uart.o ABSOLUTE
    ..\Drivers\STM32F4xx_HAL_Driver\Src\stm32f4xx_ll_usb.c 0x00000000   Number         0  stm32f4xx_ll_usb.o ABSOLUTE
    ..\Src\main.c                            0x00000000   Number         0  main.o ABSOLUTE
    ..\Src\stm32f4xx_hal_msp.c               0x00000000   Number         0  stm32f4xx_hal_msp.o ABSOLUTE
    ..\Src\stm32f4xx_it.c                    0x00000000   Number         0  stm32f4xx_it.o ABSOLUTE
    ..\Src\system_stm32f4xx.c                0x00000000   Number         0  system_stm32f4xx.o ABSOLUTE
    C:/MATLAB/STM32-MAT/STM32/addSrc/src/getBuffPtr.c 0x00000000   Number         0  getbuffptr.o ABSOLUTE
    C:/Users/tuziz/Desktop/STM Projects/Matlab DC MOTOR Nucleo-F412ZG/motor_nucleo/Src/motor_nucleo.c 0x00000000   Number         0  motor_nucleo.o ABSOLUTE
    C:/Users/tuziz/Desktop/STM Projects/Matlab DC MOTOR Nucleo-F412ZG/motor_nucleo/Src/motor_nucleo_TIM.c 0x00000000   Number         0  motor_nucleo_tim.o ABSOLUTE
    C:/Users/tuziz/Desktop/STM Projects/Matlab DC MOTOR Nucleo-F412ZG/motor_nucleo/Src/motor_nucleo_USART.c 0x00000000   Number         0  motor_nucleo_usart.o ABSOLUTE
    C:/Users/tuziz/Desktop/STM Projects/Matlab DC MOTOR Nucleo-F412ZG/motor_nucleo/Src/rtGetInf.c 0x00000000   Number         0  rtgetinf.o ABSOLUTE
    C:/Users/tuziz/Desktop/STM Projects/Matlab DC MOTOR Nucleo-F412ZG/motor_nucleo/Src/rtGetNaN.c 0x00000000   Number         0  rtgetnan.o ABSOLUTE
    C:/Users/tuziz/Desktop/STM Projects/Matlab DC MOTOR Nucleo-F412ZG/motor_nucleo/Src/rt_nonfinite.c 0x00000000   Number         0  rt_nonfinite.o ABSOLUTE
    C:\Users\tuziz\Desktop\STM Projects\Matlab DC MOTOR Nucleo-F412ZG\motor_nucleo\Src\motor_nucleo.c 0x00000000   Number         0  motor_nucleo.o ABSOLUTE
    C:\Users\tuziz\Desktop\STM Projects\Matlab DC MOTOR Nucleo-F412ZG\motor_nucleo\Src\motor_nucleo_TIM.c 0x00000000   Number         0  motor_nucleo_tim.o ABSOLUTE
    C:\Users\tuziz\Desktop\STM Projects\Matlab DC MOTOR Nucleo-F412ZG\motor_nucleo\Src\motor_nucleo_USART.c 0x00000000   Number         0  motor_nucleo_usart.o ABSOLUTE
    cdcmple.s                                0x00000000   Number         0  cdcmple.o ABSOLUTE
    cdrcmple.s                               0x00000000   Number         0  cdrcmple.o ABSOLUTE
    dc.s                                     0x00000000   Number         0  dc.o ABSOLUTE
    handlers.s                               0x00000000   Number         0  handlers.o ABSOLUTE
    init.s                                   0x00000000   Number         0  init.o ABSOLUTE
    startup_stm32f412zx.s                    0x00000000   Number         0  startup_stm32f412zx.o ABSOLUTE
    RESET                                    0x08000000   Section      452  startup_stm32f412zx.o(RESET)
    .ARM.Collect$$$$00000000                 0x080001c4   Section        0  entry.o(.ARM.Collect$$$$00000000)
    .ARM.Collect$$$$00000001                 0x080001c4   Section        4  entry2.o(.ARM.Collect$$$$00000001)
    .ARM.Collect$$$$00000004                 0x080001c8   Section        4  entry5.o(.ARM.Collect$$$$00000004)
    .ARM.Collect$$$$00000008                 0x080001cc   Section        0  entry7b.o(.ARM.Collect$$$$00000008)
    .ARM.Collect$$$$0000000A                 0x080001cc   Section        0  entry8b.o(.ARM.Collect$$$$0000000A)
    .ARM.Collect$$$$0000000B                 0x080001cc   Section        8  entry9a.o(.ARM.Collect$$$$0000000B)
    .ARM.Collect$$$$0000000D                 0x080001d4   Section        0  entry10a.o(.ARM.Collect$$$$0000000D)
    .ARM.Collect$$$$0000000F                 0x080001d4   Section        0  entry11a.o(.ARM.Collect$$$$0000000F)
    .ARM.Collect$$$$00002712                 0x080001d4   Section        4  entry2.o(.ARM.Collect$$$$00002712)
    __lit__00000000                          0x080001d4   Data           4  entry2.o(.ARM.Collect$$$$00002712)
    .text                                    0x080001d8   Section       36  startup_stm32f412zx.o(.text)
    $v0                                      0x080001d8   Number         0  startup_stm32f412zx.o(.text)
    .text                                    0x080001fc   Section        0  uldiv.o(.text)
    .text                                    0x0800025e   Section        0  memcpya.o(.text)
    .text                                    0x08000282   Section        0  memseta.o(.text)
    .text                                    0x080002a6   Section        0  dadd.o(.text)
    .text                                    0x080003f4   Section        0  dmul.o(.text)
    .text                                    0x080004d8   Section        0  ddiv.o(.text)
    .text                                    0x080005b6   Section        0  dflti.o(.text)
    .text                                    0x080005d8   Section        0  dfltui.o(.text)
    .text                                    0x080005f2   Section        0  dfixi.o(.text)
    .text                                    0x08000630   Section        0  dfixui.o(.text)
    .text                                    0x08000664   Section       48  cdcmple.o(.text)
    .text                                    0x08000694   Section       48  cdrcmple.o(.text)
    .text                                    0x080006c4   Section        0  uidiv.o(.text)
    .text                                    0x080006f0   Section        0  llshl.o(.text)
    .text                                    0x0800070e   Section        0  llushr.o(.text)
    .text                                    0x0800072e   Section        0  llsshr.o(.text)
    .text                                    0x08000752   Section        0  iusefp.o(.text)
    .text                                    0x08000752   Section        0  depilogue.o(.text)
    .text                                    0x0800080c   Section        0  drem.o(.text)
    .text                                    0x08000892   Section        0  dfixul.o(.text)
    .text                                    0x080008c4   Section       36  init.o(.text)
    i.BusFault_Handler                       0x080008e8   Section        0  stm32f4xx_it.o(i.BusFault_Handler)
    i.DebugMon_Handler                       0x080008ea   Section        0  stm32f4xx_it.o(i.DebugMon_Handler)
    i.HAL_Delay                              0x080008ec   Section        0  stm32f4xx_hal.o(i.HAL_Delay)
    i.HAL_GPIO_Init                          0x08000910   Section        0  stm32f4xx_hal_gpio.o(i.HAL_GPIO_Init)
    i.HAL_GPIO_TogglePin                     0x08000ab8   Section        0  stm32f4xx_hal_gpio.o(i.HAL_GPIO_TogglePin)
    i.HAL_GPIO_WritePin                      0x08000ac6   Section        0  stm32f4xx_hal_gpio.o(i.HAL_GPIO_WritePin)
    i.HAL_GetTick                            0x08000ad0   Section        0  stm32f4xx_hal.o(i.HAL_GetTick)
    i.HAL_IncTick                            0x08000adc   Section        0  stm32f4xx_hal.o(i.HAL_IncTick)
    i.HAL_Init                               0x08000aec   Section        0  stm32f4xx_hal.o(i.HAL_Init)
    i.HAL_InitTick                           0x08000b20   Section        0  stm32f4xx_hal.o(i.HAL_InitTick)
    i.HAL_MspInit                            0x08000b60   Section        0  stm32f4xx_hal_msp.o(i.HAL_MspInit)
    i.HAL_NVIC_EnableIRQ                     0x08000b90   Section        0  stm32f4xx_hal_cortex.o(i.HAL_NVIC_EnableIRQ)
    i.HAL_NVIC_SetPriority                   0x08000bac   Section        0  stm32f4xx_hal_cortex.o(i.HAL_NVIC_SetPriority)
    i.HAL_NVIC_SetPriorityGrouping           0x08000bec   Section        0  stm32f4xx_hal_cortex.o(i.HAL_NVIC_SetPriorityGrouping)
    i.HAL_PCDEx_ActivateLPM                  0x08000c10   Section        0  stm32f4xx_hal_pcd_ex.o(i.HAL_PCDEx_ActivateLPM)
    i.HAL_PCD_Init                           0x08000c38   Section        0  stm32f4xx_hal_pcd.o(i.HAL_PCD_Init)
    i.HAL_PCD_MspInit                        0x08000d28   Section        0  stm32f4xx_hal_msp.o(i.HAL_PCD_MspInit)
    i.HAL_RCCEx_PeriphCLKConfig              0x08000dac   Section        0  stm32f4xx_hal_rcc_ex.o(i.HAL_RCCEx_PeriphCLKConfig)
    i.HAL_RCC_ClockConfig                    0x0800100c   Section        0  stm32f4xx_hal_rcc.o(i.HAL_RCC_ClockConfig)
    i.HAL_RCC_GetPCLK1Freq                   0x08001140   Section        0  stm32f4xx_hal_rcc.o(i.HAL_RCC_GetPCLK1Freq)
    i.HAL_RCC_GetPCLK2Freq                   0x08001160   Section        0  stm32f4xx_hal_rcc.o(i.HAL_RCC_GetPCLK2Freq)
    i.HAL_RCC_GetSysClockFreq                0x08001180   Section        0  stm32f4xx_hal_rcc.o(i.HAL_RCC_GetSysClockFreq)
    i.HAL_RCC_OscConfig                      0x080011e0   Section        0  stm32f4xx_hal_rcc_ex.o(i.HAL_RCC_OscConfig)
    i.HAL_SYSTICK_Config                     0x08001504   Section        0  stm32f4xx_hal_cortex.o(i.HAL_SYSTICK_Config)
    i.HAL_TIMEx_BreakCallback                0x0800152c   Section        0  stm32f4xx_hal_tim_ex.o(i.HAL_TIMEx_BreakCallback)
    i.HAL_TIMEx_CommutCallback               0x0800152e   Section        0  stm32f4xx_hal_tim_ex.o(i.HAL_TIMEx_CommutCallback)
    i.HAL_TIMEx_MasterConfigSynchronization  0x08001530   Section        0  stm32f4xx_hal_tim_ex.o(i.HAL_TIMEx_MasterConfigSynchronization)
    i.HAL_TIM_Base_Init                      0x080015c0   Section        0  stm32f4xx_hal_tim.o(i.HAL_TIM_Base_Init)
    i.HAL_TIM_Base_MspInit                   0x080015f8   Section        0  stm32f4xx_hal_msp.o(i.HAL_TIM_Base_MspInit)
    i.HAL_TIM_Base_Start_IT                  0x08001694   Section        0  stm32f4xx_hal_tim.o(i.HAL_TIM_Base_Start_IT)
    i.HAL_TIM_GenerateEvent                  0x080016b6   Section        0  stm32f4xx_hal_tim.o(i.HAL_TIM_GenerateEvent)
    i.HAL_TIM_IC_CaptureCallback             0x080016dc   Section        0  motor_nucleo_tim.o(i.HAL_TIM_IC_CaptureCallback)
    i.HAL_TIM_IC_ConfigChannel               0x08001824   Section        0  stm32f4xx_hal_tim.o(i.HAL_TIM_IC_ConfigChannel)
    i.HAL_TIM_IC_Init                        0x08001942   Section        0  stm32f4xx_hal_tim.o(i.HAL_TIM_IC_Init)
    i.HAL_TIM_IC_MspInit                     0x08001978   Section        0  stm32f4xx_hal_tim.o(i.HAL_TIM_IC_MspInit)
    i.HAL_TIM_IC_Start_IT                    0x0800197a   Section        0  stm32f4xx_hal_tim.o(i.HAL_TIM_IC_Start_IT)
    i.HAL_TIM_IRQHandler                     0x080019d0   Section        0  stm32f4xx_hal_tim.o(i.HAL_TIM_IRQHandler)
    i.HAL_TIM_MspPostInit                    0x08001b38   Section        0  stm32f4xx_hal_msp.o(i.HAL_TIM_MspPostInit)
    i.HAL_TIM_OC_DelayElapsedCallback        0x08001b8c   Section        0  stm32f4xx_hal_tim.o(i.HAL_TIM_OC_DelayElapsedCallback)
    i.HAL_TIM_PWM_ConfigChannel              0x08001b8e   Section        0  stm32f4xx_hal_tim.o(i.HAL_TIM_PWM_ConfigChannel)
    i.HAL_TIM_PWM_Init                       0x08001c5e   Section        0  stm32f4xx_hal_tim.o(i.HAL_TIM_PWM_Init)
    i.HAL_TIM_PWM_MspInit                    0x08001c94   Section        0  stm32f4xx_hal_msp.o(i.HAL_TIM_PWM_MspInit)
    i.HAL_TIM_PWM_PulseFinishedCallback      0x08001cbc   Section        0  stm32f4xx_hal_tim.o(i.HAL_TIM_PWM_PulseFinishedCallback)
    i.HAL_TIM_PWM_Start                      0x08001cc0   Section        0  stm32f4xx_hal_tim.o(i.HAL_TIM_PWM_Start)
    i.HAL_TIM_PeriodElapsedCallback          0x08001d04   Section        0  motor_nucleo_tim.o(i.HAL_TIM_PeriodElapsedCallback)
    i.HAL_TIM_SlaveConfigSynchro             0x08001d08   Section        0  stm32f4xx_hal_tim.o(i.HAL_TIM_SlaveConfigSynchro)
    i.HAL_TIM_TriggerCallback                0x08001d5e   Section        0  stm32f4xx_hal_tim.o(i.HAL_TIM_TriggerCallback)
    i.HAL_UART_Init                          0x08001d60   Section        0  stm32f4xx_hal_uart.o(i.HAL_UART_Init)
    i.HAL_UART_MspInit                       0x08001dc4   Section        0  stm32f4xx_hal_msp.o(i.HAL_UART_MspInit)
    i.HAL_UART_Transmit                      0x08001e30   Section        0  stm32f4xx_hal_uart.o(i.HAL_UART_Transmit)
    i.HardFault_Handler                      0x08001eea   Section        0  stm32f4xx_it.o(i.HardFault_Handler)
    i.MX_GPIO_Init                           0x08001eec   Section        0  main.o(i.MX_GPIO_Init)
    MX_GPIO_Init                             0x08001eed   Thumb Code   214  main.o(i.MX_GPIO_Init)
    i.MX_TIM12_Init                          0x08001fd8   Section        0  main.o(i.MX_TIM12_Init)
    MX_TIM12_Init                            0x08001fd9   Thumb Code    64  main.o(i.MX_TIM12_Init)
    i.MX_TIM3_Init                           0x08002020   Section        0  main.o(i.MX_TIM3_Init)
    MX_TIM3_Init                             0x08002021   Thumb Code   108  main.o(i.MX_TIM3_Init)
    i.MX_USB_OTG_FS_PCD_Init                 0x08002094   Section        0  main.o(i.MX_USB_OTG_FS_PCD_Init)
    MX_USB_OTG_FS_PCD_Init                   0x08002095   Thumb Code    40  main.o(i.MX_USB_OTG_FS_PCD_Init)
    i.MemManage_Handler                      0x080020c0   Section        0  stm32f4xx_it.o(i.MemManage_Handler)
    i.NMI_Handler                            0x080020c2   Section        0  stm32f4xx_it.o(i.NMI_Handler)
    i.PendSV_Handler                         0x080020c4   Section        0  stm32f4xx_it.o(i.PendSV_Handler)
    i.SVC_Handler                            0x080020c6   Section        0  stm32f4xx_it.o(i.SVC_Handler)
    i.SysTick_Config                         0x080020c8   Section        0  main.o(i.SysTick_Config)
    SysTick_Config                           0x080020c9   Thumb Code    38  main.o(i.SysTick_Config)
    i.SysTick_Handler                        0x080020f4   Section        0  stm32f4xx_it.o(i.SysTick_Handler)
    i.SystemClock_Config                     0x08002108   Section        0  main.o(i.SystemClock_Config)
    i.SystemInit                             0x080021a4   Section        0  system_stm32f4xx.o(i.SystemInit)
    i.TIM3_IRQHandler                        0x080021c0   Section        0  stm32f4xx_it.o(i.TIM3_IRQHandler)
    i.TIM3_ItUpFcn                           0x080021cc   Section        0  motor_nucleo_tim.o(i.TIM3_ItUpFcn)
    i.TIM7_IRQHandler                        0x0800267c   Section        0  stm32f4xx_it.o(i.TIM7_IRQHandler)
    i.TIM7_ItUpFcn                           0x08002688   Section        0  motor_nucleo_tim.o(i.TIM7_ItUpFcn)
    i.TIM_Base_SetConfig                     0x080027f4   Section        0  stm32f4xx_hal_tim.o(i.TIM_Base_SetConfig)
    i.TIM_CCxChannelCmd                      0x080028bc   Section        0  stm32f4xx_hal_tim.o(i.TIM_CCxChannelCmd)
    i.TIM_ETR_SetConfig                      0x080028d6   Section        0  stm32f4xx_hal_tim.o(i.TIM_ETR_SetConfig)
    i.TIM_OC1_SetConfig                      0x080028ec   Section        0  stm32f4xx_hal_tim.o(i.TIM_OC1_SetConfig)
    TIM_OC1_SetConfig                        0x080028ed   Thumb Code    88  stm32f4xx_hal_tim.o(i.TIM_OC1_SetConfig)
    i.TIM_OC2_SetConfig                      0x0800294c   Section        0  stm32f4xx_hal_tim.o(i.TIM_OC2_SetConfig)
    i.TIM_OC3_SetConfig                      0x080029b8   Section        0  stm32f4xx_hal_tim.o(i.TIM_OC3_SetConfig)
    TIM_OC3_SetConfig                        0x080029b9   Thumb Code    96  stm32f4xx_hal_tim.o(i.TIM_OC3_SetConfig)
    i.TIM_OC4_SetConfig                      0x08002a20   Section        0  stm32f4xx_hal_tim.o(i.TIM_OC4_SetConfig)
    TIM_OC4_SetConfig                        0x08002a21   Thumb Code    70  stm32f4xx_hal_tim.o(i.TIM_OC4_SetConfig)
    i.TIM_PeriodElapsedCustomCallback        0x08002a70   Section        0  motor_nucleo_tim.o(i.TIM_PeriodElapsedCustomCallback)
    i.TIM_SlaveTimer_SetConfig               0x08002aac   Section        0  stm32f4xx_hal_tim.o(i.TIM_SlaveTimer_SetConfig)
    TIM_SlaveTimer_SetConfig                 0x08002aad   Thumb Code   134  stm32f4xx_hal_tim.o(i.TIM_SlaveTimer_SetConfig)
    i.TIM_TI1_ConfigInputStage               0x08002b32   Section        0  stm32f4xx_hal_tim.o(i.TIM_TI1_ConfigInputStage)
    TIM_TI1_ConfigInputStage                 0x08002b33   Thumb Code    34  stm32f4xx_hal_tim.o(i.TIM_TI1_ConfigInputStage)
    i.TIM_TI1_SetConfig                      0x08002b54   Section        0  stm32f4xx_hal_tim.o(i.TIM_TI1_SetConfig)
    i.TIM_TI2_ConfigInputStage               0x08002bd4   Section        0  stm32f4xx_hal_tim.o(i.TIM_TI2_ConfigInputStage)
    TIM_TI2_ConfigInputStage                 0x08002bd5   Thumb Code    36  stm32f4xx_hal_tim.o(i.TIM_TI2_ConfigInputStage)
    i.TIM_TI2_SetConfig                      0x08002bf8   Section        0  stm32f4xx_hal_tim.o(i.TIM_TI2_SetConfig)
    TIM_TI2_SetConfig                        0x08002bf9   Thumb Code    54  stm32f4xx_hal_tim.o(i.TIM_TI2_SetConfig)
    i.TX_CopyData                            0x08002c2e   Section        0  motor_nucleo_usart.o(i.TX_CopyData)
    i.UART_SetConfig                         0x08002c98   Section        0  stm32f4xx_hal_uart.o(i.UART_SetConfig)
    UART_SetConfig                           0x08002c99   Thumb Code   286  stm32f4xx_hal_uart.o(i.UART_SetConfig)
    i.UART_WaitOnFlagUntilTimeout            0x08002dc0   Section        0  stm32f4xx_hal_uart.o(i.UART_WaitOnFlagUntilTimeout)
    UART_WaitOnFlagUntilTimeout              0x08002dc1   Thumb Code   100  stm32f4xx_hal_uart.o(i.UART_WaitOnFlagUntilTimeout)
    i.USART3_TX_SendData                     0x08002e24   Section        0  motor_nucleo_usart.o(i.USART3_TX_SendData)
    i.USART3_Tx_Initialization               0x08002e88   Section        0  motor_nucleo_usart.o(i.USART3_Tx_Initialization)
    i.USB_CoreInit                           0x08002ee4   Section        0  stm32f4xx_ll_usb.o(i.USB_CoreInit)
    i.USB_CoreReset                          0x08002f58   Section        0  stm32f4xx_ll_usb.o(i.USB_CoreReset)
    USB_CoreReset                            0x08002f59   Thumb Code    50  stm32f4xx_ll_usb.o(i.USB_CoreReset)
    i.USB_DevDisconnect                      0x08002f90   Section        0  stm32f4xx_ll_usb.o(i.USB_DevDisconnect)
    i.USB_DevInit                            0x08002fa8   Section        0  stm32f4xx_ll_usb.o(i.USB_DevInit)
    i.USB_DisableGlobalInt                   0x08003118   Section        0  stm32f4xx_ll_usb.o(i.USB_DisableGlobalInt)
    i.USB_FlushRxFifo                        0x08003124   Section        0  stm32f4xx_ll_usb.o(i.USB_FlushRxFifo)
    i.USB_FlushTxFifo                        0x08003144   Section        0  stm32f4xx_ll_usb.o(i.USB_FlushTxFifo)
    i.USB_SetCurrentMode                     0x08003168   Section        0  stm32f4xx_ll_usb.o(i.USB_SetCurrentMode)
    i.UsageFault_Handler                     0x08003196   Section        0  stm32f4xx_it.o(i.UsageFault_Handler)
    i.__0snprintf                            0x08003198   Section        0  printfa.o(i.__0snprintf)
    i.__NVIC_SetPriority                     0x080031c8   Section        0  stm32f4xx_hal_cortex.o(i.__NVIC_SetPriority)
    __NVIC_SetPriority                       0x080031c9   Thumb Code    32  stm32f4xx_hal_cortex.o(i.__NVIC_SetPriority)
    i.__hardfp_floor                         0x080031e8   Section        0  floor.o(i.__hardfp_floor)
    i.__hardfp_fmod                          0x08003300   Section        0  fmod.o(i.__hardfp_fmod)
    i.__mathlib_dbl_invalid                  0x08003408   Section        0  dunder.o(i.__mathlib_dbl_invalid)
    i.__scatterload_copy                     0x08003428   Section       14  handlers.o(i.__scatterload_copy)
    i.__scatterload_null                     0x08003436   Section        2  handlers.o(i.__scatterload_null)
    i.__scatterload_zeroinit                 0x08003438   Section       14  handlers.o(i.__scatterload_zeroinit)
    i.__set_errno                            0x08003448   Section        0  errno.o(i.__set_errno)
    i._fp_digits                             0x08003454   Section        0  printfa.o(i._fp_digits)
    _fp_digits                               0x08003455   Thumb Code   366  printfa.o(i._fp_digits)
    i._printf_core                           0x080035d8   Section        0  printfa.o(i._printf_core)
    _printf_core                             0x080035d9   Thumb Code  1744  printfa.o(i._printf_core)
    i._printf_post_padding                   0x08003cb4   Section        0  printfa.o(i._printf_post_padding)
    _printf_post_padding                     0x08003cb5   Thumb Code    36  printfa.o(i._printf_post_padding)
    i._printf_pre_padding                    0x08003cd8   Section        0  printfa.o(i._printf_pre_padding)
    _printf_pre_padding                      0x08003cd9   Thumb Code    46  printfa.o(i._printf_pre_padding)
    i._snputc                                0x08003d06   Section        0  printfa.o(i._snputc)
    _snputc                                  0x08003d07   Thumb Code    22  printfa.o(i._snputc)
    i.getBuffPtr                             0x08003d1c   Section        0  getbuffptr.o(i.getBuffPtr)
    i.main                                   0x08003d20   Section        0  main.o(i.main)
    i.motor_nucleo_initialize                0x08003e3c   Section        0  motor_nucleo.o(i.motor_nucleo_initialize)
    i.motor_nucleo_step                      0x08004084   Section        0  motor_nucleo.o(i.motor_nucleo_step)
    i.rtGetInf                               0x080041e8   Section        0  rtgetinf.o(i.rtGetInf)
    i.rtGetInfF                              0x080041fc   Section        0  rtgetinf.o(i.rtGetInfF)
    i.rtGetMinusInf                          0x08004208   Section        0  rtgetinf.o(i.rtGetMinusInf)
    i.rtGetMinusInfF                         0x0800421c   Section        0  rtgetinf.o(i.rtGetMinusInfF)
    i.rtGetNaN                               0x08004228   Section        0  rtgetnan.o(i.rtGetNaN)
    i.rtGetNaNF                              0x0800423c   Section        0  rtgetnan.o(i.rtGetNaNF)
    i.rtIsInf                                0x08004248   Section        0  rt_nonfinite.o(i.rtIsInf)
    i.rtIsNaN                                0x0800428c   Section        0  rt_nonfinite.o(i.rtIsNaN)
    i.rt_InitInfAndNaN                       0x080042b8   Section        0  rt_nonfinite.o(i.rt_InitInfAndNaN)
    .constdata                               0x080042f4   Section       16  system_stm32f4xx.o(.constdata)
    .constdata                               0x08004304   Section        8  system_stm32f4xx.o(.constdata)
    .constdata                               0x0800430c   Section        4  motor_nucleo.o(.constdata)
    .constdata                               0x08004310   Section       29  motor_nucleo_tim.o(.constdata)
    stringFormat                             0x08004310   Data          29  motor_nucleo_tim.o(.constdata)
    .data                                    0x20000000   Section       12  main.o(.data)
    OverrunFlags                             0x20000000   Data           1  main.o(.data)
    autoReloadTimerLoopVal_S                 0x20000004   Data           4  main.o(.data)
    .data                                    0x2000000c   Section       12  stm32f4xx_hal.o(.data)
    .data                                    0x20000018   Section        4  system_stm32f4xx.o(.data)
    .data                                    0x2000001c   Section        8  motor_nucleo.o(.data)
    .data                                    0x20000024   Section        2  motor_nucleo_tim.o(.data)
    .data                                    0x20000028   Section       16  motor_nucleo_usart.o(.data)
    .data                                    0x20000038   Section       40  rt_nonfinite.o(.data)
    .data                                    0x20000060   Section        4  errno.o(.data)
    _errno                                   0x20000060   Data           4  errno.o(.data)
    .bss                                     0x20000064   Section     1288  main.o(.bss)
    .bss                                     0x20000570   Section      200  motor_nucleo.o(.bss)
    .bss                                     0x20000638   Section      172  motor_nucleo_tim.o(.bss)
    .bss                                     0x200006e4   Section      148  motor_nucleo_tim.o(.bss)
    .bss                                     0x20000778   Section      148  motor_nucleo_tim.o(.bss)
    .bss                                     0x2000080c   Section      548  motor_nucleo_usart.o(.bss)
    USART3_TxDataBuffer                      0x2000080c   Data         512  motor_nucleo_usart.o(.bss)
    STACK                                    0x20000a30   Section     1024  startup_stm32f412zx.o(STACK)

    Global Symbols

    Symbol Name                              Value     Ov Type        Size  Object(Section)

    BuildAttributes$$THM_ISAv4$E$P$D$K$B$S$7EM$VFPi3$EXTD16$VFPS$VFMA$PE$A:L22UL41UL21$X:L11$S22US41US21$IEEE1$IW$USESV6$~STKCKD$USESV7$~SHL$OTIME$ROPI$IEEEX$EBA8$MICROLIB$REQ8$PRES8$EABIv2 0x00000000   Number         0  anon$$obj.o ABSOLUTE
    __ARM_use_no_argv                        0x00000000   Number         0  main.o ABSOLUTE
    _printf_a                                0x00000000   Number         0  stubs.o ABSOLUTE
    _printf_c                                0x00000000   Number         0  stubs.o ABSOLUTE
    _printf_charcount                        0x00000000   Number         0  stubs.o ABSOLUTE
    _printf_d                                0x00000000   Number         0  stubs.o ABSOLUTE
    _printf_e                                0x00000000   Number         0  stubs.o ABSOLUTE
    _printf_f                                0x00000000   Number         0  stubs.o ABSOLUTE
    _printf_flags                            0x00000000   Number         0  stubs.o ABSOLUTE
    _printf_fp_dec                           0x00000000   Number         0  stubs.o ABSOLUTE
    _printf_fp_hex                           0x00000000   Number         0  stubs.o ABSOLUTE
    _printf_g                                0x00000000   Number         0  stubs.o ABSOLUTE
    _printf_i                                0x00000000   Number         0  stubs.o ABSOLUTE
    _printf_int_dec                          0x00000000   Number         0  stubs.o ABSOLUTE
    _printf_l                                0x00000000   Number         0  stubs.o ABSOLUTE
    _printf_lc                               0x00000000   Number         0  stubs.o ABSOLUTE
    _printf_ll                               0x00000000   Number         0  stubs.o ABSOLUTE
    _printf_lld                              0x00000000   Number         0  stubs.o ABSOLUTE
    _printf_lli                              0x00000000   Number         0  stubs.o ABSOLUTE
    _printf_llo                              0x00000000   Number         0  stubs.o ABSOLUTE
    _printf_llu                              0x00000000   Number         0  stubs.o ABSOLUTE
    _printf_llx                              0x00000000   Number         0  stubs.o ABSOLUTE
    _printf_longlong_dec                     0x00000000   Number         0  stubs.o ABSOLUTE
    _printf_longlong_hex                     0x00000000   Number         0  stubs.o ABSOLUTE
    _printf_longlong_oct                     0x00000000   Number         0  stubs.o ABSOLUTE
    _printf_ls                               0x00000000   Number         0  stubs.o ABSOLUTE
    _printf_mbtowc                           0x00000000   Number         0  stubs.o ABSOLUTE
    _printf_n                                0x00000000   Number         0  stubs.o ABSOLUTE
    _printf_o                                0x00000000   Number         0  stubs.o ABSOLUTE
    _printf_p                                0x00000000   Number         0  stubs.o ABSOLUTE
    _printf_percent                          0x00000000   Number         0  stubs.o ABSOLUTE
    _printf_pre_padding                      0x00000000   Number         0  stubs.o ABSOLUTE
    _printf_return_value                     0x00000000   Number         0  stubs.o ABSOLUTE
    _printf_s                                0x00000000   Number         0  stubs.o ABSOLUTE
    _printf_sizespec                         0x00000000   Number         0  stubs.o ABSOLUTE
    _printf_str                              0x00000000   Number         0  stubs.o ABSOLUTE
    _printf_truncate_signed                  0x00000000   Number         0  stubs.o ABSOLUTE
    _printf_truncate_unsigned                0x00000000   Number         0  stubs.o ABSOLUTE
    _printf_u                                0x00000000   Number         0  stubs.o ABSOLUTE
    _printf_wc                               0x00000000   Number         0  stubs.o ABSOLUTE
    _printf_wctomb                           0x00000000   Number         0  stubs.o ABSOLUTE
    _printf_widthprec                        0x00000000   Number         0  stubs.o ABSOLUTE
    _printf_x                                0x00000000   Number         0  stubs.o ABSOLUTE
    __cpp_initialize__aeabi_                  - Undefined Weak Reference
    __cxa_finalize                            - Undefined Weak Reference
    __decompress                              - Undefined Weak Reference
    _clock_init                               - Undefined Weak Reference
    _microlib_exit                            - Undefined Weak Reference
    __Vectors_Size                           0x000001c4   Number         0  startup_stm32f412zx.o ABSOLUTE
    __Vectors                                0x08000000   Data           4  startup_stm32f412zx.o(RESET)
    __Vectors_End                            0x080001c4   Data           0  startup_stm32f412zx.o(RESET)
    __main                                   0x080001c5   Thumb Code     0  entry.o(.ARM.Collect$$$$00000000)
    _main_stk                                0x080001c5   Thumb Code     0  entry2.o(.ARM.Collect$$$$00000001)
    _main_scatterload                        0x080001c9   Thumb Code     0  entry5.o(.ARM.Collect$$$$00000004)
    __main_after_scatterload                 0x080001cd   Thumb Code     0  entry5.o(.ARM.Collect$$$$00000004)
    _main_clock                              0x080001cd   Thumb Code     0  entry7b.o(.ARM.Collect$$$$00000008)
    _main_cpp_init                           0x080001cd   Thumb Code     0  entry8b.o(.ARM.Collect$$$$0000000A)
    _main_init                               0x080001cd   Thumb Code     0  entry9a.o(.ARM.Collect$$$$0000000B)
    __rt_final_cpp                           0x080001d5   Thumb Code     0  entry10a.o(.ARM.Collect$$$$0000000D)
    __rt_final_exit                          0x080001d5   Thumb Code     0  entry11a.o(.ARM.Collect$$$$0000000F)
    Reset_Handler                            0x080001d9   Thumb Code     8  startup_stm32f412zx.o(.text)
    ADC_IRQHandler                           0x080001f3   Thumb Code     0  startup_stm32f412zx.o(.text)
    CAN1_RX0_IRQHandler                      0x080001f3   Thumb Code     0  startup_stm32f412zx.o(.text)
    CAN1_RX1_IRQHandler                      0x080001f3   Thumb Code     0  startup_stm32f412zx.o(.text)
    CAN1_SCE_IRQHandler                      0x080001f3   Thumb Code     0  startup_stm32f412zx.o(.text)
    CAN1_TX_IRQHandler                       0x080001f3   Thumb Code     0  startup_stm32f412zx.o(.text)
    CAN2_RX0_IRQHandler                      0x080001f3   Thumb Code     0  startup_stm32f412zx.o(.text)
    CAN2_RX1_IRQHandler                      0x080001f3   Thumb Code     0  startup_stm32f412zx.o(.text)
    CAN2_SCE_IRQHandler                      0x080001f3   Thumb Code     0  startup_stm32f412zx.o(.text)
    CAN2_TX_IRQHandler                       0x080001f3   Thumb Code     0  startup_stm32f412zx.o(.text)
    DFSDM1_FLT0_IRQHandler                   0x080001f3   Thumb Code     0  startup_stm32f412zx.o(.text)
    DFSDM1_FLT1_IRQHandler                   0x080001f3   Thumb Code     0  startup_stm32f412zx.o(.text)
    DMA1_Stream0_IRQHandler                  0x080001f3   Thumb Code     0  startup_stm32f412zx.o(.text)
    DMA1_Stream1_IRQHandler                  0x080001f3   Thumb Code     0  startup_stm32f412zx.o(.text)
    DMA1_Stream2_IRQHandler                  0x080001f3   Thumb Code     0  startup_stm32f412zx.o(.text)
    DMA1_Stream3_IRQHandler                  0x080001f3   Thumb Code     0  startup_stm32f412zx.o(.text)
    DMA1_Stream4_IRQHandler                  0x080001f3   Thumb Code     0  startup_stm32f412zx.o(.text)
    DMA1_Stream5_IRQHandler                  0x080001f3   Thumb Code     0  startup_stm32f412zx.o(.text)
    DMA1_Stream6_IRQHandler                  0x080001f3   Thumb Code     0  startup_stm32f412zx.o(.text)
    DMA1_Stream7_IRQHandler                  0x080001f3   Thumb Code     0  startup_stm32f412zx.o(.text)
    DMA2_Stream0_IRQHandler                  0x080001f3   Thumb Code     0  startup_stm32f412zx.o(.text)
    DMA2_Stream1_IRQHandler                  0x080001f3   Thumb Code     0  startup_stm32f412zx.o(.text)
    DMA2_Stream2_IRQHandler                  0x080001f3   Thumb Code     0  startup_stm32f412zx.o(.text)
    DMA2_Stream3_IRQHandler                  0x080001f3   Thumb Code     0  startup_stm32f412zx.o(.text)
    DMA2_Stream4_IRQHandler                  0x080001f3   Thumb Code     0  startup_stm32f412zx.o(.text)
    DMA2_Stream5_IRQHandler                  0x080001f3   Thumb Code     0  startup_stm32f412zx.o(.text)
    DMA2_Stream6_IRQHandler                  0x080001f3   Thumb Code     0  startup_stm32f412zx.o(.text)
    DMA2_Stream7_IRQHandler                  0x080001f3   Thumb Code     0  startup_stm32f412zx.o(.text)
    EXTI0_IRQHandler                         0x080001f3   Thumb Code     0  startup_stm32f412zx.o(.text)
    EXTI15_10_IRQHandler                     0x080001f3   Thumb Code     0  startup_stm32f412zx.o(.text)
    EXTI1_IRQHandler                         0x080001f3   Thumb Code     0  startup_stm32f412zx.o(.text)
    EXTI2_IRQHandler                         0x080001f3   Thumb Code     0  startup_stm32f412zx.o(.text)
    EXTI3_IRQHandler                         0x080001f3   Thumb Code     0  startup_stm32f412zx.o(.text)
    EXTI4_IRQHandler                         0x080001f3   Thumb Code     0  startup_stm32f412zx.o(.text)
    EXTI9_5_IRQHandler                       0x080001f3   Thumb Code     0  startup_stm32f412zx.o(.text)
    FLASH_IRQHandler                         0x080001f3   Thumb Code     0  startup_stm32f412zx.o(.text)
    FMPI2C1_ER_IRQHandler                    0x080001f3   Thumb Code     0  startup_stm32f412zx.o(.text)
    FMPI2C1_EV_IRQHandler                    0x080001f3   Thumb Code     0  startup_stm32f412zx.o(.text)
    FPU_IRQHandler                           0x080001f3   Thumb Code     0  startup_stm32f412zx.o(.text)
    I2C1_ER_IRQHandler                       0x080001f3   Thumb Code     0  startup_stm32f412zx.o(.text)
    I2C1_EV_IRQHandler                       0x080001f3   Thumb Code     0  startup_stm32f412zx.o(.text)
    I2C2_ER_IRQHandler                       0x080001f3   Thumb Code     0  startup_stm32f412zx.o(.text)
    I2C2_EV_IRQHandler                       0x080001f3   Thumb Code     0  startup_stm32f412zx.o(.text)
    I2C3_ER_IRQHandler                       0x080001f3   Thumb Code     0  startup_stm32f412zx.o(.text)
    I2C3_EV_IRQHandler                       0x080001f3   Thumb Code     0  startup_stm32f412zx.o(.text)
    OTG_FS_IRQHandler                        0x080001f3   Thumb Code     0  startup_stm32f412zx.o(.text)
    OTG_FS_WKUP_IRQHandler                   0x080001f3   Thumb Code     0  startup_stm32f412zx.o(.text)
    PVD_IRQHandler                           0x080001f3   Thumb Code     0  startup_stm32f412zx.o(.text)
    QUADSPI_IRQHandler                       0x080001f3   Thumb Code     0  startup_stm32f412zx.o(.text)
    RCC_IRQHandler                           0x080001f3   Thumb Code     0  startup_stm32f412zx.o(.text)
    RNG_IRQHandler                           0x080001f3   Thumb Code     0  startup_stm32f412zx.o(.text)
    RTC_Alarm_IRQHandler                     0x080001f3   Thumb Code     0  startup_stm32f412zx.o(.text)
    RTC_WKUP_IRQHandler                      0x080001f3   Thumb Code     0  startup_stm32f412zx.o(.text)
    SDIO_IRQHandler                          0x080001f3   Thumb Code     0  startup_stm32f412zx.o(.text)
    SPI1_IRQHandler                          0x080001f3   Thumb Code     0  startup_stm32f412zx.o(.text)
    SPI2_IRQHandler                          0x080001f3   Thumb Code     0  startup_stm32f412zx.o(.text)
    SPI3_IRQHandler                          0x080001f3   Thumb Code     0  startup_stm32f412zx.o(.text)
    SPI4_IRQHandler                          0x080001f3   Thumb Code     0  startup_stm32f412zx.o(.text)
    SPI5_IRQHandler                          0x080001f3   Thumb Code     0  startup_stm32f412zx.o(.text)
    TAMP_STAMP_IRQHandler                    0x080001f3   Thumb Code     0  startup_stm32f412zx.o(.text)
    TIM1_BRK_TIM9_IRQHandler                 0x080001f3   Thumb Code     0  startup_stm32f412zx.o(.text)
    TIM1_CC_IRQHandler                       0x080001f3   Thumb Code     0  startup_stm32f412zx.o(.text)
    TIM1_TRG_COM_TIM11_IRQHandler            0x080001f3   Thumb Code     0  startup_stm32f412zx.o(.text)
    TIM1_UP_TIM10_IRQHandler                 0x080001f3   Thumb Code     0  startup_stm32f412zx.o(.text)
    TIM2_IRQHandler                          0x080001f3   Thumb Code     0  startup_stm32f412zx.o(.text)
    TIM4_IRQHandler                          0x080001f3   Thumb Code     0  startup_stm32f412zx.o(.text)
    TIM5_IRQHandler                          0x080001f3   Thumb Code     0  startup_stm32f412zx.o(.text)
    TIM6_IRQHandler                          0x080001f3   Thumb Code     0  startup_stm32f412zx.o(.text)
    TIM8_BRK_TIM12_IRQHandler                0x080001f3   Thumb Code     0  startup_stm32f412zx.o(.text)
    TIM8_CC_IRQHandler                       0x080001f3   Thumb Code     0  startup_stm32f412zx.o(.text)
    TIM8_TRG_COM_TIM14_IRQHandler            0x080001f3   Thumb Code     0  startup_stm32f412zx.o(.text)
    TIM8_UP_TIM13_IRQHandler                 0x080001f3   Thumb Code     0  startup_stm32f412zx.o(.text)
    USART1_IRQHandler                        0x080001f3   Thumb Code     0  startup_stm32f412zx.o(.text)
    USART2_IRQHandler                        0x080001f3   Thumb Code     0  startup_stm32f412zx.o(.text)
    USART3_IRQHandler                        0x080001f3   Thumb Code     0  startup_stm32f412zx.o(.text)
    USART6_IRQHandler                        0x080001f3   Thumb Code     0  startup_stm32f412zx.o(.text)
    WWDG_IRQHandler                          0x080001f3   Thumb Code     0  startup_stm32f412zx.o(.text)
    __aeabi_uldivmod                         0x080001fd   Thumb Code    98  uldiv.o(.text)
    __aeabi_memcpy                           0x0800025f   Thumb Code    36  memcpya.o(.text)
    __aeabi_memcpy4                          0x0800025f   Thumb Code     0  memcpya.o(.text)
    __aeabi_memcpy8                          0x0800025f   Thumb Code     0  memcpya.o(.text)
    __aeabi_memset                           0x08000283   Thumb Code    14  memseta.o(.text)
    __aeabi_memset4                          0x08000283   Thumb Code     0  memseta.o(.text)
    __aeabi_memset8                          0x08000283   Thumb Code     0  memseta.o(.text)
    __aeabi_memclr                           0x08000291   Thumb Code     4  memseta.o(.text)
    __aeabi_memclr4                          0x08000291   Thumb Code     0  memseta.o(.text)
    __aeabi_memclr8                          0x08000291   Thumb Code     0  memseta.o(.text)
    _memset$wrapper                          0x08000295   Thumb Code    18  memseta.o(.text)
    __aeabi_dadd                             0x080002a7   Thumb Code   322  dadd.o(.text)
    __aeabi_dsub                             0x080003e9   Thumb Code     6  dadd.o(.text)
    __aeabi_drsub                            0x080003ef   Thumb Code     6  dadd.o(.text)
    __aeabi_dmul                             0x080003f5   Thumb Code   228  dmul.o(.text)
    __aeabi_ddiv                             0x080004d9   Thumb Code   222  ddiv.o(.text)
    __aeabi_i2d                              0x080005b7   Thumb Code    34  dflti.o(.text)
    __aeabi_ui2d                             0x080005d9   Thumb Code    26  dfltui.o(.text)
    __aeabi_d2iz                             0x080005f3   Thumb Code    62  dfixi.o(.text)
    __aeabi_d2uiz                            0x08000631   Thumb Code    50  dfixui.o(.text)
    __aeabi_cdcmpeq                          0x08000665   Thumb Code     0  cdcmple.o(.text)
    __aeabi_cdcmple                          0x08000665   Thumb Code    48  cdcmple.o(.text)
    __aeabi_cdrcmple                         0x08000695   Thumb Code    48  cdrcmple.o(.text)
    __aeabi_uidiv                            0x080006c5   Thumb Code     0  uidiv.o(.text)
    __aeabi_uidivmod                         0x080006c5   Thumb Code    44  uidiv.o(.text)
    __aeabi_llsl                             0x080006f1   Thumb Code    30  llshl.o(.text)
    _ll_shift_l                              0x080006f1   Thumb Code     0  llshl.o(.text)
    __aeabi_llsr                             0x0800070f   Thumb Code    32  llushr.o(.text)
    _ll_ushift_r                             0x0800070f   Thumb Code     0  llushr.o(.text)
    __aeabi_lasr                             0x0800072f   Thumb Code    36  llsshr.o(.text)
    _ll_sshift_r                             0x0800072f   Thumb Code     0  llsshr.o(.text)
    __I$use$fp                               0x08000753   Thumb Code     0  iusefp.o(.text)
    _double_round                            0x08000753   Thumb Code    30  depilogue.o(.text)
    _double_epilogue                         0x08000771   Thumb Code   156  depilogue.o(.text)
    _drem                                    0x0800080d   Thumb Code   134  drem.o(.text)
    __aeabi_d2ulz                            0x08000893   Thumb Code    48  dfixul.o(.text)
    __scatterload                            0x080008c5   Thumb Code    28  init.o(.text)
    __scatterload_rt2                        0x080008c5   Thumb Code     0  init.o(.text)
    BusFault_Handler                         0x080008e9   Thumb Code     2  stm32f4xx_it.o(i.BusFault_Handler)
    DebugMon_Handler                         0x080008eb   Thumb Code     2  stm32f4xx_it.o(i.DebugMon_Handler)
    HAL_Delay                                0x080008ed   Thumb Code    32  stm32f4xx_hal.o(i.HAL_Delay)
    HAL_GPIO_Init                            0x08000911   Thumb Code   384  stm32f4xx_hal_gpio.o(i.HAL_GPIO_Init)
    HAL_GPIO_TogglePin                       0x08000ab9   Thumb Code    14  stm32f4xx_hal_gpio.o(i.HAL_GPIO_TogglePin)
    HAL_GPIO_WritePin                        0x08000ac7   Thumb Code    10  stm32f4xx_hal_gpio.o(i.HAL_GPIO_WritePin)
    HAL_GetTick                              0x08000ad1   Thumb Code     6  stm32f4xx_hal.o(i.HAL_GetTick)
    HAL_IncTick                              0x08000add   Thumb Code    12  stm32f4xx_hal.o(i.HAL_IncTick)
    HAL_Init                                 0x08000aed   Thumb Code    48  stm32f4xx_hal.o(i.HAL_Init)
    HAL_InitTick                             0x08000b21   Thumb Code    54  stm32f4xx_hal.o(i.HAL_InitTick)
    HAL_MspInit                              0x08000b61   Thumb Code    42  stm32f4xx_hal_msp.o(i.HAL_MspInit)
    HAL_NVIC_EnableIRQ                       0x08000b91   Thumb Code    26  stm32f4xx_hal_cortex.o(i.HAL_NVIC_EnableIRQ)
    HAL_NVIC_SetPriority                     0x08000bad   Thumb Code    60  stm32f4xx_hal_cortex.o(i.HAL_NVIC_SetPriority)
    HAL_NVIC_SetPriorityGrouping             0x08000bed   Thumb Code    26  stm32f4xx_hal_cortex.o(i.HAL_NVIC_SetPriorityGrouping)
    HAL_PCDEx_ActivateLPM                    0x08000c11   Thumb Code    34  stm32f4xx_hal_pcd_ex.o(i.HAL_PCDEx_ActivateLPM)
    HAL_PCD_Init                             0x08000c39   Thumb Code   238  stm32f4xx_hal_pcd.o(i.HAL_PCD_Init)
    HAL_PCD_MspInit                          0x08000d29   Thumb Code   124  stm32f4xx_hal_msp.o(i.HAL_PCD_MspInit)
    HAL_RCCEx_PeriphCLKConfig                0x08000dad   Thumb Code   574  stm32f4xx_hal_rcc_ex.o(i.HAL_RCCEx_PeriphCLKConfig)
    HAL_RCC_ClockConfig                      0x0800100d   Thumb Code   288  stm32f4xx_hal_rcc.o(i.HAL_RCC_ClockConfig)
    HAL_RCC_GetPCLK1Freq                     0x08001141   Thumb Code    20  stm32f4xx_hal_rcc.o(i.HAL_RCC_GetPCLK1Freq)
    HAL_RCC_GetPCLK2Freq                     0x08001161   Thumb Code    20  stm32f4xx_hal_rcc.o(i.HAL_RCC_GetPCLK2Freq)
    HAL_RCC_GetSysClockFreq                  0x08001181   Thumb Code    88  stm32f4xx_hal_rcc.o(i.HAL_RCC_GetSysClockFreq)
    HAL_RCC_OscConfig                        0x080011e1   Thumb Code   778  stm32f4xx_hal_rcc_ex.o(i.HAL_RCC_OscConfig)
    HAL_SYSTICK_Config                       0x08001505   Thumb Code    40  stm32f4xx_hal_cortex.o(i.HAL_SYSTICK_Config)
    HAL_TIMEx_BreakCallback                  0x0800152d   Thumb Code     2  stm32f4xx_hal_tim_ex.o(i.HAL_TIMEx_BreakCallback)
    HAL_TIMEx_CommutCallback                 0x0800152f   Thumb Code     2  stm32f4xx_hal_tim_ex.o(i.HAL_TIMEx_CommutCallback)
    HAL_TIMEx_MasterConfigSynchronization    0x08001531   Thumb Code   116  stm32f4xx_hal_tim_ex.o(i.HAL_TIMEx_MasterConfigSynchronization)
    HAL_TIM_Base_Init                        0x080015c1   Thumb Code    54  stm32f4xx_hal_tim.o(i.HAL_TIM_Base_Init)
    HAL_TIM_Base_MspInit                     0x080015f9   Thumb Code   140  stm32f4xx_hal_msp.o(i.HAL_TIM_Base_MspInit)
    HAL_TIM_Base_Start_IT                    0x08001695   Thumb Code    34  stm32f4xx_hal_tim.o(i.HAL_TIM_Base_Start_IT)
    HAL_TIM_GenerateEvent                    0x080016b7   Thumb Code    38  stm32f4xx_hal_tim.o(i.HAL_TIM_GenerateEvent)
    HAL_TIM_IC_CaptureCallback               0x080016dd   Thumb Code   324  motor_nucleo_tim.o(i.HAL_TIM_IC_CaptureCallback)
    HAL_TIM_IC_ConfigChannel                 0x08001825   Thumb Code   286  stm32f4xx_hal_tim.o(i.HAL_TIM_IC_ConfigChannel)
    HAL_TIM_IC_Init                          0x08001943   Thumb Code    54  stm32f4xx_hal_tim.o(i.HAL_TIM_IC_Init)
    HAL_TIM_IC_MspInit                       0x08001979   Thumb Code     2  stm32f4xx_hal_tim.o(i.HAL_TIM_IC_MspInit)
    HAL_TIM_IC_Start_IT                      0x0800197b   Thumb Code    86  stm32f4xx_hal_tim.o(i.HAL_TIM_IC_Start_IT)
    HAL_TIM_IRQHandler                       0x080019d1   Thumb Code   358  stm32f4xx_hal_tim.o(i.HAL_TIM_IRQHandler)
    HAL_TIM_MspPostInit                      0x08001b39   Thumb Code    72  stm32f4xx_hal_msp.o(i.HAL_TIM_MspPostInit)
    HAL_TIM_OC_DelayElapsedCallback          0x08001b8d   Thumb Code     2  stm32f4xx_hal_tim.o(i.HAL_TIM_OC_DelayElapsedCallback)
    HAL_TIM_PWM_ConfigChannel                0x08001b8f   Thumb Code   208  stm32f4xx_hal_tim.o(i.HAL_TIM_PWM_ConfigChannel)
    HAL_TIM_PWM_Init                         0x08001c5f   Thumb Code    54  stm32f4xx_hal_tim.o(i.HAL_TIM_PWM_Init)
    HAL_TIM_PWM_MspInit                      0x08001c95   Thumb Code    30  stm32f4xx_hal_msp.o(i.HAL_TIM_PWM_MspInit)
    HAL_TIM_PWM_PulseFinishedCallback        0x08001cbd   Thumb Code     2  stm32f4xx_hal_tim.o(i.HAL_TIM_PWM_PulseFinishedCallback)
    HAL_TIM_PWM_Start                        0x08001cc1   Thumb Code    58  stm32f4xx_hal_tim.o(i.HAL_TIM_PWM_Start)
    HAL_TIM_PeriodElapsedCallback            0x08001d05   Thumb Code     4  motor_nucleo_tim.o(i.HAL_TIM_PeriodElapsedCallback)
    HAL_TIM_SlaveConfigSynchro               0x08001d09   Thumb Code    86  stm32f4xx_hal_tim.o(i.HAL_TIM_SlaveConfigSynchro)
    HAL_TIM_TriggerCallback                  0x08001d5f   Thumb Code     2  stm32f4xx_hal_tim.o(i.HAL_TIM_TriggerCallback)
    HAL_UART_Init                            0x08001d61   Thumb Code    98  stm32f4xx_hal_uart.o(i.HAL_UART_Init)
    HAL_UART_MspInit                         0x08001dc5   Thumb Code    94  stm32f4xx_hal_msp.o(i.HAL_UART_MspInit)
    HAL_UART_Transmit                        0x08001e31   Thumb Code   186  stm32f4xx_hal_uart.o(i.HAL_UART_Transmit)
    HardFault_Handler                        0x08001eeb   Thumb Code     2  stm32f4xx_it.o(i.HardFault_Handler)
    MemManage_Handler                        0x080020c1   Thumb Code     2  stm32f4xx_it.o(i.MemManage_Handler)
    NMI_Handler                              0x080020c3   Thumb Code     2  stm32f4xx_it.o(i.NMI_Handler)
    PendSV_Handler                           0x080020c5   Thumb Code     2  stm32f4xx_it.o(i.PendSV_Handler)
    SVC_Handler                              0x080020c7   Thumb Code     2  stm32f4xx_it.o(i.SVC_Handler)
    SysTick_Handler                          0x080020f5   Thumb Code    16  stm32f4xx_it.o(i.SysTick_Handler)
    SystemClock_Config                       0x08002109   Thumb Code   146  main.o(i.SystemClock_Config)
    SystemInit                               0x080021a5   Thumb Code    22  system_stm32f4xx.o(i.SystemInit)
    TIM3_IRQHandler                          0x080021c1   Thumb Code     6  stm32f4xx_it.o(i.TIM3_IRQHandler)
    TIM3_ItUpFcn                             0x080021cd   Thumb Code  1194  motor_nucleo_tim.o(i.TIM3_ItUpFcn)
    TIM7_IRQHandler                          0x0800267d   Thumb Code     6  stm32f4xx_it.o(i.TIM7_IRQHandler)
    TIM7_ItUpFcn                             0x08002689   Thumb Code   342  motor_nucleo_tim.o(i.TIM7_ItUpFcn)
    TIM_Base_SetConfig                       0x080027f5   Thumb Code   156  stm32f4xx_hal_tim.o(i.TIM_Base_SetConfig)
    TIM_CCxChannelCmd                        0x080028bd   Thumb Code    26  stm32f4xx_hal_tim.o(i.TIM_CCxChannelCmd)
    TIM_ETR_SetConfig                        0x080028d7   Thumb Code    20  stm32f4xx_hal_tim.o(i.TIM_ETR_SetConfig)
    TIM_OC2_SetConfig                        0x0800294d   Thumb Code    98  stm32f4xx_hal_tim.o(i.TIM_OC2_SetConfig)
    TIM_PeriodElapsedCustomCallback          0x08002a71   Thumb Code    54  motor_nucleo_tim.o(i.TIM_PeriodElapsedCustomCallback)
    TIM_TI1_SetConfig                        0x08002b55   Thumb Code   100  stm32f4xx_hal_tim.o(i.TIM_TI1_SetConfig)
    TX_CopyData                              0x08002c2f   Thumb Code   106  motor_nucleo_usart.o(i.TX_CopyData)
    USART3_TX_SendData                       0x08002e25   Thumb Code    90  motor_nucleo_usart.o(i.USART3_TX_SendData)
    USART3_Tx_Initialization                 0x08002e89   Thumb Code    70  motor_nucleo_usart.o(i.USART3_Tx_Initialization)
    USB_CoreInit                             0x08002ee5   Thumb Code   112  stm32f4xx_ll_usb.o(i.USB_CoreInit)
    USB_DevDisconnect                        0x08002f91   Thumb Code    24  stm32f4xx_ll_usb.o(i.USB_DevDisconnect)
    USB_DevInit                              0x08002fa9   Thumb Code   358  stm32f4xx_ll_usb.o(i.USB_DevInit)
    USB_DisableGlobalInt                     0x08003119   Thumb Code    12  stm32f4xx_ll_usb.o(i.USB_DisableGlobalInt)
    USB_FlushRxFifo                          0x08003125   Thumb Code    28  stm32f4xx_ll_usb.o(i.USB_FlushRxFifo)
    USB_FlushTxFifo                          0x08003145   Thumb Code    32  stm32f4xx_ll_usb.o(i.USB_FlushTxFifo)
    USB_SetCurrentMode                       0x08003169   Thumb Code    46  stm32f4xx_ll_usb.o(i.USB_SetCurrentMode)
    UsageFault_Handler                       0x08003197   Thumb Code     2  stm32f4xx_it.o(i.UsageFault_Handler)
    __0snprintf                              0x08003199   Thumb Code    44  printfa.o(i.__0snprintf)
    __1snprintf                              0x08003199   Thumb Code     0  printfa.o(i.__0snprintf)
    __2snprintf                              0x08003199   Thumb Code     0  printfa.o(i.__0snprintf)
    __c89snprintf                            0x08003199   Thumb Code     0  printfa.o(i.__0snprintf)
    snprintf                                 0x08003199   Thumb Code     0  printfa.o(i.__0snprintf)
    __hardfp_floor                           0x080031e9   Thumb Code   252  floor.o(i.__hardfp_floor)
    __hardfp_fmod                            0x08003301   Thumb Code   254  fmod.o(i.__hardfp_fmod)
    __mathlib_dbl_invalid                    0x08003409   Thumb Code    24  dunder.o(i.__mathlib_dbl_invalid)
    __scatterload_copy                       0x08003429   Thumb Code    14  handlers.o(i.__scatterload_copy)
    __scatterload_null                       0x08003437   Thumb Code     2  handlers.o(i.__scatterload_null)
    __scatterload_zeroinit                   0x08003439   Thumb Code    14  handlers.o(i.__scatterload_zeroinit)
    __set_errno                              0x08003449   Thumb Code     6  errno.o(i.__set_errno)
    getBuffPtr                               0x08003d1d   Thumb Code     2  getbuffptr.o(i.getBuffPtr)
    main                                     0x08003d21   Thumb Code   244  main.o(i.main)
    motor_nucleo_initialize                  0x08003e3d   Thumb Code   522  motor_nucleo.o(i.motor_nucleo_initialize)
    motor_nucleo_step                        0x08004085   Thumb Code   344  motor_nucleo.o(i.motor_nucleo_step)
    rtGetInf                                 0x080041e9   Thumb Code    16  rtgetinf.o(i.rtGetInf)
    rtGetInfF                                0x080041fd   Thumb Code    10  rtgetinf.o(i.rtGetInfF)
    rtGetMinusInf                            0x08004209   Thumb Code    16  rtgetinf.o(i.rtGetMinusInf)
    rtGetMinusInfF                           0x0800421d   Thumb Code     8  rtgetinf.o(i.rtGetMinusInfF)
    rtGetNaN                                 0x08004229   Thumb Code    16  rtgetnan.o(i.rtGetNaN)
    rtGetNaNF                                0x0800423d   Thumb Code     8  rtgetnan.o(i.rtGetNaNF)
    rtIsInf                                  0x08004249   Thumb Code    64  rt_nonfinite.o(i.rtIsInf)
    rtIsNaN                                  0x0800428d   Thumb Code    44  rt_nonfinite.o(i.rtIsNaN)
    rt_InitInfAndNaN                         0x080042b9   Thumb Code    54  rt_nonfinite.o(i.rt_InitInfAndNaN)
    AHBPrescTable                            0x080042f4   Data          16  system_stm32f4xx.o(.constdata)
    APBPrescTable                            0x08004304   Data           8  system_stm32f4xx.o(.constdata)
    motor_nucleo_M                           0x0800430c   Data           4  motor_nucleo.o(.constdata)
    Region$$Table$$Base                      0x08004330   Number         0  anon$$obj.o(Region$$Table)
    Region$$Table$$Limit                     0x08004350   Number         0  anon$$obj.o(Region$$Table)
    remainAutoReloadTimerLoopVal_S           0x20000008   Data           4  main.o(.data)
    uwTickFreq                               0x2000000c   Data           1  stm32f4xx_hal.o(.data)
    uwTickPrio                               0x20000010   Data           4  stm32f4xx_hal.o(.data)
    uwTick                                   0x20000014   Data           4  stm32f4xx_hal.o(.data)
    SystemCoreClock                          0x20000018   Data           4  system_stm32f4xx.o(.data)
    motor_nucleo_M_                          0x2000001c   Data           8  motor_nucleo.o(.data)
    G_TIM_Count                              0x20000024   Data           2  motor_nucleo_tim.o(.data)
    G_SERIAL_TX_Count                        0x20000028   Data           2  motor_nucleo_usart.o(.data)
    G_USART3_TxPollTimeOut                   0x2000002c   Data           4  motor_nucleo_usart.o(.data)
    G_SERIAL_TX_Conf                         0x20000030   Data           4  motor_nucleo_usart.o(.data)
    G_SERIAL_TX_Handler                      0x20000034   Data           4  motor_nucleo_usart.o(.data)
    rtInfF                                   0x20000038   Data           4  rt_nonfinite.o(.data)
    rtMinusInfF                              0x2000003c   Data           4  rt_nonfinite.o(.data)
    rtNaNF                                   0x20000040   Data           4  rt_nonfinite.o(.data)
    rtInf                                    0x20000048   Data           8  rt_nonfinite.o(.data)
    rtMinusInf                               0x20000050   Data           8  rt_nonfinite.o(.data)
    rtNaN                                    0x20000058   Data           8  rt_nonfinite.o(.data)
    htim3                                    0x20000064   Data          64  main.o(.bss)
    htim7                                    0x200000a4   Data          64  main.o(.bss)
    htim12                                   0x200000e4   Data          64  main.o(.bss)
    huart3                                   0x20000124   Data          64  main.o(.bss)
    hpcd_USB_OTG_FS                          0x20000164   Data        1032  main.o(.bss)
    motor_nucleo_B                           0x20000570   Data         104  motor_nucleo.o(.bss)
    motor_nucleo_DW                          0x200005d8   Data          96  motor_nucleo.o(.bss)
    G_TIM_Conf                               0x20000638   Data          12  motor_nucleo_tim.o(.bss)
    G_TIM_Handler                            0x20000644   Data          12  motor_nucleo_tim.o(.bss)
    TIM12_Conf                               0x20000650   Data         148  motor_nucleo_tim.o(.bss)
    TIM3_Conf                                0x200006e4   Data         148  motor_nucleo_tim.o(.bss)
    TIM7_Conf                                0x20000778   Data         148  motor_nucleo_tim.o(.bss)
    USART3_TxConf                            0x20000a0c   Data          36  motor_nucleo_usart.o(.bss)
    __initial_sp                             0x20000e30   Data           0  startup_stm32f412zx.o(STACK)



==============================================================================

Memory Map of the image

  Image Entry point : 0x080001c5

  Load Region LR_IROM1 (Base: 0x08000000, Size: 0x000043b4, Max: 0x00100000, ABSOLUTE)

    Execution Region ER_IROM1 (Exec base: 0x08000000, Load base: 0x08000000, Size: 0x00004350, Max: 0x00100000, ABSOLUTE)

    Exec Addr    Load Addr    Size         Type   Attr      Idx    E Section Name        Object

    0x08000000   0x08000000   0x000001c4   Data   RO            3    RESET               startup_stm32f412zx.o
    0x080001c4   0x080001c4   0x00000000   Code   RO         3797  * .ARM.Collect$$$$00000000  mc_w.l(entry.o)
    0x080001c4   0x080001c4   0x00000004   Code   RO         4103    .ARM.Collect$$$$00000001  mc_w.l(entry2.o)
    0x080001c8   0x080001c8   0x00000004   Code   RO         4106    .ARM.Collect$$$$00000004  mc_w.l(entry5.o)
    0x080001cc   0x080001cc   0x00000000   Code   RO         4108    .ARM.Collect$$$$00000008  mc_w.l(entry7b.o)
    0x080001cc   0x080001cc   0x00000000   Code   RO         4110    .ARM.Collect$$$$0000000A  mc_w.l(entry8b.o)
    0x080001cc   0x080001cc   0x00000008   Code   RO         4111    .ARM.Collect$$$$0000000B  mc_w.l(entry9a.o)
    0x080001d4   0x080001d4   0x00000000   Code   RO         4113    .ARM.Collect$$$$0000000D  mc_w.l(entry10a.o)
    0x080001d4   0x080001d4   0x00000000   Code   RO         4115    .ARM.Collect$$$$0000000F  mc_w.l(entry11a.o)
    0x080001d4   0x080001d4   0x00000004   Code   RO         4104    .ARM.Collect$$$$00002712  mc_w.l(entry2.o)
    0x080001d8   0x080001d8   0x00000024   Code   RO            4    .text               startup_stm32f412zx.o
    0x080001fc   0x080001fc   0x00000062   Code   RO         3800    .text               mc_w.l(uldiv.o)
    0x0800025e   0x0800025e   0x00000024   Code   RO         3802    .text               mc_w.l(memcpya.o)
    0x08000282   0x08000282   0x00000024   Code   RO         3804    .text               mc_w.l(memseta.o)
    0x080002a6   0x080002a6   0x0000014e   Code   RO         4069    .text               mf_w.l(dadd.o)
    0x080003f4   0x080003f4   0x000000e4   Code   RO         4071    .text               mf_w.l(dmul.o)
    0x080004d8   0x080004d8   0x000000de   Code   RO         4073    .text               mf_w.l(ddiv.o)
    0x080005b6   0x080005b6   0x00000022   Code   RO         4077    .text               mf_w.l(dflti.o)
    0x080005d8   0x080005d8   0x0000001a   Code   RO         4079    .text               mf_w.l(dfltui.o)
    0x080005f2   0x080005f2   0x0000003e   Code   RO         4081    .text               mf_w.l(dfixi.o)
    0x08000630   0x08000630   0x00000032   Code   RO         4083    .text               mf_w.l(dfixui.o)
    0x08000662   0x08000662   0x00000002   PAD
    0x08000664   0x08000664   0x00000030   Code   RO         4085    .text               mf_w.l(cdcmple.o)
    0x08000694   0x08000694   0x00000030   Code   RO         4087    .text               mf_w.l(cdrcmple.o)
    0x080006c4   0x080006c4   0x0000002c   Code   RO         4120    .text               mc_w.l(uidiv.o)
    0x080006f0   0x080006f0   0x0000001e   Code   RO         4122    .text               mc_w.l(llshl.o)
    0x0800070e   0x0800070e   0x00000020   Code   RO         4124    .text               mc_w.l(llushr.o)
    0x0800072e   0x0800072e   0x00000024   Code   RO         4126    .text               mc_w.l(llsshr.o)
    0x08000752   0x08000752   0x00000000   Code   RO         4135    .text               mc_w.l(iusefp.o)
    0x08000752   0x08000752   0x000000ba   Code   RO         4136    .text               mf_w.l(depilogue.o)
    0x0800080c   0x0800080c   0x00000086   Code   RO         4138    .text               mf_w.l(drem.o)
    0x08000892   0x08000892   0x00000030   Code   RO         4140    .text               mf_w.l(dfixul.o)
    0x080008c2   0x080008c2   0x00000002   PAD
    0x080008c4   0x080008c4   0x00000024   Code   RO         4142    .text               mc_w.l(init.o)
    0x080008e8   0x080008e8   0x00000002   Code   RO          232    i.BusFault_Handler  stm32f4xx_it.o
    0x080008ea   0x080008ea   0x00000002   Code   RO          233    i.DebugMon_Handler  stm32f4xx_it.o
    0x080008ec   0x080008ec   0x00000024   Code   RO         2301    i.HAL_Delay         stm32f4xx_hal.o
    0x08000910   0x08000910   0x000001a8   Code   RO         1751    i.HAL_GPIO_Init     stm32f4xx_hal_gpio.o
    0x08000ab8   0x08000ab8   0x0000000e   Code   RO         1754    i.HAL_GPIO_TogglePin  stm32f4xx_hal_gpio.o
    0x08000ac6   0x08000ac6   0x0000000a   Code   RO         1755    i.HAL_GPIO_WritePin  stm32f4xx_hal_gpio.o
    0x08000ad0   0x08000ad0   0x0000000c   Code   RO         2307    i.HAL_GetTick       stm32f4xx_hal.o
    0x08000adc   0x08000adc   0x00000010   Code   RO         2313    i.HAL_IncTick       stm32f4xx_hal.o
    0x08000aec   0x08000aec   0x00000034   Code   RO         2314    i.HAL_Init          stm32f4xx_hal.o
    0x08000b20   0x08000b20   0x00000040   Code   RO         2315    i.HAL_InitTick      stm32f4xx_hal.o
    0x08000b60   0x08000b60   0x00000030   Code   RO          324    i.HAL_MspInit       stm32f4xx_hal_msp.o
    0x08000b90   0x08000b90   0x0000001a   Code   RO         2164    i.HAL_NVIC_EnableIRQ  stm32f4xx_hal_cortex.o
    0x08000baa   0x08000baa   0x00000002   PAD
    0x08000bac   0x08000bac   0x00000040   Code   RO         2170    i.HAL_NVIC_SetPriority  stm32f4xx_hal_cortex.o
    0x08000bec   0x08000bec   0x00000024   Code   RO         2171    i.HAL_NVIC_SetPriorityGrouping  stm32f4xx_hal_cortex.o
    0x08000c10   0x08000c10   0x00000028   Code   RO         3099    i.HAL_PCDEx_ActivateLPM  stm32f4xx_hal_pcd_ex.o
    0x08000c38   0x08000c38   0x000000ee   Code   RO         2899    i.HAL_PCD_Init      stm32f4xx_hal_pcd.o
    0x08000d26   0x08000d26   0x00000002   PAD
    0x08000d28   0x08000d28   0x00000084   Code   RO          326    i.HAL_PCD_MspInit   stm32f4xx_hal_msp.o
    0x08000dac   0x08000dac   0x00000260   Code   RO         1436    i.HAL_RCCEx_PeriphCLKConfig  stm32f4xx_hal_rcc_ex.o
    0x0800100c   0x0800100c   0x00000134   Code   RO         1331    i.HAL_RCC_ClockConfig  stm32f4xx_hal_rcc.o
    0x08001140   0x08001140   0x00000020   Code   RO         1338    i.HAL_RCC_GetPCLK1Freq  stm32f4xx_hal_rcc.o
    0x08001160   0x08001160   0x00000020   Code   RO         1339    i.HAL_RCC_GetPCLK2Freq  stm32f4xx_hal_rcc.o
    0x08001180   0x08001180   0x00000060   Code   RO         1340    i.HAL_RCC_GetSysClockFreq  stm32f4xx_hal_rcc.o
    0x080011e0   0x080011e0   0x00000324   Code   RO         1440    i.HAL_RCC_OscConfig  stm32f4xx_hal_rcc_ex.o
    0x08001504   0x08001504   0x00000028   Code   RO         2175    i.HAL_SYSTICK_Config  stm32f4xx_hal_cortex.o
    0x0800152c   0x0800152c   0x00000002   Code   RO         1079    i.HAL_TIMEx_BreakCallback  stm32f4xx_hal_tim_ex.o
    0x0800152e   0x0800152e   0x00000002   Code   RO         1080    i.HAL_TIMEx_CommutCallback  stm32f4xx_hal_tim_ex.o
    0x08001530   0x08001530   0x00000090   Code   RO         1097    i.HAL_TIMEx_MasterConfigSynchronization  stm32f4xx_hal_tim_ex.o
    0x080015c0   0x080015c0   0x00000036   Code   RO          404    i.HAL_TIM_Base_Init  stm32f4xx_hal_tim.o
    0x080015f6   0x080015f6   0x00000002   PAD
    0x080015f8   0x080015f8   0x0000009c   Code   RO          328    i.HAL_TIM_Base_MspInit  stm32f4xx_hal_msp.o
    0x08001694   0x08001694   0x00000022   Code   RO          409    i.HAL_TIM_Base_Start_IT  stm32f4xx_hal_tim.o
    0x080016b6   0x080016b6   0x00000026   Code   RO          432    i.HAL_TIM_GenerateEvent  stm32f4xx_hal_tim.o
    0x080016dc   0x080016dc   0x00000148   Code   RO         3582    i.HAL_TIM_IC_CaptureCallback  motor_nucleo_tim.o
    0x08001824   0x08001824   0x0000011e   Code   RO          435    i.HAL_TIM_IC_ConfigChannel  stm32f4xx_hal_tim.o
    0x08001942   0x08001942   0x00000036   Code   RO          438    i.HAL_TIM_IC_Init   stm32f4xx_hal_tim.o
    0x08001978   0x08001978   0x00000002   Code   RO          440    i.HAL_TIM_IC_MspInit  stm32f4xx_hal_tim.o
    0x0800197a   0x0800197a   0x00000056   Code   RO          443    i.HAL_TIM_IC_Start_IT  stm32f4xx_hal_tim.o
    0x080019d0   0x080019d0   0x00000166   Code   RO          447    i.HAL_TIM_IRQHandler  stm32f4xx_hal_tim.o
    0x08001b36   0x08001b36   0x00000002   PAD
    0x08001b38   0x08001b38   0x00000054   Code   RO          329    i.HAL_TIM_MspPostInit  stm32f4xx_hal_msp.o
    0x08001b8c   0x08001b8c   0x00000002   Code   RO          450    i.HAL_TIM_OC_DelayElapsedCallback  stm32f4xx_hal_tim.o
    0x08001b8e   0x08001b8e   0x000000d0   Code   RO          471    i.HAL_TIM_PWM_ConfigChannel  stm32f4xx_hal_tim.o
    0x08001c5e   0x08001c5e   0x00000036   Code   RO          474    i.HAL_TIM_PWM_Init  stm32f4xx_hal_tim.o
    0x08001c94   0x08001c94   0x00000028   Code   RO          331    i.HAL_TIM_PWM_MspInit  stm32f4xx_hal_msp.o
    0x08001cbc   0x08001cbc   0x00000002   Code   RO          477    i.HAL_TIM_PWM_PulseFinishedCallback  stm32f4xx_hal_tim.o
    0x08001cbe   0x08001cbe   0x00000002   PAD
    0x08001cc0   0x08001cc0   0x00000044   Code   RO          479    i.HAL_TIM_PWM_Start  stm32f4xx_hal_tim.o
    0x08001d04   0x08001d04   0x00000004   Code   RO         3583    i.HAL_TIM_PeriodElapsedCallback  motor_nucleo_tim.o
    0x08001d08   0x08001d08   0x00000056   Code   RO          488    i.HAL_TIM_SlaveConfigSynchro  stm32f4xx_hal_tim.o
    0x08001d5e   0x08001d5e   0x00000002   Code   RO          490    i.HAL_TIM_TriggerCallback  stm32f4xx_hal_tim.o
    0x08001d60   0x08001d60   0x00000062   Code   RO         2577    i.HAL_UART_Init     stm32f4xx_hal_uart.o
    0x08001dc2   0x08001dc2   0x00000002   PAD
    0x08001dc4   0x08001dc4   0x0000006c   Code   RO          333    i.HAL_UART_MspInit  stm32f4xx_hal_msp.o
    0x08001e30   0x08001e30   0x000000ba   Code   RO         2585    i.HAL_UART_Transmit  stm32f4xx_hal_uart.o
    0x08001eea   0x08001eea   0x00000002   Code   RO          234    i.HardFault_Handler  stm32f4xx_it.o
    0x08001eec   0x08001eec   0x000000ec   Code   RO           14    i.MX_GPIO_Init      main.o
    0x08001fd8   0x08001fd8   0x00000048   Code   RO           15    i.MX_TIM12_Init     main.o
    0x08002020   0x08002020   0x00000074   Code   RO           16    i.MX_TIM3_Init      main.o
    0x08002094   0x08002094   0x0000002c   Code   RO           17    i.MX_USB_OTG_FS_PCD_Init  main.o
    0x080020c0   0x080020c0   0x00000002   Code   RO          235    i.MemManage_Handler  stm32f4xx_it.o
    0x080020c2   0x080020c2   0x00000002   Code   RO          236    i.NMI_Handler       stm32f4xx_it.o
    0x080020c4   0x080020c4   0x00000002   Code   RO          237    i.PendSV_Handler    stm32f4xx_it.o
    0x080020c6   0x080020c6   0x00000002   Code   RO          238    i.SVC_Handler       stm32f4xx_it.o
    0x080020c8   0x080020c8   0x0000002c   Code   RO           18    i.SysTick_Config    main.o
    0x080020f4   0x080020f4   0x00000014   Code   RO          239    i.SysTick_Handler   stm32f4xx_it.o
    0x08002108   0x08002108   0x0000009c   Code   RO           19    i.SystemClock_Config  main.o
    0x080021a4   0x080021a4   0x0000001c   Code   RO         3471    i.SystemInit        system_stm32f4xx.o
    0x080021c0   0x080021c0   0x0000000c   Code   RO          240    i.TIM3_IRQHandler   stm32f4xx_it.o
    0x080021cc   0x080021cc   0x000004b0   Code   RO         3584    i.TIM3_ItUpFcn      motor_nucleo_tim.o
    0x0800267c   0x0800267c   0x0000000c   Code   RO          241    i.TIM7_IRQHandler   stm32f4xx_it.o
    0x08002688   0x08002688   0x0000016c   Code   RO         3585    i.TIM7_ItUpFcn      motor_nucleo_tim.o
    0x080027f4   0x080027f4   0x000000c8   Code   RO          492    i.TIM_Base_SetConfig  stm32f4xx_hal_tim.o
    0x080028bc   0x080028bc   0x0000001a   Code   RO          493    i.TIM_CCxChannelCmd  stm32f4xx_hal_tim.o
    0x080028d6   0x080028d6   0x00000014   Code   RO          503    i.TIM_ETR_SetConfig  stm32f4xx_hal_tim.o
    0x080028ea   0x080028ea   0x00000002   PAD
    0x080028ec   0x080028ec   0x00000060   Code   RO          505    i.TIM_OC1_SetConfig  stm32f4xx_hal_tim.o
    0x0800294c   0x0800294c   0x0000006c   Code   RO          506    i.TIM_OC2_SetConfig  stm32f4xx_hal_tim.o
    0x080029b8   0x080029b8   0x00000068   Code   RO          507    i.TIM_OC3_SetConfig  stm32f4xx_hal_tim.o
    0x08002a20   0x08002a20   0x00000050   Code   RO          508    i.TIM_OC4_SetConfig  stm32f4xx_hal_tim.o
    0x08002a70   0x08002a70   0x0000003c   Code   RO         3586    i.TIM_PeriodElapsedCustomCallback  motor_nucleo_tim.o
    0x08002aac   0x08002aac   0x00000086   Code   RO          509    i.TIM_SlaveTimer_SetConfig  stm32f4xx_hal_tim.o
    0x08002b32   0x08002b32   0x00000022   Code   RO          510    i.TIM_TI1_ConfigInputStage  stm32f4xx_hal_tim.o
    0x08002b54   0x08002b54   0x00000080   Code   RO          511    i.TIM_TI1_SetConfig  stm32f4xx_hal_tim.o
    0x08002bd4   0x08002bd4   0x00000024   Code   RO          512    i.TIM_TI2_ConfigInputStage  stm32f4xx_hal_tim.o
    0x08002bf8   0x08002bf8   0x00000036   Code   RO          513    i.TIM_TI2_SetConfig  stm32f4xx_hal_tim.o
    0x08002c2e   0x08002c2e   0x0000006a   Code   RO         3644    i.TX_CopyData       motor_nucleo_usart.o
    0x08002c98   0x08002c98   0x00000128   Code   RO         2603    i.UART_SetConfig    stm32f4xx_hal_uart.o
    0x08002dc0   0x08002dc0   0x00000064   Code   RO         2605    i.UART_WaitOnFlagUntilTimeout  stm32f4xx_hal_uart.o
    0x08002e24   0x08002e24   0x00000064   Code   RO         3645    i.USART3_TX_SendData  motor_nucleo_usart.o
    0x08002e88   0x08002e88   0x0000005c   Code   RO         3646    i.USART3_Tx_Initialization  motor_nucleo_usart.o
    0x08002ee4   0x08002ee4   0x00000074   Code   RO         3175    i.USB_CoreInit      stm32f4xx_ll_usb.o
    0x08002f58   0x08002f58   0x00000038   Code   RO         3176    i.USB_CoreReset     stm32f4xx_ll_usb.o
    0x08002f90   0x08002f90   0x00000018   Code   RO         3181    i.USB_DevDisconnect  stm32f4xx_ll_usb.o
    0x08002fa8   0x08002fa8   0x00000170   Code   RO         3182    i.USB_DevInit       stm32f4xx_ll_usb.o
    0x08003118   0x08003118   0x0000000c   Code   RO         3183    i.USB_DisableGlobalInt  stm32f4xx_ll_usb.o
    0x08003124   0x08003124   0x00000020   Code   RO         3192    i.USB_FlushRxFifo   stm32f4xx_ll_usb.o
    0x08003144   0x08003144   0x00000024   Code   RO         3193    i.USB_FlushTxFifo   stm32f4xx_ll_usb.o
    0x08003168   0x08003168   0x0000002e   Code   RO         3211    i.USB_SetCurrentMode  stm32f4xx_ll_usb.o
    0x08003196   0x08003196   0x00000002   Code   RO          242    i.UsageFault_Handler  stm32f4xx_it.o
    0x08003198   0x08003198   0x00000030   Code   RO         4042    i.__0snprintf       mc_w.l(printfa.o)
    0x080031c8   0x080031c8   0x00000020   Code   RO         2177    i.__NVIC_SetPriority  stm32f4xx_hal_cortex.o
    0x080031e8   0x080031e8   0x00000118   Code   RO         3779    i.__hardfp_floor    m_wm.l(floor.o)
    0x08003300   0x08003300   0x00000104   Code   RO         3785    i.__hardfp_fmod     m_wm.l(fmod.o)
    0x08003404   0x08003404   0x00000004   PAD
    0x08003408   0x08003408   0x00000020   Code   RO         4092    i.__mathlib_dbl_invalid  m_wm.l(dunder.o)
    0x08003428   0x08003428   0x0000000e   Code   RO         4148    i.__scatterload_copy  mc_w.l(handlers.o)
    0x08003436   0x08003436   0x00000002   Code   RO         4149    i.__scatterload_null  mc_w.l(handlers.o)
    0x08003438   0x08003438   0x0000000e   Code   RO         4150    i.__scatterload_zeroinit  mc_w.l(handlers.o)
    0x08003446   0x08003446   0x00000002   PAD
    0x08003448   0x08003448   0x0000000c   Code   RO         4130    i.__set_errno       mc_w.l(errno.o)
    0x08003454   0x08003454   0x00000184   Code   RO         4048    i._fp_digits        mc_w.l(printfa.o)
    0x080035d8   0x080035d8   0x000006dc   Code   RO         4049    i._printf_core      mc_w.l(printfa.o)
    0x08003cb4   0x08003cb4   0x00000024   Code   RO         4050    i._printf_post_padding  mc_w.l(printfa.o)
    0x08003cd8   0x08003cd8   0x0000002e   Code   RO         4051    i._printf_pre_padding  mc_w.l(printfa.o)
    0x08003d06   0x08003d06   0x00000016   Code   RO         4052    i._snputc           mc_w.l(printfa.o)
    0x08003d1c   0x08003d1c   0x00000002   Code   RO         3505    i.getBuffPtr        getbuffptr.o
    0x08003d1e   0x08003d1e   0x00000002   PAD
    0x08003d20   0x08003d20   0x0000011c   Code   RO           20    i.main              main.o
    0x08003e3c   0x08003e3c   0x00000248   Code   RO         3520    i.motor_nucleo_initialize  motor_nucleo.o
    0x08004084   0x08004084   0x00000164   Code   RO         3521    i.motor_nucleo_step  motor_nucleo.o
    0x080041e8   0x080041e8   0x00000014   Code   RO         3690    i.rtGetInf          rtgetinf.o
    0x080041fc   0x080041fc   0x0000000a   Code   RO         3691    i.rtGetInfF         rtgetinf.o
    0x08004206   0x08004206   0x00000002   PAD
    0x08004208   0x08004208   0x00000014   Code   RO         3692    i.rtGetMinusInf     rtgetinf.o
    0x0800421c   0x0800421c   0x0000000c   Code   RO         3693    i.rtGetMinusInfF    rtgetinf.o
    0x08004228   0x08004228   0x00000014   Code   RO         3719    i.rtGetNaN          rtgetnan.o
    0x0800423c   0x0800423c   0x0000000c   Code   RO         3720    i.rtGetNaNF         rtgetnan.o
    0x08004248   0x08004248   0x00000044   Code   RO         3737    i.rtIsInf           rt_nonfinite.o
    0x0800428c   0x0800428c   0x0000002c   Code   RO         3739    i.rtIsNaN           rt_nonfinite.o
    0x080042b8   0x080042b8   0x0000003c   Code   RO         3741    i.rt_InitInfAndNaN  rt_nonfinite.o
    0x080042f4   0x080042f4   0x00000010   Data   RO         3472    .constdata          system_stm32f4xx.o
    0x08004304   0x08004304   0x00000008   Data   RO         3473    .constdata          system_stm32f4xx.o
    0x0800430c   0x0800430c   0x00000004   Data   RO         3523    .constdata          motor_nucleo.o
    0x08004310   0x08004310   0x0000001d   Data   RO         3590    .constdata          motor_nucleo_tim.o
    0x0800432d   0x0800432d   0x00000003   PAD
    0x08004330   0x08004330   0x00000020   Data   RO         4146    Region$$Table       anon$$obj.o


    Execution Region RW_IRAM1 (Exec base: 0x20000000, Load base: 0x08004350, Size: 0x00000e30, Max: 0x00040000, ABSOLUTE)

    Exec Addr    Load Addr    Size         Type   Attr      Idx    E Section Name        Object

    0x20000000   0x08004350   0x0000000c   Data   RW           22    .data               main.o
    0x2000000c   0x0800435c   0x0000000c   Data   RW         2321    .data               stm32f4xx_hal.o
    0x20000018   0x08004368   0x00000004   Data   RW         3474    .data               system_stm32f4xx.o
    0x2000001c   0x0800436c   0x00000008   Data   RW         3524    .data               motor_nucleo.o
    0x20000024   0x08004374   0x00000002   Data   RW         3591    .data               motor_nucleo_tim.o
    0x20000026   0x08004376   0x00000002   PAD
    0x20000028   0x08004378   0x00000010   Data   RW         3648    .data               motor_nucleo_usart.o
    0x20000038   0x08004388   0x00000028   Data   RW         3742    .data               rt_nonfinite.o
    0x20000060   0x080043b0   0x00000004   Data   RW         4131    .data               mc_w.l(errno.o)
    0x20000064        -       0x00000508   Zero   RW           21    .bss                main.o
    0x2000056c   0x080043b4   0x00000004   PAD
    0x20000570        -       0x000000c8   Zero   RW         3522    .bss                motor_nucleo.o
    0x20000638        -       0x000000ac   Zero   RW         3587    .bss                motor_nucleo_tim.o
    0x200006e4        -       0x00000094   Zero   RW         3588    .bss                motor_nucleo_tim.o
    0x20000778        -       0x00000094   Zero   RW         3589    .bss                motor_nucleo_tim.o
    0x2000080c        -       0x00000224   Zero   RW         3647    .bss                motor_nucleo_usart.o
    0x20000a30        -       0x00000400   Zero   RW            1    STACK               startup_stm32f412zx.o


==============================================================================

Image component sizes


      Code (inc. data)   RO Data    RW Data    ZI Data      Debug   Object Name

         2          0          0          0          0        525   getbuffptr.o
       952         98          0         12       1288     693525   main.o
       940         74          4          8        200       5242   motor_nucleo.o
      1956        172         29          2        468       7803   motor_nucleo_tim.o
       298         32          0         16        548       4249   motor_nucleo_usart.o
       172         10          0         40          0       3198   rt_nonfinite.o
        62         12          0          0          0       2978   rtgetinf.o
        32          8          0          0          0       1675   rtgetnan.o
        36          8        452          0       1024        864   startup_stm32f412zx.o
       180         28          0         12          0       9497   stm32f4xx_hal.o
       198         14          0          0          0      34119   stm32f4xx_hal_cortex.o
       448         40          0          0          0       3125   stm32f4xx_hal_gpio.o
       568         66          0          0          0       4538   stm32f4xx_hal_msp.o
       238          0          0          0          0       1803   stm32f4xx_hal_pcd.o
        40          6          0          0          0       1186   stm32f4xx_hal_pcd_ex.o
       468         52          0          0          0       3832   stm32f4xx_hal_rcc.o
      1412         60          0          0          0       3280   stm32f4xx_hal_rcc_ex.o
      2354        126          0          0          0      21832   stm32f4xx_hal_tim.o
       148         28          0          0          0       2569   stm32f4xx_hal_tim_ex.o
       680         10          0          0          0       4264   stm32f4xx_hal_uart.o
        60         16          0          0          0       5330   stm32f4xx_it.o
       690         28          0          0          0       7304   stm32f4xx_ll_usb.o
        28          6         24          4          0       1215   system_stm32f4xx.o

    ----------------------------------------------------------------------
     11980        894        544         96       3532     823953   Object Totals
         0          0         32          0          0          0   (incl. Generated)
        18          0          3          2          4          0   (incl. Padding)

    ----------------------------------------------------------------------

      Code (inc. data)   RO Data    RW Data    ZI Data      Debug   Library Member Name

        32          8          0          0          0        124   dunder.o
       280         28          0          0          0        156   floor.o
       260          6          0          0          0        144   fmod.o
         0          0          0          0          0          0   entry.o
         0          0          0          0          0          0   entry10a.o
         0          0          0          0          0          0   entry11a.o
         8          4          0          0          0          0   entry2.o
         4          0          0          0          0          0   entry5.o
         0          0          0          0          0          0   entry7b.o
         0          0          0          0          0          0   entry8b.o
         8          4          0          0          0          0   entry9a.o
        12          6          0          4          0         68   errno.o
        30          0          0          0          0          0   handlers.o
        36          8          0          0          0         68   init.o
         0          0          0          0          0          0   iusefp.o
        30          0          0          0          0         68   llshl.o
        36          0          0          0          0         68   llsshr.o
        32          0          0          0          0         68   llushr.o
        36          0          0          0          0         68   memcpya.o
        36          0          0          0          0        108   memseta.o
      2296         84          0          0          0        520   printfa.o
        44          0          0          0          0         80   uidiv.o
        98          0          0          0          0         92   uldiv.o
        48          0          0          0          0         68   cdcmple.o
        48          0          0          0          0         68   cdrcmple.o
       334          0          0          0          0        148   dadd.o
       222          0          0          0          0        100   ddiv.o
       186          0          0          0          0        176   depilogue.o
        62          0          0          0          0         80   dfixi.o
        50          0          0          0          0         76   dfixui.o
        48          0          0          0          0         68   dfixul.o
        34          0          0          0          0         76   dflti.o
        26          0          0          0          0         76   dfltui.o
       228          0          0          0          0         96   dmul.o
       134          0          0          0          0         96   drem.o

    ----------------------------------------------------------------------
      4708        152          0          4          0       2760   Library Totals
        10          4          0          0          0          0   (incl. Padding)

    ----------------------------------------------------------------------

      Code (inc. data)   RO Data    RW Data    ZI Data      Debug   Library Name

       572         42          0          0          0        424   m_wm.l
      2706        106          0          4          0       1208   mc_w.l
      1420          0          0          0          0       1128   mf_w.l

    ----------------------------------------------------------------------
      4708        152          0          4          0       2760   Library Totals

    ----------------------------------------------------------------------

==============================================================================


      Code (inc. data)   RO Data    RW Data    ZI Data      Debug   

     16688       1046        544        100       3532     815669   Grand Totals
     16688       1046        544        100       3532     815669   ELF Image Totals
     16688       1046        544        100          0          0   ROM Totals

==============================================================================

    Total RO  Size (Code + RO Data)                17232 (  16.83kB)
    Total RW  Size (RW Data + ZI Data)              3632 (   3.55kB)
    Total ROM Size (Code + RO Data + RW Data)      17332 (  16.93kB)

==============================================================================

