Component: ARM Compiler 5.06 update 6 (build 750) Tool: armlink [4d35ed]

==============================================================================

Section Cross References

    startup_stm32f407xx.o(RESET) refers to startup_stm32f407xx.o(STACK) for __initial_sp
    startup_stm32f407xx.o(RESET) refers to startup_stm32f407xx.o(.text) for Reset_Handler
    startup_stm32f407xx.o(RESET) refers to stm32f4xx_it.o(i.MemManage_Handler) for MemManage_Handler
    startup_stm32f407xx.o(RESET) refers to stm32f4xx_it.o(i.BusFault_Handler) for BusFault_Handler
    startup_stm32f407xx.o(RESET) refers to stm32f4xx_it.o(i.UsageFault_Handler) for UsageFault_Handler
    startup_stm32f407xx.o(RESET) refers to stm32f4xx_it.o(i.SVC_Handler) for SVC_Handler
    startup_stm32f407xx.o(RESET) refers to stm32f4xx_it.o(i.DebugMon_Handler) for DebugMon_Handler
    startup_stm32f407xx.o(RESET) refers to stm32f4xx_it.o(i.PendSV_Handler) for PendSV_Handler
    startup_stm32f407xx.o(RESET) refers to stm32f4xx_it.o(i.SysTick_Handler) for SysTick_Handler
    startup_stm32f407xx.o(RESET) refers to stm32f4xx_it.o(i.EXTI0_IRQHandler) for EXTI0_IRQHandler
    startup_stm32f407xx.o(RESET) refers to stm32f4xx_it.o(i.I2C1_EV_IRQHandler) for I2C1_EV_IRQHandler
    startup_stm32f407xx.o(RESET) refers to stm32f4xx_it.o(i.I2C1_ER_IRQHandler) for I2C1_ER_IRQHandler
    startup_stm32f407xx.o(RESET) refers to stm32f4xx_it.o(i.USART3_IRQHandler) for USART3_IRQHandler
    startup_stm32f407xx.o(RESET) refers to stm32f4xx_it.o(i.TIM7_IRQHandler) for TIM7_IRQHandler
    startup_stm32f407xx.o(.text) refers to system_stm32f4xx.o(i.SystemInit) for SystemInit
    startup_stm32f407xx.o(.text) refers to entry.o(.ARM.Collect$$$$00000000) for __main
    main.o(i.MX_GPIO_Init) refers to memseta.o(.text) for __aeabi_memclr4
    main.o(i.MX_GPIO_Init) refers to stm32f4xx_hal_gpio.o(i.HAL_GPIO_WritePin) for HAL_GPIO_WritePin
    main.o(i.MX_GPIO_Init) refers to stm32f4xx_hal_gpio.o(i.HAL_GPIO_Init) for HAL_GPIO_Init
    main.o(i.MX_GPIO_Init) refers to stm32f4xx_hal_cortex.o(i.HAL_NVIC_SetPriority) for HAL_NVIC_SetPriority
    main.o(i.MX_GPIO_Init) refers to stm32f4xx_hal_cortex.o(i.HAL_NVIC_EnableIRQ) for HAL_NVIC_EnableIRQ
    main.o(i.SystemClock_Config) refers to memseta.o(.text) for __aeabi_memclr4
    main.o(i.SystemClock_Config) refers to stm32f4xx_hal_rcc.o(i.HAL_RCC_OscConfig) for HAL_RCC_OscConfig
    main.o(i.SystemClock_Config) refers to stm32f4xx_hal_rcc.o(i.HAL_RCC_ClockConfig) for HAL_RCC_ClockConfig
    main.o(i.main) refers to stm32f4xx_hal.o(i.HAL_Init) for HAL_Init
    main.o(i.main) refers to main.o(i.SystemClock_Config) for SystemClock_Config
    main.o(i.main) refers to main.o(i.MX_GPIO_Init) for MX_GPIO_Init
    main.o(i.main) refers to stm32f4xx_hal_uart.o(i.HAL_UART_Init) for HAL_UART_Init
    main.o(i.main) refers to stm32f4xx_hal_i2c.o(i.HAL_I2C_Init) for HAL_I2C_Init
    main.o(i.main) refers to stm32f4xx_hal_tim.o(i.HAL_TIM_Base_Init) for HAL_TIM_Base_Init
    main.o(i.main) refers to stm32f4xx_hal_tim_ex.o(i.HAL_TIMEx_MasterConfigSynchronization) for HAL_TIMEx_MasterConfigSynchronization
    main.o(i.main) refers to dfltui.o(.text) for __aeabi_ui2d
    main.o(i.main) refers to ddiv.o(.text) for __aeabi_ddiv
    main.o(i.main) refers to dfixui.o(.text) for __aeabi_d2uiz
    main.o(i.main) refers to main.o(i.SysTick_Config) for SysTick_Config
    main.o(i.main) refers to test.o(i.test_initialize) for test_initialize
    main.o(i.main) refers to test.o(i.test_SetEventsForThisBaseStep) for test_SetEventsForThisBaseStep
    main.o(i.main) refers to test.o(i.test_step) for test_step
    main.o(i.main) refers to main.o(.bss) for .bss
    main.o(i.main) refers to system_stm32f4xx.o(.data) for SystemCoreClock
    main.o(i.main) refers to main.o(.data) for .data
    main.o(i.main) refers to test.o(.constdata) for test_M
    stm32f4xx_it.o(i.EXTI0_IRQHandler) refers to stm32f4xx_hal_gpio.o(i.HAL_GPIO_EXTI_IRQHandler) for HAL_GPIO_EXTI_IRQHandler
    stm32f4xx_it.o(i.I2C1_ER_IRQHandler) refers to stm32f4xx_hal_i2c.o(i.HAL_I2C_ER_IRQHandler) for HAL_I2C_ER_IRQHandler
    stm32f4xx_it.o(i.I2C1_ER_IRQHandler) refers to main.o(.bss) for hi2c1
    stm32f4xx_it.o(i.I2C1_EV_IRQHandler) refers to stm32f4xx_hal_i2c.o(i.HAL_I2C_EV_IRQHandler) for HAL_I2C_EV_IRQHandler
    stm32f4xx_it.o(i.I2C1_EV_IRQHandler) refers to main.o(.bss) for hi2c1
    stm32f4xx_it.o(i.SysTick_Handler) refers to stm32f4xx_hal.o(i.HAL_IncTick) for HAL_IncTick
    stm32f4xx_it.o(i.SysTick_Handler) refers to main.o(.data) for remainAutoReloadTimerLoopVal_S
    stm32f4xx_it.o(i.TIM7_IRQHandler) refers to stm32f4xx_hal_tim.o(i.HAL_TIM_IRQHandler) for HAL_TIM_IRQHandler
    stm32f4xx_it.o(i.TIM7_IRQHandler) refers to main.o(.bss) for htim7
    stm32f4xx_it.o(i.USART3_IRQHandler) refers to stm32f4xx_hal_uart.o(i.HAL_UART_IRQHandler) for HAL_UART_IRQHandler
    stm32f4xx_it.o(i.USART3_IRQHandler) refers to main.o(.bss) for huart3
[...]
    ../clib/microlib/printf/stubs.s          0x00000000   Number         0  stubs.o ABSOLUTE
    ../clib/microlib/stdio/fputc.c           0x00000000   Number         0  fputc.o ABSOLUTE
    ../clib/microlib/stdio/semi.s            0x00000000   Number         0  semi.o ABSOLUTE
    ../clib/microlib/stdio/streams.c         0x00000000   Number         0  stdout.o ABSOLUTE
    ../clib/microlib/string/memset.c         0x00000000   Number         0  memseta.o ABSOLUTE
    ../clib/microlib/string/strlen.c         0x00000000   Number         0  strlen.o ABSOLUTE
    ../clib/microlib/stubs.s                 0x00000000   Number         0  iusesemip.o ABSOLUTE
    ../clib/microlib/stubs.s                 0x00000000   Number         0  iusefp.o ABSOLUTE
    ../fplib/microlib/d2f.c                  0x00000000   Number         0  d2f.o ABSOLUTE
    ../fplib/microlib/f2d.c                  0x00000000   Number         0  f2d.o ABSOLUTE
    ../fplib/microlib/fpadd.c                0x00000000   Number         0  dadd.o ABSOLUTE
    ../fplib/microlib/fpdiv.c                0x00000000   Number         0  ddiv.o ABSOLUTE
    ../fplib/microlib/fpepilogue.c           0x00000000   Number         0  depilogue.o ABSOLUTE
    ../fplib/microlib/fpepilogue.c           0x00000000   Number         0  fepilogue.o ABSOLUTE
    ../fplib/microlib/fpfix.c                0x00000000   Number         0  dfixui.o ABSOLUTE
    ../fplib/microlib/fpfix.c                0x00000000   Number         0  dfixul.o ABSOLUTE
    ../fplib/microlib/fpflt.c                0x00000000   Number         0  dfltui.o ABSOLUTE
    ../fplib/microlib/fpmul.c                0x00000000   Number         0  dmul.o ABSOLUTE
    ../fplib/microlib/fpneg.c                0x00000000   Number         0  dneg.o ABSOLUTE
    ../fplib/microlib/fpsqrt.c               0x00000000   Number         0  dsqrt.o ABSOLUTE
    ../mathlib/atan.c                        0x00000000   Number         0  atan_x.o ABSOLUTE
    ../mathlib/atan.c                        0x00000000   Number         0  atan.o ABSOLUTE
    ../mathlib/atan2.c                       0x00000000   Number         0  atan2.o ABSOLUTE
    ../mathlib/atan2.c                       0x00000000   Number         0  atan2_x.o ABSOLUTE
    ../mathlib/dunder.c                      0x00000000   Number         0  dunder.o ABSOLUTE
    ../mathlib/fabs.c                        0x00000000   Number         0  fabs.o ABSOLUTE
    ../mathlib/fpclassify.c                  0x00000000   Number         0  fpclassify.o ABSOLUTE
    ../mathlib/poly.c                        0x00000000   Number         0  poly.o ABSOLUTE
    ../mathlib/qnan.c                        0x00000000   Number         0  qnan.o ABSOLUTE
    ../mathlib/sqrt.c                        0x00000000   Number         0  sqrt.o ABSOLUTE
    ../mathlib/sqrt.c                        0x00000000   Number         0  sqrt_x.o ABSOLUTE
    ..\Drivers\STM32F4xx_HAL_Driver\Src\stm32f4xx_hal.c 0x00000000   Number         0  stm32f4xx_hal.o ABSOLUTE
    ..\Drivers\STM32F4xx_HAL_Driver\Src\stm32f4xx_hal_cortex.c 0x00000000   Number         0  stm32f4xx_hal_cortex.o ABSOLUTE
    ..\Drivers\STM32F4xx_HAL_Driver\Src\stm32f4xx_hal_dma.c 0x00000000   Number         0  stm32f4xx_hal_dma.o ABSOLUTE
    ..\Drivers\STM32F4xx_HAL_Driver\Src\stm32f4xx_hal_dma_ex.c 0x00000000   Number         0  stm32f4xx_hal_dma_ex.o ABSOLUTE
    ..\Drivers\STM32F4xx_HAL_Driver\Src\stm32f4xx_hal_exti.c 0x00000000   Number         0  stm32f4xx_hal_exti.o ABSOLUTE
    ..\Drivers\STM32F4xx_HAL_Driver\Src\stm32f4xx_hal_flash.c 0x00000000   Number         0  stm32f4xx_hal_flash.o ABSOLUTE
    ..\Drivers\STM32F4xx_HAL_Driver\Src\stm32f4xx_hal_flash_ex.c 0x00000000   Number         0  stm32f4xx_hal_flash_ex.o ABSOLUTE
    ..\Drivers\STM32F4xx_HAL_Driver\Src\stm32f4xx_hal_flash_ramfunc.c 0x00000000   Number         0  stm32f4xx_hal_flash_ramfunc.o ABSOLUTE
    ..\Drivers\STM32F4xx_HAL_Driver\Src\stm32f4xx_hal_gpio.c 0x00000000   Number         0  stm32f4xx_hal_gpio.o ABSOLUTE
    ..\Drivers\STM32F4xx_HAL_Driver\Src\stm32f4xx_hal_i2c.c 0x00000000   Number         0  stm32f4xx_hal_i2c.o ABSOLUTE
    ..\Drivers\STM32F4xx_HAL_Driver\Src\stm32f4xx_hal_i2c_ex.c 0x00000000   Number         0  stm32f4xx_hal_i2c_ex.o ABSOLUTE
    ..\Drivers\STM32F4xx_HAL_Driver\Src\stm32f4xx_hal_pwr.c 0x00000000   Number         0  stm32f4xx_hal_pwr.o ABSOLUTE
    ..\Drivers\STM32F4xx_HAL_Driver\Src\stm32f4xx_hal_pwr_ex.c 0x00000000   Number         0  stm32f4xx_hal_pwr_ex.o ABSOLUTE
    ..\Drivers\STM32F4xx_HAL_Driver\Src\stm32f4xx_hal_rcc.c 0x00000000   Number         0  stm32f4xx_hal_rcc.o ABSOLUTE
    ..\Drivers\STM32F4xx_HAL_Driver\Src\stm32f4xx_hal_rcc_ex.c 0x00000000   Number         0  stm32f4xx_hal_rcc_ex.o ABSOLUTE
    ..\Drivers\STM32F4xx_HAL_Driver\Src\stm32f4xx_hal_tim.c 0x00000000   Number         0  stm32f4xx_hal_tim.o ABSOLUTE
    ..\Drivers\STM32F4xx_HAL_Driver\Src\stm32f4xx_hal_tim_ex.c 0x00000000   Number         0  stm32f4xx_hal_tim_ex.o ABSOLUTE
    ..\Drivers\STM32F4xx_HAL_Driver\Src\stm32f4xx_hal_uart.c 0x00000000   Number         0  stm32f4xx_hal_uart.o ABSOLUTE
    ..\Src\main.c                            0x00000000   Number         0  main.o ABSOLUTE
    ..\Src\stm32f4xx_hal_msp.c               0x00000000   Number         0  stm32f4xx_hal_msp.o ABSOLUTE
    ..\Src\stm32f4xx_it.c                    0x00000000   Number         0  stm32f4xx_it.o ABSOLUTE
    ..\Src\system_stm32f4xx.c                0x00000000   Number         0  system_stm32f4xx.o ABSOLUTE
    ./../../../../../../MATLAB/STM32-MAT/STM32/addSrc/src/getBuffPtr.c 0x00000000   Number         0  getbuffptr.o ABSOLUTE
    ./../MadgwickAHRS.c                      0x00000000   Number         0  madgwickahrs.o ABSOLUTE
    ./../mpu6050.c                           0x00000000   Number         0  mpu6050.o ABSOLUTE
    .\..\mpu6050.c                           0x00000000   Number         0  mpu6050.o ABSOLUTE
    C:/Users/tuziz/Desktop/STM Projects/test_MPU-6050/test/Src/test.c 0x00000000   Number         0  test.o ABSOLUTE
    C:/Users/tuziz/Desktop/STM Projects/test_MPU-6050/test/Src/test_EXTI.c 0x00000000   Number         0  test_exti.o ABSOLUTE
    C:/Users/tuziz/Desktop/STM Projects/test_MPU-6050/test/Src/test_USART.c 0x00000000   Number         0  test_usart.o ABSOLUTE
    C:\Users\tuziz\Desktop\STM Projects\test_MPU-6050\test\Src\test.c 0x00000000   Number         0  test.o ABSOLUTE
    C:\Users\tuziz\Desktop\STM Projects\test_MPU-6050\test\Src\test_EXTI.c 0x00000000   Number         0  test_exti.o ABSOLUTE
    C:\Users\tuziz\Desktop\STM Projects\test_MPU-6050\test\Src\test_USART.c 0x00000000   Number         0  test_usart.o ABSOLUTE
    cdcmple.s                                0x00000000   Number         0  cdcmple.o ABSOLUTE
    cdrcmple.s                               0x00000000   Number         0  cdrcmple.o ABSOLUTE
    dc.s                                     0x00000000   Number         0  dc.o ABSOLUTE
    handlers.s                               0x00000000   Number         0  handlers.o ABSOLUTE
    init.s                                   0x00000000   Number         0  init.o ABSOLUTE
    startup_stm32f407xx.s                    0x00000000   Number         0  startup_stm32f407xx.o ABSOLUTE
    RESET                                    0x08000000   Section      392  startup_stm32f407xx.o(RESET)
    .ARM.Collect$$$$00000000                 0x08000188   Section        0  entry.o(.ARM.Collect$$$$00000000)
    .ARM.Collect$$$$00000001                 0x08000188   Section        4  entry2.o(.ARM.Collect$$$$00000001)
    .ARM.Collect$$$$00000004                 0x0800018c   Section        4  entry5.o(.ARM.Collect$$$$00000004)
    .ARM.Collect$$$$00000008                 0x08000190   Section        0  entry7b.o(.ARM.Collect$$$$00000008)
    .ARM.Collect$$$$0000000A                 0x08000190   Section        0  entry8b.o(.ARM.Collect$$$$0000000A)
    .ARM.Collect$$$$0000000B                 0x08000190   Section        8  entry9a.o(.ARM.Collect$$$$0000000B)
    .ARM.Collect$$$$0000000D                 0x08000198   Section        0  entry10a.o(.ARM.Collect$$$$0000000D)
    .ARM.Collect$$$$0000000F                 0x08000198   Section        0  entry11a.o(.ARM.Collect$$$$0000000F)
    .ARM.Collect$$$$00002712                 0x08000198   Section        4  entry2.o(.ARM.Collect$$$$00002712)
    __lit__00000000                          0x08000198   Data           4  entry2.o(.ARM.Collect$$$$00002712)
    .text                                    0x0800019c   Section       36  startup_stm32f407xx.o(.text)
    $v0                                      0x0800019c   Number         0  startup_stm32f407xx.o(.text)
    .text                                    0x080001c0   Section        0  uldiv.o(.text)
    .text                                    0x08000222   Section        0  memseta.o(.text)
    .text                                    0x08000246   Section        0  strlen.o(.text)
    .text                                    0x08000254   Section        0  dadd.o(.text)
    .text                                    0x080003a2   Section        0  dmul.o(.text)
    .text                                    0x08000486   Section        0  ddiv.o(.text)
    .text                                    0x08000564   Section        0  dfltui.o(.text)
    .text                                    0x0800057e   Section        0  dfixui.o(.text)
    .text                                    0x080005b0   Section        0  f2d.o(.text)
    .text                                    0x080005d6   Section        0  d2f.o(.text)
    .text                                    0x0800060e   Section        0  uidiv.o(.text)
    .text                                    0x0800063a   Section        0  llshl.o(.text)
    .text                                    0x08000658   Section        0  llushr.o(.text)
    .text                                    0x08000678   Section        0  llsshr.o(.text)
    .text                                    0x0800069c   Section        0  iusefp.o(.text)
    .text                                    0x0800069c   Section        0  fepilogue.o(.text)
    .text                                    0x0800070a   Section        0  depilogue.o(.text)
    .text                                    0x080007c4   Section        0  dfixul.o(.text)
    .text                                    0x080007f4   Section       48  cdrcmple.o(.text)
    .text                                    0x08000824   Section       36  init.o(.text)
    i.Accel_x_g                              0x08000848   Section        0  mpu6050.o(i.Accel_x_g)
    i.Accel_y_g                              0x08000854   Section        0  mpu6050.o(i.Accel_y_g)
    i.Accel_z_g                              0x08000860   Section        0  mpu6050.o(i.Accel_z_g)
    i.BusFault_Handler                       0x0800086c   Section        0  stm32f4xx_it.o(i.BusFault_Handler)
    i.DebugMon_Handler                       0x0800086e   Section        0  stm32f4xx_it.o(i.DebugMon_Handler)
    i.EXTI0_Callback                         0x08000870   Section        0  test_exti.o(i.EXTI0_Callback)
    i.EXTI0_IRQHandler                       0x08000a38   Section        0  stm32f4xx_it.o(i.EXTI0_IRQHandler)
    i.Gyro_x_rad                             0x08000a40   Section        0  mpu6050.o(i.Gyro_x_rad)
    i.Gyro_y_rad                             0x08000a4c   Section        0  mpu6050.o(i.Gyro_y_rad)
    i.Gyro_z_rad                             0x08000a58   Section        0  mpu6050.o(i.Gyro_z_rad)
    i.HAL_DMA_Abort_IT                       0x08000a64   Section        0  stm32f4xx_hal_dma.o(i.HAL_DMA_Abort_IT)
    i.HAL_DMA_GetState                       0x08000a88   Section        0  stm32f4xx_hal_dma.o(i.HAL_DMA_GetState)
    i.HAL_GPIO_EXTI_Callback                 0x08000a90   Section        0  test_exti.o(i.HAL_GPIO_EXTI_Callback)
    i.HAL_GPIO_EXTI_IRQHandler               0x08000b38   Section        0  stm32f4xx_hal_gpio.o(i.HAL_GPIO_EXTI_IRQHandler)
    i.HAL_GPIO_Init                          0x08000b50   Section        0  stm32f4xx_hal_gpio.o(i.HAL_GPIO_Init)
    i.HAL_GPIO_TogglePin                     0x08000d08   Section        0  stm32f4xx_hal_gpio.o(i.HAL_GPIO_TogglePin)
    i.HAL_GPIO_WritePin                      0x08000d16   Section        0  stm32f4xx_hal_gpio.o(i.HAL_GPIO_WritePin)
    i.HAL_GetTick                            0x08000d20   Section        0  stm32f4xx_hal.o(i.HAL_GetTick)
    i.HAL_I2C_AbortCpltCallback              0x08000d2c   Section        0  stm32f4xx_hal_i2c.o(i.HAL_I2C_AbortCpltCallback)
    i.HAL_I2C_AddrCallback                   0x08000d2e   Section        0  stm32f4xx_hal_i2c.o(i.HAL_I2C_AddrCallback)
    i.HAL_I2C_ER_IRQHandler                  0x08000d30   Section        0  stm32f4xx_hal_i2c.o(i.HAL_I2C_ER_IRQHandler)
    i.HAL_I2C_EV_IRQHandler                  0x08000dea   Section        0  stm32f4xx_hal_i2c.o(i.HAL_I2C_EV_IRQHandler)
    i.HAL_I2C_ErrorCallback                  0x08001044   Section        0  stm32f4xx_hal_i2c.o(i.HAL_I2C_ErrorCallback)
    i.HAL_I2C_Init                           0x08001048   Section        0  stm32f4xx_hal_i2c.o(i.HAL_I2C_Init)
    i.HAL_I2C_ListenCpltCallback             0x080011d0   Section        0  stm32f4xx_hal_i2c.o(i.HAL_I2C_ListenCpltCallback)
    i.HAL_I2C_MasterRxCpltCallback           0x080011d2   Section        0  stm32f4xx_hal_i2c.o(i.HAL_I2C_MasterRxCpltCallback)
    i.HAL_I2C_MasterTxCpltCallback           0x080011d4   Section        0  stm32f4xx_hal_i2c.o(i.HAL_I2C_MasterTxCpltCallback)
    i.HAL_I2C_MemRxCpltCallback              0x080011d6   Section        0  stm32f4xx_hal_i2c.o(i.HAL_I2C_MemRxCpltCallback)
    i.HAL_I2C_MemTxCpltCallback              0x080011d8   Section        0  stm32f4xx_hal_i2c.o(i.HAL_I2C_MemTxCpltCallback)
    i.HAL_I2C_MspInit                        0x080011dc   Section        0  stm32f4xx_hal_msp.o(i.HAL_I2C_MspInit)
    i.HAL_I2C_SlaveRxCpltCallback            0x08001268   Section        0  stm32f4xx_hal_i2c.o(i.HAL_I2C_SlaveRxCpltCallback)
    i.HAL_I2C_SlaveTxCpltCallback            0x0800126a   Section        0  stm32f4xx_hal_i2c.o(i.HAL_I2C_SlaveTxCpltCallback)
    i.HAL_IncTick                            0x0800126c   Section        0  stm32f4xx_hal.o(i.HAL_IncTick)
    i.HAL_Init                               0x0800127c   Section        0  stm32f4xx_hal.o(i.HAL_Init)
    i.HAL_InitTick                           0x080012b0   Section        0  stm32f4xx_hal.o(i.HAL_InitTick)
    i.HAL_MspInit                            0x080012f0   Section        0  stm32f4xx_hal_msp.o(i.HAL_MspInit)
    i.HAL_NVIC_EnableIRQ                     0x08001324   Section        0  stm32f4xx_hal_cortex.o(i.HAL_NVIC_EnableIRQ)
    i.HAL_NVIC_SetPriority                   0x08001340   Section        0  stm32f4xx_hal_cortex.o(i.HAL_NVIC_SetPriority)
    i.HAL_NVIC_SetPriorityGrouping           0x08001380   Section        0  stm32f4xx_hal_cortex.o(i.HAL_NVIC_SetPriorityGrouping)
    i.HAL_RCC_ClockConfig                    0x080013a4   Section        0  stm32f4xx_hal_rcc.o(i.HAL_RCC_ClockConfig)
    i.HAL_RCC_GetPCLK1Freq                   0x080014d8   Section        0  stm32f4xx_hal_rcc.o(i.HAL_RCC_GetPCLK1Freq)
    i.HAL_RCC_GetPCLK2Freq                   0x080014f8   Section        0  stm32f4xx_hal_rcc.o(i.HAL_RCC_GetPCLK2Freq)
    i.HAL_RCC_GetSysClockFreq                0x08001518   Section        0  stm32f4xx_hal_rcc.o(i.HAL_RCC_GetSysClockFreq)
    i.HAL_RCC_OscConfig                      0x08001578   Section        0  stm32f4xx_hal_rcc.o(i.HAL_RCC_OscConfig)
    i.HAL_SYSTICK_Config                     0x080018d4   Section        0  stm32f4xx_hal_cortex.o(i.HAL_SYSTICK_Config)
    i.HAL_TIMEx_BreakCallback                0x080018fc   Section        0  stm32f4xx_hal_tim_ex.o(i.HAL_TIMEx_BreakCallback)
    i.HAL_TIMEx_CommutCallback               0x080018fe   Section        0  stm32f4xx_hal_tim_ex.o(i.HAL_TIMEx_CommutCallback)
    i.HAL_TIMEx_MasterConfigSynchronization  0x08001900   Section        0  stm32f4xx_hal_tim_ex.o(i.HAL_TIMEx_MasterConfigSynchronization)
    i.HAL_TIM_Base_Init                      0x08001990   Section        0  stm32f4xx_hal_tim.o(i.HAL_TIM_Base_Init)
    i.HAL_TIM_Base_MspInit                   0x080019c8   Section        0  stm32f4xx_hal_msp.o(i.HAL_TIM_Base_MspInit)
    i.HAL_TIM_IC_CaptureCallback             0x08001a04   Section        0  stm32f4xx_hal_tim.o(i.HAL_TIM_IC_CaptureCallback)
    i.HAL_TIM_IRQHandler                     0x08001a06   Section        0  stm32f4xx_hal_tim.o(i.HAL_TIM_IRQHandler)
    i.HAL_TIM_OC_DelayElapsedCallback        0x08001b6c   Section        0  stm32f4xx_hal_tim.o(i.HAL_TIM_OC_DelayElapsedCallback)
    i.HAL_TIM_PWM_PulseFinishedCallback      0x08001b6e   Section        0  stm32f4xx_hal_tim.o(i.HAL_TIM_PWM_PulseFinishedCallback)
    i.HAL_TIM_PeriodElapsedCallback          0x08001b70   Section        0  stm32f4xx_hal_tim.o(i.HAL_TIM_PeriodElapsedCallback)
    i.HAL_TIM_TriggerCallback                0x08001b72   Section        0  stm32f4xx_hal_tim.o(i.HAL_TIM_TriggerCallback)
    i.HAL_UART_ErrorCallback                 0x08001b74   Section        0  stm32f4xx_hal_uart.o(i.HAL_UART_ErrorCallback)
    i.HAL_UART_IRQHandler                    0x08001b78   Section        0  stm32f4xx_hal_uart.o(i.HAL_UART_IRQHandler)
    i.HAL_UART_Init                          0x08001c8c   Section        0  stm32f4xx_hal_uart.o(i.HAL_UART_Init)
    i.HAL_UART_MspInit                       0x08001cf0   Section        0  stm32f4xx_hal_msp.o(i.HAL_UART_MspInit)
    i.HAL_UART_RxCpltCallback                0x08001d6c   Section        0  stm32f4xx_hal_uart.o(i.HAL_UART_RxCpltCallback)
    i.HAL_UART_Transmit_IT                   0x08001d6e   Section        0  stm32f4xx_hal_uart.o(i.HAL_UART_Transmit_IT)
    i.HAL_UART_TxCpltCallback                0x08001dac   Section        0  test_usart.o(i.HAL_UART_TxCpltCallback)
    i.I2C1_ER_IRQHandler                     0x08001df0   Section        0  stm32f4xx_it.o(i.I2C1_ER_IRQHandler)
    i.I2C1_EV_IRQHandler                     0x08001dfc   Section        0  stm32f4xx_it.o(i.I2C1_EV_IRQHandler)
    i.I2C_DMAAbort                           0x08001e08   Section        0  stm32f4xx_hal_i2c.o(i.I2C_DMAAbort)
    I2C_DMAAbort                             0x08001e09   Thumb Code   134  stm32f4xx_hal_i2c.o(i.I2C_DMAAbort)
    i.I2C_ITError                            0x08001e90   Section        0  stm32f4xx_hal_i2c.o(i.I2C_ITError)
    I2C_ITError                              0x08001e91   Thumb Code   332  stm32f4xx_hal_i2c.o(i.I2C_ITError)
    i.I2C_MasterReceive_BTF                  0x08001fe4   Section        0  stm32f4xx_hal_i2c.o(i.I2C_MasterReceive_BTF)
    I2C_MasterReceive_BTF                    0x08001fe5   Thumb Code   210  stm32f4xx_hal_i2c.o(i.I2C_MasterReceive_BTF)
    i.I2C_MasterReceive_RXNE                 0x080020b6   Section        0  stm32f4xx_hal_i2c.o(i.I2C_MasterReceive_RXNE)
    I2C_MasterReceive_RXNE                   0x080020b7   Thumb Code   146  stm32f4xx_hal_i2c.o(i.I2C_MasterReceive_RXNE)
    i.I2C_MasterTransmit_BTF                 0x08002148   Section        0  stm32f4xx_hal_i2c.o(i.I2C_MasterTransmit_BTF)
    I2C_MasterTransmit_BTF                   0x08002149   Thumb Code   146  stm32f4xx_hal_i2c.o(i.I2C_MasterTransmit_BTF)
    i.I2C_MasterTransmit_TXE                 0x080021dc   Section        0  stm32f4xx_hal_i2c.o(i.I2C_MasterTransmit_TXE)
    I2C_MasterTransmit_TXE                   0x080021dd   Thumb Code   182  stm32f4xx_hal_i2c.o(i.I2C_MasterTransmit_TXE)
    i.I2C_Master_ADDR                        0x08002294   Section        0  stm32f4xx_hal_i2c.o(i.I2C_Master_ADDR)
    I2C_Master_ADDR                          0x08002295   Thumb Code   276  stm32f4xx_hal_i2c.o(i.I2C_Master_ADDR)
    i.I2C_Master_SB                          0x080023ac   Section        0  stm32f4xx_hal_i2c.o(i.I2C_Master_SB)
    I2C_Master_SB                            0x080023ad   Thumb Code   140  stm32f4xx_hal_i2c.o(i.I2C_Master_SB)
    i.I2C_MemoryTransmit_TXE_BTF             0x08002438   Section        0  stm32f4xx_hal_i2c.o(i.I2C_MemoryTransmit_TXE_BTF)
    I2C_MemoryTransmit_TXE_BTF               0x08002439   Thumb Code   108  stm32f4xx_hal_i2c.o(i.I2C_MemoryTransmit_TXE_BTF)
    i.I2C_Slave_AF                           0x080024a4   Section        0  stm32f4xx_hal_i2c.o(i.I2C_Slave_AF)
    I2C_Slave_AF                             0x080024a5   Thumb Code   126  stm32f4xx_hal_i2c.o(i.I2C_Slave_AF)
    i.I2C_Slave_STOPF                        0x08002528   Section        0  stm32f4xx_hal_i2c.o(i.I2C_Slave_STOPF)
    I2C_Slave_STOPF                          0x08002529   Thumb Code   338  stm32f4xx_hal_i2c.o(i.I2C_Slave_STOPF)
    i.MX_GPIO_Init                           0x08002684   Section        0  main.o(i.MX_GPIO_Init)
    MX_GPIO_Init                             0x08002685   Thumb Code   150  main.o(i.MX_GPIO_Init)
    i.MadgwickAHRSupdateIMU                  0x0800272c   Section        0  madgwickahrs.o(i.MadgwickAHRSupdateIMU)
    i.MemManage_Handler                      0x08002940   Section        0  stm32f4xx_it.o(i.MemManage_Handler)
    i.Mpu_temp_c                             0x08002944   Section        0  mpu6050.o(i.Mpu_temp_c)
    i.PendSV_Handler                         0x08002950   Section        0  stm32f4xx_it.o(i.PendSV_Handler)
    i.SVC_Handler                            0x08002952   Section        0  stm32f4xx_it.o(i.SVC_Handler)
    i.SysTick_Config                         0x08002954   Section        0  main.o(i.SysTick_Config)
    SysTick_Config                           0x08002955   Thumb Code    38  main.o(i.SysTick_Config)
    i.SysTick_Handler                        0x08002980   Section        0  stm32f4xx_it.o(i.SysTick_Handler)
    i.SystemClock_Config                     0x08002994   Section        0  main.o(i.SystemClock_Config)
    i.SystemInit                             0x08002a18   Section        0  system_stm32f4xx.o(i.SystemInit)
    i.TIM7_IRQHandler                        0x08002a34   Section        0  stm32f4xx_it.o(i.TIM7_IRQHandler)
    i.TIM_Base_SetConfig                     0x08002a40   Section        0  stm32f4xx_hal_tim.o(i.TIM_Base_SetConfig)
    i.TX_CopyData                            0x08002b08   Section        0  test_usart.o(i.TX_CopyData)
    i.UART_DMAAbortOnError                   0x08002b72   Section        0  stm32f4xx_hal_uart.o(i.UART_DMAAbortOnError)
    UART_DMAAbortOnError                     0x08002b73   Thumb Code    16  stm32f4xx_hal_uart.o(i.UART_DMAAbortOnError)
    i.UART_EndRxTransfer                     0x08002b82   Section        0  stm32f4xx_hal_uart.o(i.UART_EndRxTransfer)
    UART_EndRxTransfer                       0x08002b83   Thumb Code    28  stm32f4xx_hal_uart.o(i.UART_EndRxTransfer)
    i.UART_Receive_IT                        0x08002b9e   Section        0  stm32f4xx_hal_uart.o(i.UART_Receive_IT)
    UART_Receive_IT                          0x08002b9f   Thumb Code   150  stm32f4xx_hal_uart.o(i.UART_Receive_IT)
    i.UART_SetConfig                         0x08002c34   Section        0  stm32f4xx_hal_uart.o(i.UART_SetConfig)
    UART_SetConfig                           0x08002c35   Thumb Code   286  stm32f4xx_hal_uart.o(i.UART_SetConfig)
    i.UART_Transmit_IT                       0x08002d5c   Section        0  stm32f4xx_hal_uart.o(i.UART_Transmit_IT)
    UART_Transmit_IT                         0x08002d5d   Thumb Code    98  stm32f4xx_hal_uart.o(i.UART_Transmit_IT)
    i.USART3_IRQHandler                      0x08002dc0   Section        0  stm32f4xx_it.o(i.USART3_IRQHandler)
    i.USART3_TX_SendData                     0x08002dcc   Section        0  test_usart.o(i.USART3_TX_SendData)
    i.USART3_Tx_Initialization               0x08002e00   Section        0  test_usart.o(i.USART3_Tx_Initialization)
    i.UsageFault_Handler                     0x08002e58   Section        0  stm32f4xx_it.o(i.UsageFault_Handler)
    i.__0snprintf                            0x08002e5c   Section        0  printfa.o(i.__0snprintf)
    i.__ARM_fpclassify                       0x08002e8c   Section        0  fpclassify.o(i.__ARM_fpclassify)
    i.__NVIC_SetPriority                     0x08002ebc   Section        0  stm32f4xx_hal_cortex.o(i.__NVIC_SetPriority)
    __NVIC_SetPriority                       0x08002ebd   Thumb Code    32  stm32f4xx_hal_cortex.o(i.__NVIC_SetPriority)
    i.__hardfp_atan                          0x08002ee0   Section        0  atan.o(i.__hardfp_atan)
    i.__hardfp_atan2                         0x080031b8   Section        0  atan2.o(i.__hardfp_atan2)
    i.__i2c_start                            0x080033a8   Section        0  mpu6050.o(i.__i2c_start)
    __i2c_start                              0x080033a9   Thumb Code    22  mpu6050.o(i.__i2c_start)
    i.__i2c_stop                             0x080033c4   Section        0  mpu6050.o(i.__i2c_stop)
    __i2c_stop                               0x080033c5   Thumb Code    24  mpu6050.o(i.__i2c_stop)
    i.__kernel_poly                          0x080033e0   Section        0  poly.o(i.__kernel_poly)
    i.__mathlib_dbl_infnan                   0x080034d8   Section        0  dunder.o(i.__mathlib_dbl_infnan)
    i.__mathlib_dbl_infnan2                  0x080034ec   Section        0  dunder.o(i.__mathlib_dbl_infnan2)
    i.__mathlib_dbl_underflow                0x08003500   Section        0  dunder.o(i.__mathlib_dbl_underflow)
    i.__scatterload_copy                     0x08003520   Section       14  handlers.o(i.__scatterload_copy)
    i.__scatterload_null                     0x0800352e   Section        2  handlers.o(i.__scatterload_null)
    i.__scatterload_zeroinit                 0x08003530   Section       14  handlers.o(i.__scatterload_zeroinit)
    i._fp_digits                             0x08003540   Section        0  printfa.o(i._fp_digits)
    _fp_digits                               0x08003541   Thumb Code   366  printfa.o(i._fp_digits)
    i._printf_core                           0x080036c4   Section        0  printfa.o(i._printf_core)
    _printf_core                             0x080036c5   Thumb Code  1744  printfa.o(i._printf_core)
    i._printf_post_padding                   0x08003da0   Section        0  printfa.o(i._printf_post_padding)
    _printf_post_padding                     0x08003da1   Thumb Code    36  printfa.o(i._printf_post_padding)
    i._printf_pre_padding                    0x08003dc4   Section        0  printfa.o(i._printf_pre_padding)
    _printf_pre_padding                      0x08003dc5   Thumb Code    46  printfa.o(i._printf_pre_padding)
    i._snputc                                0x08003df2   Section        0  printfa.o(i._snputc)
    _snputc                                  0x08003df3   Thumb Code    22  printfa.o(i._snputc)
    i.atan                                   0x08003e08   Section        0  atan.o(i.atan)
    i.fabs                                   0x08003e18   Section        0  fabs.o(i.fabs)
    i.getBuffPtr                             0x08003e30   Section        0  getbuffptr.o(i.getBuffPtr)
    i.getPitch                               0x08003e34   Section        0  madgwickahrs.o(i.getPitch)
    i.getQ_0                                 0x08003ed0   Section        0  madgwickahrs.o(i.getQ_0)
    i.getQ_1                                 0x08003edc   Section        0  madgwickahrs.o(i.getQ_1)
    i.getQ_2                                 0x08003ee8   Section        0  madgwickahrs.o(i.getQ_2)
    i.getQ_3                                 0x08003ef4   Section        0  madgwickahrs.o(i.getQ_3)
    i.i2c_read                               0x08003f00   Section        0  mpu6050.o(i.i2c_read)
    i.i2c_write                              0x08003f60   Section        0  mpu6050.o(i.i2c_write)
    i.invSqrt                                0x08003fa4   Section        0  madgwickahrs.o(i.invSqrt)
    i.isSetup                                0x08003fd0   Section        0  mpu6050.o(i.isSetup)
    i.main                                   0x08003fdc   Section        0  main.o(i.main)
    i.mpu6050_read_sensors                   0x08004158   Section        0  mpu6050.o(i.mpu6050_read_sensors)
    i.setFlag                                0x080042ac   Section        0  mpu6050.o(i.setFlag)
    i.setupMPU6050                           0x080042b8   Section        0  mpu6050.o(i.setupMPU6050)
    i.test_SetEventsForThisBaseStep          0x080042e8   Section        0  test.o(i.test_SetEventsForThisBaseStep)
    i.test_initialize                        0x08004300   Section        0  test.o(i.test_initialize)
    i.test_step                              0x08004330   Section        0  test.o(i.test_step)
    i.test_step0                             0x08004340   Section        0  test.o(i.test_step0)
    i.test_step1                             0x08004360   Section        0  test.o(i.test_step1)
    .constdata                               0x08004388   Section       16  system_stm32f4xx.o(.constdata)
    .constdata                               0x08004398   Section        8  system_stm32f4xx.o(.constdata)
    .constdata                               0x080043a0   Section        4  test.o(.constdata)
    .constdata                               0x080043a4   Section       74  test_exti.o(.constdata)
    stringFormat                             0x080043a4   Data          74  test_exti.o(.constdata)
    .constdata                               0x080043f0   Section      152  atan.o(.constdata)
    atanhi                                   0x080043f0   Data          32  atan.o(.constdata)
    atanlo                                   0x08004410   Data          32  atan.o(.constdata)
    aTodd                                    0x08004430   Data          40  atan.o(.constdata)
    aTeven                                   0x08004458   Data          48  atan.o(.constdata)
    .constdata                               0x08004488   Section        8  qnan.o(.constdata)
    .data                                    0x20000000   Section       12  main.o(.data)
    OverrunFlags                             0x20000000   Data           2  main.o(.data)
    autoReloadTimerLoopVal_S                 0x20000004   Data           4  main.o(.data)
    .data                                    0x2000000c   Section       12  stm32f4xx_hal.o(.data)
    .data                                    0x20000018   Section        4  system_stm32f4xx.o(.data)
    .data                                    0x2000001c   Section       20  madgwickahrs.o(.data)
    beta                                     0x2000001c   Data           4  madgwickahrs.o(.data)
    q0                                       0x20000020   Data           4  madgwickahrs.o(.data)
    q1                                       0x20000024   Data           4  madgwickahrs.o(.data)
    q2                                       0x20000028   Data           4  madgwickahrs.o(.data)
    q3                                       0x2000002c   Data           4  madgwickahrs.o(.data)
    .data                                    0x20000030   Section       40  mpu6050.o(.data)
    setup_flag                               0x20000030   Data           1  mpu6050.o(.data)
    DeviceAddr                               0x20000031   Data           1  mpu6050.o(.data)
    gyro_x_offset                            0x20000032   Data           2  mpu6050.o(.data)
    gyro_y_offset                            0x20000034   Data           2  mpu6050.o(.data)
    gyro_z_offset                            0x20000036   Data           2  mpu6050.o(.data)
    samples                                  0x20000038   Data           4  mpu6050.o(.data)
    accel_x_g                                0x2000003c   Data           4  mpu6050.o(.data)
    accel_y_g                                0x20000040   Data           4  mpu6050.o(.data)
    accel_z_g                                0x20000044   Data           4  mpu6050.o(.data)
    mpu_temp_c                               0x20000048   Data           4  mpu6050.o(.data)
    gyro_x_rad                               0x2000004c   Data           4  mpu6050.o(.data)
    gyro_y_rad                               0x20000050   Data           4  mpu6050.o(.data)
    gyro_z_rad                               0x20000054   Data           4  mpu6050.o(.data)
    .data                                    0x20000058   Section        8  test.o(.data)
    .data                                    0x20000060   Section        8  test.o(.data)
    .data                                    0x20000068   Section       12  test_usart.o(.data)
    .bss                                     0x20000074   Section      212  main.o(.bss)
    .bss                                     0x20000148   Section       14  mpu6050.o(.bss)
    rx_buffer                                0x20000148   Data          14  mpu6050.o(.bss)
    .bss                                     0x20000158   Section       64  test_exti.o(.bss)
    .bss                                     0x20000198   Section      136  test_usart.o(.bss)
    USART3_TxDataBuffer                      0x20000198   Data          97  test_usart.o(.bss)
    STACK                                    0x20000220   Section     1024  startup_stm32f407xx.o(STACK)

    Global Symbols

    Symbol Name                              Value     Ov Type        Size  Object(Section)

    BuildAttributes$$THM_ISAv4$E$P$D$K$B$S$7EM$VFPi3$EXTD16$VFPS$VFMA$PE$A:L22UL41UL21$X:L11$S22US41US21$IEEE1$IW$USESV6$~STKCKD$USESV7$~SHL$OTIME$ROPI$IEEEX$EBA8$MICROLIB$REQ8$PRES8$EABIv2 0x00000000   Number         0  anon$$obj.o ABSOLUTE
    __ARM_use_no_argv                        0x00000000   Number         0  main.o ABSOLUTE
    _printf_a                                0x00000000   Number         0  stubs.o ABSOLUTE
    _printf_c                                0x00000000   Number         0  stubs.o ABSOLUTE
    _printf_charcount                        0x00000000   Number         0  stubs.o ABSOLUTE
    _printf_d                                0x00000000   Number         0  stubs.o ABSOLUTE
    _printf_e                                0x00000000   Number         0  stubs.o ABSOLUTE
    _printf_f                                0x00000000   Number         0  stubs.o ABSOLUTE
    _printf_flags                            0x00000000   Number         0  stubs.o ABSOLUTE
    _printf_fp_dec                           0x00000000   Number         0  stubs.o ABSOLUTE
    _printf_fp_hex                           0x00000000   Number         0  stubs.o ABSOLUTE
    _printf_g                                0x00000000   Number         0  stubs.o ABSOLUTE
    _printf_i                                0x00000000   Number         0  stubs.o ABSOLUTE
    _printf_int_dec                          0x00000000   Number         0  stubs.o ABSOLUTE
    _printf_l                                0x00000000   Number         0  stubs.o ABSOLUTE
    _printf_lc                               0x00000000   Number         0  stubs.o ABSOLUTE
    _printf_ll                               0x00000000   Number         0  stubs.o ABSOLUTE
    _printf_lld                              0x00000000   Number         0  stubs.o ABSOLUTE
    _printf_lli                              0x00000000   Number         0  stubs.o ABSOLUTE
    _printf_llo                              0x00000000   Number         0  stubs.o ABSOLUTE
    _printf_llu                              0x00000000   Number         0  stubs.o ABSOLUTE
    _printf_llx                              0x00000000   Number         0  stubs.o ABSOLUTE
    _printf_longlong_dec                     0x00000000   Number         0  stubs.o ABSOLUTE
    _printf_longlong_hex                     0x00000000   Number         0  stubs.o ABSOLUTE
    _printf_longlong_oct                     0x00000000   Number         0  stubs.o ABSOLUTE
    _printf_ls                               0x00000000   Number         0  stubs.o ABSOLUTE
    _printf_mbtowc                           0x00000000   Number         0  stubs.o ABSOLUTE
    _printf_n                                0x00000000   Number         0  stubs.o ABSOLUTE
    _printf_o                                0x00000000   Number         0  stubs.o ABSOLUTE
    _printf_p                                0x00000000   Number         0  stubs.o ABSOLUTE
    _printf_percent                          0x00000000   Number         0  stubs.o ABSOLUTE
    _printf_pre_padding                      0x00000000   Number         0  stubs.o ABSOLUTE
    _printf_return_value                     0x00000000   Number         0  stubs.o ABSOLUTE
    _printf_s                                0x00000000   Number         0  stubs.o ABSOLUTE
    _printf_sizespec                         0x00000000   Number         0  stubs.o ABSOLUTE
    _printf_str                              0x00000000   Number         0  stubs.o ABSOLUTE
    _printf_truncate_signed                  0x00000000   Number         0  stubs.o ABSOLUTE
    _printf_truncate_unsigned                0x00000000   Number         0  stubs.o ABSOLUTE
    _printf_u                                0x00000000   Number         0  stubs.o ABSOLUTE
    _printf_wc                               0x00000000   Number         0  stubs.o ABSOLUTE
    _printf_wctomb                           0x00000000   Number         0  stubs.o ABSOLUTE
    _printf_widthprec                        0x00000000   Number         0  stubs.o ABSOLUTE
    _printf_x                                0x00000000   Number         0  stubs.o ABSOLUTE
    __cpp_initialize__aeabi_                  - Undefined Weak Reference
    __cxa_finalize                            - Undefined Weak Reference
    __decompress                              - Undefined Weak Reference
    _clock_init                               - Undefined Weak Reference
    _microlib_exit                            - Undefined Weak Reference
    __Vectors_Size                           0x00000188   Number         0  startup_stm32f407xx.o ABSOLUTE
    __Vectors                                0x08000000   Data           4  startup_stm32f407xx.o(RESET)
    __Vectors_End                            0x08000188   Data           0  startup_stm32f407xx.o(RESET)
    __main                                   0x08000189   Thumb Code     0  entry.o(.ARM.Collect$$$$00000000)
    _main_stk                                0x08000189   Thumb Code     0  entry2.o(.ARM.Collect$$$$00000001)
    _main_scatterload                        0x0800018d   Thumb Code     0  entry5.o(.ARM.Collect$$$$00000004)
    __main_after_scatterload                 0x08000191   Thumb Code     0  entry5.o(.ARM.Collect$$$$00000004)
    _main_clock                              0x08000191   Thumb Code     0  entry7b.o(.ARM.Collect$$$$00000008)
    _main_cpp_init                           0x08000191   Thumb Code     0  entry8b.o(.ARM.Collect$$$$0000000A)
    _main_init                               0x08000191   Thumb Code     0  entry9a.o(.ARM.Collect$$$$0000000B)
    __rt_final_cpp                           0x08000199   Thumb Code     0  entry10a.o(.ARM.Collect$$$$0000000D)
    __rt_final_exit                          0x08000199   Thumb Code     0  entry11a.o(.ARM.Collect$$$$0000000F)
    Reset_Handler                            0x0800019d   Thumb Code     8  startup_stm32f407xx.o(.text)
    NMI_Handler                              0x080001a5   Thumb Code     2  startup_stm32f407xx.o(.text)
    HardFault_Handler                        0x080001a7   Thumb Code     2  startup_stm32f407xx.o(.text)
    ADC_IRQHandler                           0x080001b7   Thumb Code     0  startup_stm32f407xx.o(.text)
    CAN1_RX0_IRQHandler                      0x080001b7   Thumb Code     0  startup_stm32f407xx.o(.text)
    CAN1_RX1_IRQHandler                      0x080001b7   Thumb Code     0  startup_stm32f407xx.o(.text)
    CAN1_SCE_IRQHandler                      0x080001b7   Thumb Code     0  startup_stm32f407xx.o(.text)
    CAN1_TX_IRQHandler                       0x080001b7   Thumb Code     0  startup_stm32f407xx.o(.text)
    CAN2_RX0_IRQHandler                      0x080001b7   Thumb Code     0  startup_stm32f407xx.o(.text)
    CAN2_RX1_IRQHandler                      0x080001b7   Thumb Code     0  startup_stm32f407xx.o(.text)
    CAN2_SCE_IRQHandler                      0x080001b7   Thumb Code     0  startup_stm32f407xx.o(.text)
    CAN2_TX_IRQHandler                       0x080001b7   Thumb Code     0  startup_stm32f407xx.o(.text)
    DCMI_IRQHandler                          0x080001b7   Thumb Code     0  startup_stm32f407xx.o(.text)
    DMA1_Stream0_IRQHandler                  0x080001b7   Thumb Code     0  startup_stm32f407xx.o(.text)
    DMA1_Stream1_IRQHandler                  0x080001b7   Thumb Code     0  startup_stm32f407xx.o(.text)
    DMA1_Stream2_IRQHandler                  0x080001b7   Thumb Code     0  startup_stm32f407xx.o(.text)
    DMA1_Stream3_IRQHandler                  0x080001b7   Thumb Code     0  startup_stm32f407xx.o(.text)
    DMA1_Stream4_IRQHandler                  0x080001b7   Thumb Code     0  startup_stm32f407xx.o(.text)
    DMA1_Stream5_IRQHandler                  0x080001b7   Thumb Code     0  startup_stm32f407xx.o(.text)
    DMA1_Stream6_IRQHandler                  0x080001b7   Thumb Code     0  startup_stm32f407xx.o(.text)
    DMA1_Stream7_IRQHandler                  0x080001b7   Thumb Code     0  startup_stm32f407xx.o(.text)
    DMA2_Stream0_IRQHandler                  0x080001b7   Thumb Code     0  startup_stm32f407xx.o(.text)
    DMA2_Stream1_IRQHandler                  0x080001b7   Thumb Code     0  startup_stm32f407xx.o(.text)
    DMA2_Stream2_IRQHandler                  0x080001b7   Thumb Code     0  startup_stm32f407xx.o(.text)
    DMA2_Stream3_IRQHandler                  0x080001b7   Thumb Code     0  startup_stm32f407xx.o(.text)
    DMA2_Stream4_IRQHandler                  0x080001b7   Thumb Code     0  startup_stm32f407xx.o(.text)
    DMA2_Stream5_IRQHandler                  0x080001b7   Thumb Code     0  startup_stm32f407xx.o(.text)
    DMA2_Stream6_IRQHandler                  0x080001b7   Thumb Code     0  startup_stm32f407xx.o(.text)
    DMA2_Stream7_IRQHandler                  0x080001b7   Thumb Code     0  startup_stm32f407xx.o(.text)
    ETH_IRQHandler                           0x080001b7   Thumb Code     0  startup_stm32f407xx.o(.text)
    ETH_WKUP_IRQHandler                      0x080001b7   Thumb Code     0  startup_stm32f407xx.o(.text)
    EXTI15_10_IRQHandler                     0x080001b7   Thumb Code     0  startup_stm32f407xx.o(.text)
    EXTI1_IRQHandler                         0x080001b7   Thumb Code     0  startup_stm32f407xx.o(.text)
    EXTI2_IRQHandler                         0x080001b7   Thumb Code     0  startup_stm32f407xx.o(.text)
    EXTI3_IRQHandler                         0x080001b7   Thumb Code     0  startup_stm32f407xx.o(.text)
    EXTI4_IRQHandler                         0x080001b7   Thumb Code     0  startup_stm32f407xx.o(.text)
    EXTI9_5_IRQHandler                       0x080001b7   Thumb Code     0  startup_stm32f407xx.o(.text)
    FLASH_IRQHandler                         0x080001b7   Thumb Code     0  startup_stm32f407xx.o(.text)
    FMC_IRQHandler                           0x080001b7   Thumb Code     0  startup_stm32f407xx.o(.text)
    FPU_IRQHandler                           0x080001b7   Thumb Code     0  startup_stm32f407xx.o(.text)
    HASH_RNG_IRQHandler                      0x080001b7   Thumb Code     0  startup_stm32f407xx.o(.text)
    I2C2_ER_IRQHandler                       0x080001b7   Thumb Code     0  startup_stm32f407xx.o(.text)
    I2C2_EV_IRQHandler                       0x080001b7   Thumb Code     0  startup_stm32f407xx.o(.text)
    I2C3_ER_IRQHandler                       0x080001b7   Thumb Code     0  startup_stm32f407xx.o(.text)
    I2C3_EV_IRQHandler                       0x080001b7   Thumb Code     0  startup_stm32f407xx.o(.text)
    OTG_FS_IRQHandler                        0x080001b7   Thumb Code     0  startup_stm32f407xx.o(.text)
    OTG_FS_WKUP_IRQHandler                   0x080001b7   Thumb Code     0  startup_stm32f407xx.o(.text)
    OTG_HS_EP1_IN_IRQHandler                 0x080001b7   Thumb Code     0  startup_stm32f407xx.o(.text)
    OTG_HS_EP1_OUT_IRQHandler                0x080001b7   Thumb Code     0  startup_stm32f407xx.o(.text)
    OTG_HS_IRQHandler                        0x080001b7   Thumb Code     0  startup_stm32f407xx.o(.text)
    OTG_HS_WKUP_IRQHandler                   0x080001b7   Thumb Code     0  startup_stm32f407xx.o(.text)
    PVD_IRQHandler                           0x080001b7   Thumb Code     0  startup_stm32f407xx.o(.text)
    RCC_IRQHandler                           0x080001b7   Thumb Code     0  startup_stm32f407xx.o(.text)
    RTC_Alarm_IRQHandler                     0x080001b7   Thumb Code     0  startup_stm32f407xx.o(.text)
    RTC_WKUP_IRQHandler                      0x080001b7   Thumb Code     0  startup_stm32f407xx.o(.text)
    SDIO_IRQHandler                          0x080001b7   Thumb Code     0  startup_stm32f407xx.o(.text)
    SPI1_IRQHandler                          0x080001b7   Thumb Code     0  startup_stm32f407xx.o(.text)
    SPI2_IRQHandler                          0x080001b7   Thumb Code     0  startup_stm32f407xx.o(.text)
    SPI3_IRQHandler                          0x080001b7   Thumb Code     0  startup_stm32f407xx.o(.text)
    TAMP_STAMP_IRQHandler                    0x080001b7   Thumb Code     0  startup_stm32f407xx.o(.text)
    TIM1_BRK_TIM9_IRQHandler                 0x080001b7   Thumb Code     0  startup_stm32f407xx.o(.text)
    TIM1_CC_IRQHandler                       0x080001b7   Thumb Code     0  startup_stm32f407xx.o(.text)
    TIM1_TRG_COM_TIM11_IRQHandler            0x080001b7   Thumb Code     0  startup_stm32f407xx.o(.text)
    TIM1_UP_TIM10_IRQHandler                 0x080001b7   Thumb Code     0  startup_stm32f407xx.o(.text)
    TIM2_IRQHandler                          0x080001b7   Thumb Code     0  startup_stm32f407xx.o(.text)
    TIM3_IRQHandler                          0x080001b7   Thumb Code     0  startup_stm32f407xx.o(.text)
    TIM4_IRQHandler                          0x080001b7   Thumb Code     0  startup_stm32f407xx.o(.text)
    TIM5_IRQHandler                          0x080001b7   Thumb Code     0  startup_stm32f407xx.o(.text)
    TIM6_DAC_IRQHandler                      0x080001b7   Thumb Code     0  startup_stm32f407xx.o(.text)
    TIM8_BRK_TIM12_IRQHandler                0x080001b7   Thumb Code     0  startup_stm32f407xx.o(.text)
    TIM8_CC_IRQHandler                       0x080001b7   Thumb Code     0  startup_stm32f407xx.o(.text)
    TIM8_TRG_COM_TIM14_IRQHandler            0x080001b7   Thumb Code     0  startup_stm32f407xx.o(.text)
    TIM8_UP_TIM13_IRQHandler                 0x080001b7   Thumb Code     0  startup_stm32f407xx.o(.text)
    UART4_IRQHandler                         0x080001b7   Thumb Code     0  startup_stm32f407xx.o(.text)
    UART5_IRQHandler                         0x080001b7   Thumb Code     0  startup_stm32f407xx.o(.text)
    USART1_IRQHandler                        0x080001b7   Thumb Code     0  startup_stm32f407xx.o(.text)
    USART2_IRQHandler                        0x080001b7   Thumb Code     0  startup_stm32f407xx.o(.text)
    USART6_IRQHandler                        0x080001b7   Thumb Code     0  startup_stm32f407xx.o(.text)
    WWDG_IRQHandler                          0x080001b7   Thumb Code     0  startup_stm32f407xx.o(.text)
    __aeabi_uldivmod                         0x080001c1   Thumb Code    98  uldiv.o(.text)
    __aeabi_memset                           0x08000223   Thumb Code    14  memseta.o(.text)
    __aeabi_memset4                          0x08000223   Thumb Code     0  memseta.o(.text)
    __aeabi_memset8                          0x08000223   Thumb Code     0  memseta.o(.text)
    __aeabi_memclr                           0x08000231   Thumb Code     4  memseta.o(.text)
    __aeabi_memclr4                          0x08000231   Thumb Code     0  memseta.o(.text)
    __aeabi_memclr8                          0x08000231   Thumb Code     0  memseta.o(.text)
    _memset$wrapper                          0x08000235   Thumb Code    18  memseta.o(.text)
    strlen                                   0x08000247   Thumb Code    14  strlen.o(.text)
    __aeabi_dadd                             0x08000255   Thumb Code   322  dadd.o(.text)
    __aeabi_dsub                             0x08000397   Thumb Code     6  dadd.o(.text)
    __aeabi_drsub                            0x0800039d   Thumb Code     6  dadd.o(.text)
    __aeabi_dmul                             0x080003a3   Thumb Code   228  dmul.o(.text)
    __aeabi_ddiv                             0x08000487   Thumb Code   222  ddiv.o(.text)
    __aeabi_ui2d                             0x08000565   Thumb Code    26  dfltui.o(.text)
    __aeabi_d2uiz                            0x0800057f   Thumb Code    50  dfixui.o(.text)
    __aeabi_f2d                              0x080005b1   Thumb Code    38  f2d.o(.text)
    __aeabi_d2f                              0x080005d7   Thumb Code    56  d2f.o(.text)
    __aeabi_uidiv                            0x0800060f   Thumb Code     0  uidiv.o(.text)
    __aeabi_uidivmod                         0x0800060f   Thumb Code    44  uidiv.o(.text)
    __aeabi_llsl                             0x0800063b   Thumb Code    30  llshl.o(.text)
    _ll_shift_l                              0x0800063b   Thumb Code     0  llshl.o(.text)
    __aeabi_llsr                             0x08000659   Thumb Code    32  llushr.o(.text)
    _ll_ushift_r                             0x08000659   Thumb Code     0  llushr.o(.text)
    __aeabi_lasr                             0x08000679   Thumb Code    36  llsshr.o(.text)
    _ll_sshift_r                             0x08000679   Thumb Code     0  llsshr.o(.text)
    __I$use$fp                               0x0800069d   Thumb Code     0  iusefp.o(.text)
    _float_round                             0x0800069d   Thumb Code    18  fepilogue.o(.text)
    _float_epilogue                          0x080006af   Thumb Code    92  fepilogue.o(.text)
    _double_round                            0x0800070b   Thumb Code    30  depilogue.o(.text)
    _double_epilogue                         0x08000729   Thumb Code   156  depilogue.o(.text)
    __aeabi_d2ulz                            0x080007c5   Thumb Code    48  dfixul.o(.text)
    __aeabi_cdrcmple                         0x080007f5   Thumb Code    48  cdrcmple.o(.text)
    __scatterload                            0x08000825   Thumb Code    28  init.o(.text)
    __scatterload_rt2                        0x08000825   Thumb Code     0  init.o(.text)
    Accel_x_g                                0x08000849   Thumb Code     8  mpu6050.o(i.Accel_x_g)
    Accel_y_g                                0x08000855   Thumb Code     8  mpu6050.o(i.Accel_y_g)
    Accel_z_g                                0x08000861   Thumb Code     8  mpu6050.o(i.Accel_z_g)
    BusFault_Handler                         0x0800086d   Thumb Code     2  stm32f4xx_it.o(i.BusFault_Handler)
    DebugMon_Handler                         0x0800086f   Thumb Code     2  stm32f4xx_it.o(i.DebugMon_Handler)
    EXTI0_Callback                           0x08000871   Thumb Code   440  test_exti.o(i.EXTI0_Callback)
    EXTI0_IRQHandler                         0x08000a39   Thumb Code     6  stm32f4xx_it.o(i.EXTI0_IRQHandler)
    Gyro_x_rad                               0x08000a41   Thumb Code     8  mpu6050.o(i.Gyro_x_rad)
    Gyro_y_rad                               0x08000a4d   Thumb Code     8  mpu6050.o(i.Gyro_y_rad)
    Gyro_z_rad                               0x08000a59   Thumb Code     8  mpu6050.o(i.Gyro_z_rad)
    HAL_DMA_Abort_IT                         0x08000a65   Thumb Code    36  stm32f4xx_hal_dma.o(i.HAL_DMA_Abort_IT)
    HAL_DMA_GetState                         0x08000a89   Thumb Code     6  stm32f4xx_hal_dma.o(i.HAL_DMA_GetState)
    HAL_GPIO_EXTI_Callback                   0x08000a91   Thumb Code   164  test_exti.o(i.HAL_GPIO_EXTI_Callback)
    HAL_GPIO_EXTI_IRQHandler                 0x08000b39   Thumb Code    18  stm32f4xx_hal_gpio.o(i.HAL_GPIO_EXTI_IRQHandler)
    HAL_GPIO_Init                            0x08000b51   Thumb Code   394  stm32f4xx_hal_gpio.o(i.HAL_GPIO_Init)
    HAL_GPIO_TogglePin                       0x08000d09   Thumb Code    14  stm32f4xx_hal_gpio.o(i.HAL_GPIO_TogglePin)
    HAL_GPIO_WritePin                        0x08000d17   Thumb Code    10  stm32f4xx_hal_gpio.o(i.HAL_GPIO_WritePin)
    HAL_GetTick                              0x08000d21   Thumb Code     6  stm32f4xx_hal.o(i.HAL_GetTick)
    HAL_I2C_AbortCpltCallback                0x08000d2d   Thumb Code     2  stm32f4xx_hal_i2c.o(i.HAL_I2C_AbortCpltCallback)
    HAL_I2C_AddrCallback                     0x08000d2f   Thumb Code     2  stm32f4xx_hal_i2c.o(i.HAL_I2C_AddrCallback)
    HAL_I2C_ER_IRQHandler                    0x08000d31   Thumb Code   186  stm32f4xx_hal_i2c.o(i.HAL_I2C_ER_IRQHandler)
    HAL_I2C_EV_IRQHandler                    0x08000deb   Thumb Code   602  stm32f4xx_hal_i2c.o(i.HAL_I2C_EV_IRQHandler)
    HAL_I2C_ErrorCallback                    0x08001045   Thumb Code     2  stm32f4xx_hal_i2c.o(i.HAL_I2C_ErrorCallback)
    HAL_I2C_Init                             0x08001049   Thumb Code   376  stm32f4xx_hal_i2c.o(i.HAL_I2C_Init)
    HAL_I2C_ListenCpltCallback               0x080011d1   Thumb Code     2  stm32f4xx_hal_i2c.o(i.HAL_I2C_ListenCpltCallback)
    HAL_I2C_MasterRxCpltCallback             0x080011d3   Thumb Code     2  stm32f4xx_hal_i2c.o(i.HAL_I2C_MasterRxCpltCallback)
    HAL_I2C_MasterTxCpltCallback             0x080011d5   Thumb Code     2  stm32f4xx_hal_i2c.o(i.HAL_I2C_MasterTxCpltCallback)
    HAL_I2C_MemRxCpltCallback                0x080011d7   Thumb Code     2  stm32f4xx_hal_i2c.o(i.HAL_I2C_MemRxCpltCallback)
    HAL_I2C_MemTxCpltCallback                0x080011d9   Thumb Code     2  stm32f4xx_hal_i2c.o(i.HAL_I2C_MemTxCpltCallback)
    HAL_I2C_MspInit                          0x080011dd   Thumb Code   126  stm32f4xx_hal_msp.o(i.HAL_I2C_MspInit)
    HAL_I2C_SlaveRxCpltCallback              0x08001269   Thumb Code     2  stm32f4xx_hal_i2c.o(i.HAL_I2C_SlaveRxCpltCallback)
    HAL_I2C_SlaveTxCpltCallback              0x0800126b   Thumb Code     2  stm32f4xx_hal_i2c.o(i.HAL_I2C_SlaveTxCpltCallback)
    HAL_IncTick                              0x0800126d   Thumb Code    12  stm32f4xx_hal.o(i.HAL_IncTick)
    HAL_Init                                 0x0800127d   Thumb Code    48  stm32f4xx_hal.o(i.HAL_Init)
    HAL_InitTick                             0x080012b1   Thumb Code    54  stm32f4xx_hal.o(i.HAL_InitTick)
    HAL_MspInit                              0x080012f1   Thumb Code    48  stm32f4xx_hal_msp.o(i.HAL_MspInit)
    HAL_NVIC_EnableIRQ                       0x08001325   Thumb Code    26  stm32f4xx_hal_cortex.o(i.HAL_NVIC_EnableIRQ)
    HAL_NVIC_SetPriority                     0x08001341   Thumb Code    60  stm32f4xx_hal_cortex.o(i.HAL_NVIC_SetPriority)
    HAL_NVIC_SetPriorityGrouping             0x08001381   Thumb Code    26  stm32f4xx_hal_cortex.o(i.HAL_NVIC_SetPriorityGrouping)
    HAL_RCC_ClockConfig                      0x080013a5   Thumb Code   288  stm32f4xx_hal_rcc.o(i.HAL_RCC_ClockConfig)
    HAL_RCC_GetPCLK1Freq                     0x080014d9   Thumb Code    20  stm32f4xx_hal_rcc.o(i.HAL_RCC_GetPCLK1Freq)
    HAL_RCC_GetPCLK2Freq                     0x080014f9   Thumb Code    20  stm32f4xx_hal_rcc.o(i.HAL_RCC_GetPCLK2Freq)
    HAL_RCC_GetSysClockFreq                  0x08001519   Thumb Code    88  stm32f4xx_hal_rcc.o(i.HAL_RCC_GetSysClockFreq)
    HAL_RCC_OscConfig                        0x08001579   Thumb Code   840  stm32f4xx_hal_rcc.o(i.HAL_RCC_OscConfig)
    HAL_SYSTICK_Config                       0x080018d5   Thumb Code    40  stm32f4xx_hal_cortex.o(i.HAL_SYSTICK_Config)
    HAL_TIMEx_BreakCallback                  0x080018fd   Thumb Code     2  stm32f4xx_hal_tim_ex.o(i.HAL_TIMEx_BreakCallback)
    HAL_TIMEx_CommutCallback                 0x080018ff   Thumb Code     2  stm32f4xx_hal_tim_ex.o(i.HAL_TIMEx_CommutCallback)
    HAL_TIMEx_MasterConfigSynchronization    0x08001901   Thumb Code   116  stm32f4xx_hal_tim_ex.o(i.HAL_TIMEx_MasterConfigSynchronization)
    HAL_TIM_Base_Init                        0x08001991   Thumb Code    54  stm32f4xx_hal_tim.o(i.HAL_TIM_Base_Init)
    HAL_TIM_Base_MspInit                     0x080019c9   Thumb Code    50  stm32f4xx_hal_msp.o(i.HAL_TIM_Base_MspInit)
    HAL_TIM_IC_CaptureCallback               0x08001a05   Thumb Code     2  stm32f4xx_hal_tim.o(i.HAL_TIM_IC_CaptureCallback)
    HAL_TIM_IRQHandler                       0x08001a07   Thumb Code   358  stm32f4xx_hal_tim.o(i.HAL_TIM_IRQHandler)
    HAL_TIM_OC_DelayElapsedCallback          0x08001b6d   Thumb Code     2  stm32f4xx_hal_tim.o(i.HAL_TIM_OC_DelayElapsedCallback)
    HAL_TIM_PWM_PulseFinishedCallback        0x08001b6f   Thumb Code     2  stm32f4xx_hal_tim.o(i.HAL_TIM_PWM_PulseFinishedCallback)
    HAL_TIM_PeriodElapsedCallback            0x08001b71   Thumb Code     2  stm32f4xx_hal_tim.o(i.HAL_TIM_PeriodElapsedCallback)
    HAL_TIM_TriggerCallback                  0x08001b73   Thumb Code     2  stm32f4xx_hal_tim.o(i.HAL_TIM_TriggerCallback)
    HAL_UART_ErrorCallback                   0x08001b75   Thumb Code     2  stm32f4xx_hal_uart.o(i.HAL_UART_ErrorCallback)
    HAL_UART_IRQHandler                      0x08001b79   Thumb Code   270  stm32f4xx_hal_uart.o(i.HAL_UART_IRQHandler)
    HAL_UART_Init                            0x08001c8d   Thumb Code    98  stm32f4xx_hal_uart.o(i.HAL_UART_Init)
    HAL_UART_MspInit                         0x08001cf1   Thumb Code   110  stm32f4xx_hal_msp.o(i.HAL_UART_MspInit)
    HAL_UART_RxCpltCallback                  0x08001d6d   Thumb Code     2  stm32f4xx_hal_uart.o(i.HAL_UART_RxCpltCallback)
    HAL_UART_Transmit_IT                     0x08001d6f   Thumb Code    62  stm32f4xx_hal_uart.o(i.HAL_UART_Transmit_IT)
    HAL_UART_TxCpltCallback                  0x08001dad   Thumb Code    62  test_usart.o(i.HAL_UART_TxCpltCallback)
    I2C1_ER_IRQHandler                       0x08001df1   Thumb Code     6  stm32f4xx_it.o(i.I2C1_ER_IRQHandler)
    I2C1_EV_IRQHandler                       0x08001dfd   Thumb Code     6  stm32f4xx_it.o(i.I2C1_EV_IRQHandler)
    MadgwickAHRSupdateIMU                    0x0800272d   Thumb Code   524  madgwickahrs.o(i.MadgwickAHRSupdateIMU)
    MemManage_Handler                        0x08002941   Thumb Code     2  stm32f4xx_it.o(i.MemManage_Handler)
    Mpu_temp_c                               0x08002945   Thumb Code     8  mpu6050.o(i.Mpu_temp_c)
    PendSV_Handler                           0x08002951   Thumb Code     2  stm32f4xx_it.o(i.PendSV_Handler)
    SVC_Handler                              0x08002953   Thumb Code     2  stm32f4xx_it.o(i.SVC_Handler)
    SysTick_Handler                          0x08002981   Thumb Code    16  stm32f4xx_it.o(i.SysTick_Handler)
    SystemClock_Config                       0x08002995   Thumb Code   124  main.o(i.SystemClock_Config)
    SystemInit                               0x08002a19   Thumb Code    22  system_stm32f4xx.o(i.SystemInit)
    TIM7_IRQHandler                          0x08002a35   Thumb Code     6  stm32f4xx_it.o(i.TIM7_IRQHandler)
    TIM_Base_SetConfig                       0x08002a41   Thumb Code   156  stm32f4xx_hal_tim.o(i.TIM_Base_SetConfig)
    TX_CopyData                              0x08002b09   Thumb Code   106  test_usart.o(i.TX_CopyData)
    USART3_IRQHandler                        0x08002dc1   Thumb Code     6  stm32f4xx_it.o(i.USART3_IRQHandler)
    USART3_TX_SendData                       0x08002dcd   Thumb Code    48  test_usart.o(i.USART3_TX_SendData)
    USART3_Tx_Initialization                 0x08002e01   Thumb Code    66  test_usart.o(i.USART3_Tx_Initialization)
    UsageFault_Handler                       0x08002e59   Thumb Code     2  stm32f4xx_it.o(i.UsageFault_Handler)
    __0snprintf                              0x08002e5d   Thumb Code    44  printfa.o(i.__0snprintf)
    __1snprintf                              0x08002e5d   Thumb Code     0  printfa.o(i.__0snprintf)
    __2snprintf                              0x08002e5d   Thumb Code     0  printfa.o(i.__0snprintf)
    __c89snprintf                            0x08002e5d   Thumb Code     0  printfa.o(i.__0snprintf)
    snprintf                                 0x08002e5d   Thumb Code     0  printfa.o(i.__0snprintf)
    __ARM_fpclassify                         0x08002e8d   Thumb Code    48  fpclassify.o(i.__ARM_fpclassify)
    __hardfp_atan                            0x08002ee1   Thumb Code   622  atan.o(i.__hardfp_atan)
    __hardfp_atan2                           0x080031b9   Thumb Code   432  atan2.o(i.__hardfp_atan2)
    __kernel_poly                            0x080033e1   Thumb Code   248  poly.o(i.__kernel_poly)
    __mathlib_dbl_infnan                     0x080034d9   Thumb Code    20  dunder.o(i.__mathlib_dbl_infnan)
    __mathlib_dbl_infnan2                    0x080034ed   Thumb Code    20  dunder.o(i.__mathlib_dbl_infnan2)
    __mathlib_dbl_underflow                  0x08003501   Thumb Code    24  dunder.o(i.__mathlib_dbl_underflow)
    __scatterload_copy                       0x08003521   Thumb Code    14  handlers.o(i.__scatterload_copy)
    __scatterload_null                       0x0800352f   Thumb Code     2  handlers.o(i.__scatterload_null)
    __scatterload_zeroinit                   0x08003531   Thumb Code    14  handlers.o(i.__scatterload_zeroinit)
    atan                                     0x08003e09   Thumb Code    16  atan.o(i.atan)
    fabs                                     0x08003e19   Thumb Code    24  fabs.o(i.fabs)
    getBuffPtr                               0x08003e31   Thumb Code     2  getbuffptr.o(i.getBuffPtr)
    getPitch                                 0x08003e35   Thumb Code   134  madgwickahrs.o(i.getPitch)
    getQ_0                                   0x08003ed1   Thumb Code     8  madgwickahrs.o(i.getQ_0)
    getQ_1                                   0x08003edd   Thumb Code     8  madgwickahrs.o(i.getQ_1)
    getQ_2                                   0x08003ee9   Thumb Code     8  madgwickahrs.o(i.getQ_2)
    getQ_3                                   0x08003ef5   Thumb Code     8  madgwickahrs.o(i.getQ_3)
    i2c_read                                 0x08003f01   Thumb Code    88  mpu6050.o(i.i2c_read)
    i2c_write                                0x08003f61   Thumb Code    60  mpu6050.o(i.i2c_write)
    invSqrt                                  0x08003fa5   Thumb Code    40  madgwickahrs.o(i.invSqrt)
    isSetup                                  0x08003fd1   Thumb Code     8  mpu6050.o(i.isSetup)
    main                                     0x08003fdd   Thumb Code   332  main.o(i.main)
    mpu6050_read_sensors                     0x08004159   Thumb Code   316  mpu6050.o(i.mpu6050_read_sensors)
    setFlag                                  0x080042ad   Thumb Code     8  mpu6050.o(i.setFlag)
    setupMPU6050                             0x080042b9   Thumb Code    46  mpu6050.o(i.setupMPU6050)
    test_SetEventsForThisBaseStep            0x080042e9   Thumb Code    18  test.o(i.test_SetEventsForThisBaseStep)
    test_initialize                          0x08004301   Thumb Code    30  test.o(i.test_initialize)
    test_step                                0x08004331   Thumb Code    16  test.o(i.test_step)
    test_step0                               0x08004341   Thumb Code    28  test.o(i.test_step0)
    test_step1                               0x08004361   Thumb Code    34  test.o(i.test_step1)
    AHBPrescTable                            0x08004388   Data          16  system_stm32f4xx.o(.constdata)
    APBPrescTable                            0x08004398   Data           8  system_stm32f4xx.o(.constdata)
    test_M                                   0x080043a0   Data           4  test.o(.constdata)
    __mathlib_zero                           0x08004488   Data           8  qnan.o(.constdata)
    Region$$Table$$Base                      0x08004490   Number         0  anon$$obj.o(Region$$Table)
    Region$$Table$$Limit                     0x080044b0   Number         0  anon$$obj.o(Region$$Table)
    remainAutoReloadTimerLoopVal_S           0x20000008   Data           4  main.o(.data)
    uwTickFreq                               0x2000000c   Data           1  stm32f4xx_hal.o(.data)
    uwTickPrio                               0x20000010   Data           4  stm32f4xx_hal.o(.data)
    uwTick                                   0x20000014   Data           4  stm32f4xx_hal.o(.data)
    SystemCoreClock                          0x20000018   Data           4  system_stm32f4xx.o(.data)
    test_B                                   0x20000058   Data           8  test.o(.data)
    test_M_                                  0x20000060   Data           8  test.o(.data)
    G_SERIAL_TX_Count                        0x20000068   Data           2  test_usart.o(.data)
    G_SERIAL_TX_Conf                         0x2000006c   Data           4  test_usart.o(.data)
    G_SERIAL_TX_Handler                      0x20000070   Data           4  test_usart.o(.data)
    hi2c1                                    0x20000074   Data          84  main.o(.bss)
    htim7                                    0x200000c8   Data          64  main.o(.bss)
    huart3                                   0x20000108   Data          64  main.o(.bss)
    EXTI_Callback                            0x20000158   Data          64  test_exti.o(.bss)
    USART3_TxConf                            0x200001fc   Data          36  test_usart.o(.bss)
    __initial_sp                             0x20000620   Data           0  startup_stm32f407xx.o(STACK)



==============================================================================

Memory Map of the image

  Image Entry point : 0x08000189

  Load Region LR_IROM1 (Base: 0x08000000, Size: 0x00004524, Max: 0x00100000, ABSOLUTE)

    Execution Region ER_IROM1 (Exec base: 0x08000000, Load base: 0x08000000, Size: 0x000044b0, Max: 0x00100000, ABSOLUTE)

    Exec Addr    Load Addr    Size         Type   Attr      Idx    E Section Name        Object

    0x08000000   0x08000000   0x00000188   Data   RO            3    RESET               startup_stm32f407xx.o
    0x08000188   0x08000188   0x00000000   Code   RO         3629  * .ARM.Collect$$$$00000000  mc_w.l(entry.o)
    0x08000188   0x08000188   0x00000004   Code   RO         3948    .ARM.Collect$$$$00000001  mc_w.l(entry2.o)
    0x0800018c   0x0800018c   0x00000004   Code   RO         3951    .ARM.Collect$$$$00000004  mc_w.l(entry5.o)
    0x08000190   0x08000190   0x00000000   Code   RO         3953    .ARM.Collect$$$$00000008  mc_w.l(entry7b.o)
    0x08000190   0x08000190   0x00000000   Code   RO         3955    .ARM.Collect$$$$0000000A  mc_w.l(entry8b.o)
    0x08000190   0x08000190   0x00000008   Code   RO         3956    .ARM.Collect$$$$0000000B  mc_w.l(entry9a.o)
    0x08000198   0x08000198   0x00000000   Code   RO         3958    .ARM.Collect$$$$0000000D  mc_w.l(entry10a.o)
    0x08000198   0x08000198   0x00000000   Code   RO         3960    .ARM.Collect$$$$0000000F  mc_w.l(entry11a.o)
    0x08000198   0x08000198   0x00000004   Code   RO         3949    .ARM.Collect$$$$00002712  mc_w.l(entry2.o)
    0x0800019c   0x0800019c   0x00000024   Code   RO            4    .text               startup_stm32f407xx.o
    0x080001c0   0x080001c0   0x00000062   Code   RO         3632    .text               mc_w.l(uldiv.o)
    0x08000222   0x08000222   0x00000024   Code   RO         3634    .text               mc_w.l(memseta.o)
    0x08000246   0x08000246   0x0000000e   Code   RO         3636    .text               mc_w.l(strlen.o)
    0x08000254   0x08000254   0x0000014e   Code   RO         3899    .text               mf_w.l(dadd.o)
    0x080003a2   0x080003a2   0x000000e4   Code   RO         3901    .text               mf_w.l(dmul.o)
    0x08000486   0x08000486   0x000000de   Code   RO         3903    .text               mf_w.l(ddiv.o)
    0x08000564   0x08000564   0x0000001a   Code   RO         3905    .text               mf_w.l(dfltui.o)
    0x0800057e   0x0800057e   0x00000032   Code   RO         3907    .text               mf_w.l(dfixui.o)
    0x080005b0   0x080005b0   0x00000026   Code   RO         3909    .text               mf_w.l(f2d.o)
    0x080005d6   0x080005d6   0x00000038   Code   RO         3911    .text               mf_w.l(d2f.o)
    0x0800060e   0x0800060e   0x0000002c   Code   RO         3965    .text               mc_w.l(uidiv.o)
    0x0800063a   0x0800063a   0x0000001e   Code   RO         3967    .text               mc_w.l(llshl.o)
    0x08000658   0x08000658   0x00000020   Code   RO         3969    .text               mc_w.l(llushr.o)
    0x08000678   0x08000678   0x00000024   Code   RO         3971    .text               mc_w.l(llsshr.o)
    0x0800069c   0x0800069c   0x00000000   Code   RO         3980    .text               mc_w.l(iusefp.o)
    0x0800069c   0x0800069c   0x0000006e   Code   RO         3981    .text               mf_w.l(fepilogue.o)
    0x0800070a   0x0800070a   0x000000ba   Code   RO         3983    .text               mf_w.l(depilogue.o)
    0x080007c4   0x080007c4   0x00000030   Code   RO         3989    .text               mf_w.l(dfixul.o)
    0x080007f4   0x080007f4   0x00000030   Code   RO         3993    .text               mf_w.l(cdrcmple.o)
    0x08000824   0x08000824   0x00000024   Code   RO         3999    .text               mc_w.l(init.o)
    0x08000848   0x08000848   0x0000000c   Code   RO         3296    i.Accel_x_g         mpu6050.o
    0x08000854   0x08000854   0x0000000c   Code   RO         3297    i.Accel_y_g         mpu6050.o
    0x08000860   0x08000860   0x0000000c   Code   RO         3298    i.Accel_z_g         mpu6050.o
    0x0800086c   0x0800086c   0x00000002   Code   RO          206    i.BusFault_Handler  stm32f4xx_it.o
    0x0800086e   0x0800086e   0x00000002   Code   RO          207    i.DebugMon_Handler  stm32f4xx_it.o
    0x08000870   0x08000870   0x000001c8   Code   RO         3521    i.EXTI0_Callback    test_exti.o
    0x08000a38   0x08000a38   0x00000006   Code   RO          208    i.EXTI0_IRQHandler  stm32f4xx_it.o
    0x08000a3e   0x08000a3e   0x00000002   PAD
    0x08000a40   0x08000a40   0x0000000c   Code   RO         3299    i.Gyro_x_rad        mpu6050.o
    0x08000a4c   0x08000a4c   0x0000000c   Code   RO         3300    i.Gyro_y_rad        mpu6050.o
    0x08000a58   0x08000a58   0x0000000c   Code   RO         3301    i.Gyro_z_rad        mpu6050.o
    0x08000a64   0x08000a64   0x00000024   Code   RO         1272    i.HAL_DMA_Abort_IT  stm32f4xx_hal_dma.o
    0x08000a88   0x08000a88   0x00000006   Code   RO         1275    i.HAL_DMA_GetState  stm32f4xx_hal_dma.o
    0x08000a8e   0x08000a8e   0x00000002   PAD
    0x08000a90   0x08000a90   0x000000a8   Code   RO         3522    i.HAL_GPIO_EXTI_Callback  test_exti.o
    0x08000b38   0x08000b38   0x00000018   Code   RO         1163    i.HAL_GPIO_EXTI_IRQHandler  stm32f4xx_hal_gpio.o
    0x08000b50   0x08000b50   0x000001b8   Code   RO         1164    i.HAL_GPIO_Init     stm32f4xx_hal_gpio.o
    0x08000d08   0x08000d08   0x0000000e   Code   RO         1167    i.HAL_GPIO_TogglePin  stm32f4xx_hal_gpio.o
    0x08000d16   0x08000d16   0x0000000a   Code   RO         1168    i.HAL_GPIO_WritePin  stm32f4xx_hal_gpio.o
    0x08000d20   0x08000d20   0x0000000c   Code   RO         1696    i.HAL_GetTick       stm32f4xx_hal.o
    0x08000d2c   0x08000d2c   0x00000002   Code   RO          364    i.HAL_I2C_AbortCpltCallback  stm32f4xx_hal_i2c.o
    0x08000d2e   0x08000d2e   0x00000002   Code   RO          365    i.HAL_I2C_AddrCallback  stm32f4xx_hal_i2c.o
    0x08000d30   0x08000d30   0x000000ba   Code   RO          368    i.HAL_I2C_ER_IRQHandler  stm32f4xx_hal_i2c.o
    0x08000dea   0x08000dea   0x0000025a   Code   RO          369    i.HAL_I2C_EV_IRQHandler  stm32f4xx_hal_i2c.o
    0x08001044   0x08001044   0x00000002   Code   RO          371    i.HAL_I2C_ErrorCallback  stm32f4xx_hal_i2c.o
    0x08001046   0x08001046   0x00000002   PAD
    0x08001048   0x08001048   0x00000188   Code   RO          375    i.HAL_I2C_Init      stm32f4xx_hal_i2c.o
    0x080011d0   0x080011d0   0x00000002   Code   RO          377    i.HAL_I2C_ListenCpltCallback  stm32f4xx_hal_i2c.o
    0x080011d2   0x080011d2   0x00000002   Code   RO          378    i.HAL_I2C_MasterRxCpltCallback  stm32f4xx_hal_i2c.o
    0x080011d4   0x080011d4   0x00000002   Code   RO          379    i.HAL_I2C_MasterTxCpltCallback  stm32f4xx_hal_i2c.o
    0x080011d6   0x080011d6   0x00000002   Code   RO          391    i.HAL_I2C_MemRxCpltCallback  stm32f4xx_hal_i2c.o
    0x080011d8   0x080011d8   0x00000002   Code   RO          392    i.HAL_I2C_MemTxCpltCallback  stm32f4xx_hal_i2c.o
    0x080011da   0x080011da   0x00000002   PAD
    0x080011dc   0x080011dc   0x0000008c   Code   RO          305    i.HAL_I2C_MspInit   stm32f4xx_hal_msp.o
    0x08001268   0x08001268   0x00000002   Code   RO          401    i.HAL_I2C_SlaveRxCpltCallback  stm32f4xx_hal_i2c.o
    0x0800126a   0x0800126a   0x00000002   Code   RO          402    i.HAL_I2C_SlaveTxCpltCallback  stm32f4xx_hal_i2c.o
    0x0800126c   0x0800126c   0x00000010   Code   RO         1702    i.HAL_IncTick       stm32f4xx_hal.o
    0x0800127c   0x0800127c   0x00000034   Code   RO         1703    i.HAL_Init          stm32f4xx_hal.o
    0x080012b0   0x080012b0   0x00000040   Code   RO         1704    i.HAL_InitTick      stm32f4xx_hal.o
    0x080012f0   0x080012f0   0x00000034   Code   RO          306    i.HAL_MspInit       stm32f4xx_hal_msp.o
    0x08001324   0x08001324   0x0000001a   Code   RO         1553    i.HAL_NVIC_EnableIRQ  stm32f4xx_hal_cortex.o
    0x0800133e   0x0800133e   0x00000002   PAD
    0x08001340   0x08001340   0x00000040   Code   RO         1559    i.HAL_NVIC_SetPriority  stm32f4xx_hal_cortex.o
    0x08001380   0x08001380   0x00000024   Code   RO         1560    i.HAL_NVIC_SetPriorityGrouping  stm32f4xx_hal_cortex.o
    0x080013a4   0x080013a4   0x00000134   Code   RO          810    i.HAL_RCC_ClockConfig  stm32f4xx_hal_rcc.o
    0x080014d8   0x080014d8   0x00000020   Code   RO          817    i.HAL_RCC_GetPCLK1Freq  stm32f4xx_hal_rcc.o
    0x080014f8   0x080014f8   0x00000020   Code   RO          818    i.HAL_RCC_GetPCLK2Freq  stm32f4xx_hal_rcc.o
    0x08001518   0x08001518   0x00000060   Code   RO          819    i.HAL_RCC_GetSysClockFreq  stm32f4xx_hal_rcc.o
    0x08001578   0x08001578   0x0000035c   Code   RO          822    i.HAL_RCC_OscConfig  stm32f4xx_hal_rcc.o
    0x080018d4   0x080018d4   0x00000028   Code   RO         1564    i.HAL_SYSTICK_Config  stm32f4xx_hal_cortex.o
    0x080018fc   0x080018fc   0x00000002   Code   RO         2618    i.HAL_TIMEx_BreakCallback  stm32f4xx_hal_tim_ex.o
    0x080018fe   0x080018fe   0x00000002   Code   RO         2619    i.HAL_TIMEx_CommutCallback  stm32f4xx_hal_tim_ex.o
    0x08001900   0x08001900   0x00000090   Code   RO         2636    i.HAL_TIMEx_MasterConfigSynchronization  stm32f4xx_hal_tim_ex.o
    0x08001990   0x08001990   0x00000036   Code   RO         1943    i.HAL_TIM_Base_Init  stm32f4xx_hal_tim.o
    0x080019c6   0x080019c6   0x00000002   PAD
    0x080019c8   0x080019c8   0x0000003c   Code   RO          308    i.HAL_TIM_Base_MspInit  stm32f4xx_hal_msp.o
    0x08001a04   0x08001a04   0x00000002   Code   RO         1972    i.HAL_TIM_IC_CaptureCallback  stm32f4xx_hal_tim.o
    0x08001a06   0x08001a06   0x00000166   Code   RO         1986    i.HAL_TIM_IRQHandler  stm32f4xx_hal_tim.o
    0x08001b6c   0x08001b6c   0x00000002   Code   RO         1989    i.HAL_TIM_OC_DelayElapsedCallback  stm32f4xx_hal_tim.o
    0x08001b6e   0x08001b6e   0x00000002   Code   RO         2016    i.HAL_TIM_PWM_PulseFinishedCallback  stm32f4xx_hal_tim.o
    0x08001b70   0x08001b70   0x00000002   Code   RO         2024    i.HAL_TIM_PeriodElapsedCallback  stm32f4xx_hal_tim.o
    0x08001b72   0x08001b72   0x00000002   Code   RO         2029    i.HAL_TIM_TriggerCallback  stm32f4xx_hal_tim.o
    0x08001b74   0x08001b74   0x00000002   Code   RO         2890    i.HAL_UART_ErrorCallback  stm32f4xx_hal_uart.o
    0x08001b76   0x08001b76   0x00000002   PAD
    0x08001b78   0x08001b78   0x00000114   Code   RO         2893    i.HAL_UART_IRQHandler  stm32f4xx_hal_uart.o
    0x08001c8c   0x08001c8c   0x00000062   Code   RO         2894    i.HAL_UART_Init     stm32f4xx_hal_uart.o
    0x08001cee   0x08001cee   0x00000002   PAD
    0x08001cf0   0x08001cf0   0x0000007c   Code   RO          310    i.HAL_UART_MspInit  stm32f4xx_hal_msp.o
    0x08001d6c   0x08001d6c   0x00000002   Code   RO         2900    i.HAL_UART_RxCpltCallback  stm32f4xx_hal_uart.o
    0x08001d6e   0x08001d6e   0x0000003e   Code   RO         2904    i.HAL_UART_Transmit_IT  stm32f4xx_hal_uart.o
    0x08001dac   0x08001dac   0x00000044   Code   RO         3558    i.HAL_UART_TxCpltCallback  test_usart.o
    0x08001df0   0x08001df0   0x0000000c   Code   RO          209    i.I2C1_ER_IRQHandler  stm32f4xx_it.o
    0x08001dfc   0x08001dfc   0x0000000c   Code   RO          210    i.I2C1_EV_IRQHandler  stm32f4xx_it.o
    0x08001e08   0x08001e08   0x00000086   Code   RO          413    i.I2C_DMAAbort      stm32f4xx_hal_i2c.o
    0x08001e8e   0x08001e8e   0x00000002   PAD
    0x08001e90   0x08001e90   0x00000154   Code   RO          416    i.I2C_ITError       stm32f4xx_hal_i2c.o
    0x08001fe4   0x08001fe4   0x000000d2   Code   RO          418    i.I2C_MasterReceive_BTF  stm32f4xx_hal_i2c.o
    0x080020b6   0x080020b6   0x00000092   Code   RO          419    i.I2C_MasterReceive_RXNE  stm32f4xx_hal_i2c.o
    0x08002148   0x08002148   0x00000092   Code   RO          422    i.I2C_MasterTransmit_BTF  stm32f4xx_hal_i2c.o
    0x080021da   0x080021da   0x00000002   PAD
    0x080021dc   0x080021dc   0x000000b6   Code   RO          423    i.I2C_MasterTransmit_TXE  stm32f4xx_hal_i2c.o
    0x08002292   0x08002292   0x00000002   PAD
    0x08002294   0x08002294   0x00000118   Code   RO          424    i.I2C_Master_ADDR   stm32f4xx_hal_i2c.o
    0x080023ac   0x080023ac   0x0000008c   Code   RO          425    i.I2C_Master_SB     stm32f4xx_hal_i2c.o
    0x08002438   0x08002438   0x0000006c   Code   RO          426    i.I2C_MemoryTransmit_TXE_BTF  stm32f4xx_hal_i2c.o
    0x080024a4   0x080024a4   0x00000084   Code   RO          429    i.I2C_Slave_AF      stm32f4xx_hal_i2c.o
    0x08002528   0x08002528   0x0000015c   Code   RO          430    i.I2C_Slave_STOPF   stm32f4xx_hal_i2c.o
    0x08002684   0x08002684   0x000000a8   Code   RO           14    i.MX_GPIO_Init      main.o
    0x0800272c   0x0800272c   0x00000214   Code   RO         3231    i.MadgwickAHRSupdateIMU  madgwickahrs.o
    0x08002940   0x08002940   0x00000002   Code   RO          211    i.MemManage_Handler  stm32f4xx_it.o
    0x08002942   0x08002942   0x00000002   PAD
    0x08002944   0x08002944   0x0000000c   Code   RO         3303    i.Mpu_temp_c        mpu6050.o
    0x08002950   0x08002950   0x00000002   Code   RO          212    i.PendSV_Handler    stm32f4xx_it.o
    0x08002952   0x08002952   0x00000002   Code   RO          213    i.SVC_Handler       stm32f4xx_it.o
    0x08002954   0x08002954   0x0000002c   Code   RO           15    i.SysTick_Config    main.o
    0x08002980   0x08002980   0x00000014   Code   RO          214    i.SysTick_Handler   stm32f4xx_it.o
    0x08002994   0x08002994   0x00000084   Code   RO           16    i.SystemClock_Config  main.o
    0x08002a18   0x08002a18   0x0000001c   Code   RO         3196    i.SystemInit        system_stm32f4xx.o
    0x08002a34   0x08002a34   0x0000000c   Code   RO          215    i.TIM7_IRQHandler   stm32f4xx_it.o
    0x08002a40   0x08002a40   0x000000c8   Code   RO         2031    i.TIM_Base_SetConfig  stm32f4xx_hal_tim.o
    0x08002b08   0x08002b08   0x0000006a   Code   RO         3559    i.TX_CopyData       test_usart.o
    0x08002b72   0x08002b72   0x00000010   Code   RO         2907    i.UART_DMAAbortOnError  stm32f4xx_hal_uart.o
    0x08002b82   0x08002b82   0x0000001c   Code   RO         2917    i.UART_EndRxTransfer  stm32f4xx_hal_uart.o
    0x08002b9e   0x08002b9e   0x00000096   Code   RO         2919    i.UART_Receive_IT   stm32f4xx_hal_uart.o
    0x08002c34   0x08002c34   0x00000128   Code   RO         2920    i.UART_SetConfig    stm32f4xx_hal_uart.o
    0x08002d5c   0x08002d5c   0x00000062   Code   RO         2921    i.UART_Transmit_IT  stm32f4xx_hal_uart.o
    0x08002dbe   0x08002dbe   0x00000002   PAD
    0x08002dc0   0x08002dc0   0x0000000c   Code   RO          216    i.USART3_IRQHandler  stm32f4xx_it.o
    0x08002dcc   0x08002dcc   0x00000034   Code   RO         3560    i.USART3_TX_SendData  test_usart.o
    0x08002e00   0x08002e00   0x00000058   Code   RO         3561    i.USART3_Tx_Initialization  test_usart.o
    0x08002e58   0x08002e58   0x00000002   Code   RO          217    i.UsageFault_Handler  stm32f4xx_it.o
    0x08002e5a   0x08002e5a   0x00000002   PAD
    0x08002e5c   0x08002e5c   0x00000030   Code   RO         3872    i.__0snprintf       mc_w.l(printfa.o)
    0x08002e8c   0x08002e8c   0x00000030   Code   RO         3995    i.__ARM_fpclassify  m_wm.l(fpclassify.o)
    0x08002ebc   0x08002ebc   0x00000020   Code   RO         1566    i.__NVIC_SetPriority  stm32f4xx_hal_cortex.o
    0x08002edc   0x08002edc   0x00000004   PAD
    0x08002ee0   0x08002ee0   0x000002d8   Code   RO         3913    i.__hardfp_atan     m_wm.l(atan.o)
    0x080031b8   0x080031b8   0x000001f0   Code   RO         3605    i.__hardfp_atan2    m_wm.l(atan2.o)
    0x080033a8   0x080033a8   0x0000001c   Code   RO         3304    i.__i2c_start       mpu6050.o
    0x080033c4   0x080033c4   0x0000001c   Code   RO         3305    i.__i2c_stop        mpu6050.o
    0x080033e0   0x080033e0   0x000000f8   Code   RO         3997    i.__kernel_poly     m_wm.l(poly.o)
    0x080034d8   0x080034d8   0x00000014   Code   RO         3928    i.__mathlib_dbl_infnan  m_wm.l(dunder.o)
    0x080034ec   0x080034ec   0x00000014   Code   RO         3929    i.__mathlib_dbl_infnan2  m_wm.l(dunder.o)
    0x08003500   0x08003500   0x00000020   Code   RO         3933    i.__mathlib_dbl_underflow  m_wm.l(dunder.o)
    0x08003520   0x08003520   0x0000000e   Code   RO         4005    i.__scatterload_copy  mc_w.l(handlers.o)
    0x0800352e   0x0800352e   0x00000002   Code   RO         4006    i.__scatterload_null  mc_w.l(handlers.o)
    0x08003530   0x08003530   0x0000000e   Code   RO         4007    i.__scatterload_zeroinit  mc_w.l(handlers.o)
    0x0800353e   0x0800353e   0x00000002   PAD
    0x08003540   0x08003540   0x00000184   Code   RO         3878    i._fp_digits        mc_w.l(printfa.o)
    0x080036c4   0x080036c4   0x000006dc   Code   RO         3879    i._printf_core      mc_w.l(printfa.o)
    0x08003da0   0x08003da0   0x00000024   Code   RO         3880    i._printf_post_padding  mc_w.l(printfa.o)
    0x08003dc4   0x08003dc4   0x0000002e   Code   RO         3881    i._printf_pre_padding  mc_w.l(printfa.o)
    0x08003df2   0x08003df2   0x00000016   Code   RO         3882    i._snputc           mc_w.l(printfa.o)
    0x08003e08   0x08003e08   0x00000010   Code   RO         3915    i.atan              m_wm.l(atan.o)
    0x08003e18   0x08003e18   0x00000018   Code   RO         3943    i.fabs              m_wm.l(fabs.o)
    0x08003e30   0x08003e30   0x00000002   Code   RO         3430    i.getBuffPtr        getbuffptr.o
    0x08003e32   0x08003e32   0x00000002   PAD
    0x08003e34   0x08003e34   0x0000009c   Code   RO         3232    i.getPitch          madgwickahrs.o
    0x08003ed0   0x08003ed0   0x0000000c   Code   RO         3233    i.getQ_0            madgwickahrs.o
    0x08003edc   0x08003edc   0x0000000c   Code   RO         3234    i.getQ_1            madgwickahrs.o
    0x08003ee8   0x08003ee8   0x0000000c   Code   RO         3235    i.getQ_2            madgwickahrs.o
    0x08003ef4   0x08003ef4   0x0000000c   Code   RO         3236    i.getQ_3            madgwickahrs.o
    0x08003f00   0x08003f00   0x00000060   Code   RO         3307    i.i2c_read          mpu6050.o
    0x08003f60   0x08003f60   0x00000044   Code   RO         3308    i.i2c_write         mpu6050.o
    0x08003fa4   0x08003fa4   0x0000002c   Code   RO         3237    i.invSqrt           madgwickahrs.o
    0x08003fd0   0x08003fd0   0x0000000c   Code   RO         3309    i.isSetup           mpu6050.o
    0x08003fdc   0x08003fdc   0x0000017c   Code   RO           17    i.main              main.o
    0x08004158   0x08004158   0x00000154   Code   RO         3310    i.mpu6050_read_sensors  mpu6050.o
    0x080042ac   0x080042ac   0x0000000c   Code   RO         3311    i.setFlag           mpu6050.o
    0x080042b8   0x080042b8   0x0000002e   Code   RO         3313    i.setupMPU6050      mpu6050.o
    0x080042e6   0x080042e6   0x00000002   PAD
    0x080042e8   0x080042e8   0x00000018   Code   RO         3445    i.test_SetEventsForThisBaseStep  test.o
    0x08004300   0x08004300   0x00000030   Code   RO         3446    i.test_initialize   test.o
    0x08004330   0x08004330   0x00000010   Code   RO         3447    i.test_step         test.o
    0x08004340   0x08004340   0x00000020   Code   RO         3448    i.test_step0        test.o
    0x08004360   0x08004360   0x00000028   Code   RO         3449    i.test_step1        test.o
    0x08004388   0x08004388   0x00000010   Data   RO         3197    .constdata          system_stm32f4xx.o
    0x08004398   0x08004398   0x00000008   Data   RO         3198    .constdata          system_stm32f4xx.o
    0x080043a0   0x080043a0   0x00000004   Data   RO         3450    .constdata          test.o
    0x080043a4   0x080043a4   0x0000004a   Data   RO         3524    .constdata          test_exti.o
    0x080043ee   0x080043ee   0x00000002   PAD
    0x080043f0   0x080043f0   0x00000098   Data   RO         3916    .constdata          m_wm.l(atan.o)
    0x08004488   0x08004488   0x00000008   Data   RO         3947    .constdata          m_wm.l(qnan.o)
    0x08004490   0x08004490   0x00000020   Data   RO         4003    Region$$Table       anon$$obj.o


    Execution Region RW_IRAM2 (Exec base: 0x10000000, Load base: 0x08004524, Size: 0x00000000, Max: 0x00010000, ABSOLUTE)

    **** No section assigned to this execution region ****


    Execution Region RW_IRAM1 (Exec base: 0x20000000, Load base: 0x080044b0, Size: 0x00000620, Max: 0x00020000, ABSOLUTE)

    Exec Addr    Load Addr    Size         Type   Attr      Idx    E Section Name        Object

    0x20000000   0x080044b0   0x0000000c   Data   RW           19    .data               main.o
    0x2000000c   0x080044bc   0x0000000c   Data   RW         1710    .data               stm32f4xx_hal.o
    0x20000018   0x080044c8   0x00000004   Data   RW         3199    .data               system_stm32f4xx.o
    0x2000001c   0x080044cc   0x00000014   Data   RW         3238    .data               madgwickahrs.o
    0x20000030   0x080044e0   0x00000028   Data   RW         3315    .data               mpu6050.o
    0x20000058   0x08004508   0x00000008   Data   RW         3451    .data               test.o
    0x20000060   0x08004510   0x00000008   Data   RW         3452    .data               test.o
    0x20000068   0x08004518   0x0000000c   Data   RW         3563    .data               test_usart.o
    0x20000074        -       0x000000d4   Zero   RW           18    .bss                main.o
    0x20000148        -       0x0000000e   Zero   RW         3314    .bss                mpu6050.o
    0x20000156   0x08004524   0x00000002   PAD
    0x20000158        -       0x00000040   Zero   RW         3523    .bss                test_exti.o
    0x20000198        -       0x00000088   Zero   RW         3562    .bss                test_usart.o
    0x20000220        -       0x00000400   Zero   RW            1    STACK               startup_stm32f407xx.o


==============================================================================

Image component sizes


      Code (inc. data)   RO Data    RW Data    ZI Data      Debug   Object Name

         2          0          0          0          0        617   getbuffptr.o
       780         50          0         20          0       4701   madgwickahrs.o
       724         80          0         12        212     727487   main.o
       714         86          0         40         14       9885   mpu6050.o
        36          8        392          0       1024        848   startup_stm32f407xx.o
       144         24          0         12          0       8857   stm32f4xx_hal.o
       198         14          0          0          0      34023   stm32f4xx_hal_cortex.o
        42          0          0          0          0       1838   stm32f4xx_hal_dma.o
       488         52          0          0          0       3708   stm32f4xx_hal_gpio.o
      3366         44          0          0          0      21993   stm32f4xx_hal_i2c.o
       376         42          0          0          0       2990   stm32f4xx_hal_msp.o
      1328         72          0          0          0       5300   stm32f4xx_hal_rcc.o
       622         44          0          0          0       6749   stm32f4xx_hal_tim.o
       148         28          0          0          0       2505   stm32f4xx_hal_tim_ex.o
      1028         16          0          0          0       7832   stm32f4xx_hal_uart.o
        86         28          0          0          0       5647   stm32f4xx_it.o
        28          6         24          4          0       1167   system_stm32f4xx.o
       160         34          4         16          0       4720   test.o
       624         20         74          0         64       2230   test_exti.o
       314         32          0         12        136       4400   test_usart.o

    ----------------------------------------------------------------------
     11244        680        528        116       1452     857497   Object Totals
         0          0         32          0          0          0   (incl. Generated)
        36          0          2          0          2          0   (incl. Padding)

    ----------------------------------------------------------------------

      Code (inc. data)   RO Data    RW Data    ZI Data      Debug   Library Member Name

       744        106        152          0          0        352   atan.o
       496         64          0          0          0        192   atan2.o
        72          8          0          0          0        372   dunder.o
        24          0          0          0          0        124   fabs.o
        48          0          0          0          0        124   fpclassify.o
       248          0          0          0          0        152   poly.o
         0          0          8          0          0          0   qnan.o
         0          0          0          0          0          0   entry.o
         0          0          0          0          0          0   entry10a.o
         0          0          0          0          0          0   entry11a.o
         8          4          0          0          0          0   entry2.o
         4          0          0          0          0          0   entry5.o
         0          0          0          0          0          0   entry7b.o
         0          0          0          0          0          0   entry8b.o
         8          4          0          0          0          0   entry9a.o
        30          0          0          0          0          0   handlers.o
        36          8          0          0          0         68   init.o
         0          0          0          0          0          0   iusefp.o
        30          0          0          0          0         68   llshl.o
        36          0          0          0          0         68   llsshr.o
        32          0          0          0          0         68   llushr.o
        36          0          0          0          0        108   memseta.o
      2296         84          0          0          0        520   printfa.o
        14          0          0          0          0         68   strlen.o
        44          0          0          0          0         80   uidiv.o
        98          0          0          0          0         92   uldiv.o
        48          0          0          0          0         68   cdrcmple.o
        56          0          0          0          0         88   d2f.o
       334          0          0          0          0        148   dadd.o
       222          0          0          0          0        100   ddiv.o
       186          0          0          0          0        176   depilogue.o
        50          0          0          0          0         76   dfixui.o
        48          0          0          0          0         68   dfixul.o
        26          0          0          0          0         76   dfltui.o
       228          0          0          0          0         96   dmul.o
        38          0          0          0          0         68   f2d.o
       110          0          0          0          0        168   fepilogue.o

    ----------------------------------------------------------------------
      5652        278        160          0          0       3588   Library Totals
         2          0          0          0          0          0   (incl. Padding)

    ----------------------------------------------------------------------

      Code (inc. data)   RO Data    RW Data    ZI Data      Debug   Library Name

      1632        178        160          0          0       1316   m_wm.l
      2672        100          0          0          0       1140   mc_w.l
      1346          0          0          0          0       1132   mf_w.l

    ----------------------------------------------------------------------
      5652        278        160          0          0       3588   Library Totals

    ----------------------------------------------------------------------

==============================================================================


      Code (inc. data)   RO Data    RW Data    ZI Data      Debug   

     16896        958        688        116       1452     848245   Grand Totals
     16896        958        688        116       1452     848245   ELF Image Totals
     16896        958        688        116          0          0   ROM Totals

==============================================================================

    Total RO  Size (Code + RO Data)                17584 (  17.17kB)
    Total RW  Size (RW Data + ZI Data)              1568 (   1.53kB)
    Total ROM Size (Code + RO Data + RW Data)      17700 (  17.29kB)

==============================================================================

